Component: ARM Compiler 5.06 update 6 (build 750) Tool: armlink [4d35ed]

==============================================================================

Section Cross References

    main.o(i.Key_task) refers to _printf_percent.o(.ARM.Collect$$_printf_percent$$00000000) for _printf_percent
    main.o(i.Key_task) refers to _printf_s.o(.ARM.Collect$$_printf_percent$$00000014) for _printf_s
    main.o(i.Key_task) refers to _printf_str.o(.text) for _printf_str
    main.o(i.Key_task) refers to drv_key.o(i.drv_key_Scan) for drv_key_Scan
    main.o(i.Key_task) refers to __2printf.o(.text) for __2printf
    main.o(i.Key_task) refers to tasks.o(i.vTaskDelay) for vTaskDelay
    main.o(i.Key_task) refers to tasks.o(i.vTaskList) for vTaskList
    main.o(i.Key_task) refers to tasks.o(i.vTaskGetRunTimeStats) for vTaskGetRunTimeStats
    main.o(i.Key_task) refers to ini.o(i.ReadIAP) for ReadIAP
    main.o(i.Key_task) refers to ini.o(i.SystemReset) for SystemReset
    main.o(i.Key_task) refers to drv_usart1.o(i.drv_Usart1_SendString) for drv_Usart1_SendString
    main.o(i.led0_task) refers to tasks.o(i.vTaskDelay) for vTaskDelay
    main.o(i.led1_task) refers to tasks.o(i.vTaskDelay) for vTaskDelay
    main.o(i.main) refers to misc.o(i.NVIC_PriorityGroupConfig) for NVIC_PriorityGroupConfig
    main.o(i.main) refers to delay.o(i.delay_init) for delay_init
    main.o(i.main) refers to stmflash.o(i.STM_FLASH_Init) for STM_FLASH_Init
    main.o(i.main) refers to drv_usart1.o(i.drv_Usart1_Init) for drv_Usart1_Init
    main.o(i.main) refers to cli_serial.o(i.xUsart2Init) for xUsart2Init
    main.o(i.main) refers to drv_key.o(i.drv_key_Init) for drv_key_Init
    main.o(i.main) refers to drv_led.o(i.drv_LED_Init) for drv_LED_Init
    main.o(i.main) refers to drv_time.o(i.drv_TIM6_Init) for drv_TIM6_Init
    main.o(i.main) refers to easyflash.o(i.easyflash_init) for easyflash_init
    main.o(i.main) refers to cmd_fun.o(i.CMD_Init) for CMD_Init
    main.o(i.main) refers to comm.o(i.init_serial_boot) for init_serial_boot
    main.o(i.main) refers to tasks.o(i.xTaskCreate) for xTaskCreate
    main.o(i.main) refers to tasks.o(i.vTaskStartScheduler) for vTaskStartScheduler
    main.o(i.main) refers to main.o(.data) for .data
    main.o(i.main) refers to main.o(i.start_task) for start_task
    main.o(i.start_task) refers to port.o(i.vPortEnterCritical) for vPortEnterCritical
    main.o(i.start_task) refers to uartcommandconsole.o(i.vUARTCommandConsoleStart) for vUARTCommandConsoleStart
    main.o(i.start_task) refers to tasks.o(i.xTaskCreate) for xTaskCreate
    main.o(i.start_task) refers to tasks.o(i.vTaskDelete) for vTaskDelete
    main.o(i.start_task) refers to port.o(i.vPortExitCritical) for vPortExitCritical
    main.o(i.start_task) refers to main.o(.data) for .data
    main.o(i.start_task) refers to main.o(i.led0_task) for led0_task
    main.o(i.start_task) refers to main.o(i.led1_task) for led1_task
    main.o(i.start_task) refers to main.o(i.Key_task) for Key_task
    main.o(i.start_task) refers to main.o(i.vTaskMsgPro) for vTaskMsgPro
    main.o(i.vTaskMsgPro) refers to comm.o(i.DealSerialParse) for DealSerialParse
    main.o(i.vTaskMsgPro) refers to comm.o(i.DealRxData) for DealRxData
    main.o(i.vTaskMsgPro) refers to tasks.o(i.vTaskDelay) for vTaskDelay
    system_stm32f4xx.o(i.SystemCoreClockUpdate) refers to system_stm32f4xx.o(.data) for .data
    system_stm32f4xx.o(i.SystemInit) refers to system_stm32f4xx.o(i.SetSysClock) for SetSysClock
    test.o(i.COMProcessHelp) refers to __2printf.o(.text) for __2printf
    test.o(i.FlashTest) refers to _printf_pad.o(.text) for _printf_pre_padding
    test.o(i.FlashTest) refers to _printf_percent.o(.ARM.Collect$$_printf_percent$$00000000) for _printf_percent
    test.o(i.FlashTest) refers to _printf_d.o(.ARM.Collect$$_printf_percent$$00000009) for _printf_d
    test.o(i.FlashTest) refers to _printf_x.o(.ARM.Collect$$_printf_percent$$0000000C) for _printf_x
    test.o(i.FlashTest) refers to _printf_s.o(.ARM.Collect$$_printf_percent$$00000014) for _printf_s
    test.o(i.FlashTest) refers to _printf_dec.o(.text) for _printf_int_dec
    test.o(i.FlashTest) refers to _printf_hex_int_ll_ptr.o(.text) for _printf_longlong_hex
    test.o(i.FlashTest) refers to _printf_str.o(.text) for _printf_str
    test.o(i.FlashTest) refers to rt_memclr_w.o(.text) for __aeabi_memclr4
    test.o(i.FlashTest) refers to sfud.o(i.sfud_get_device_table) for sfud_get_device_table
    test.o(i.FlashTest) refers to sfud.o(i.sfud_erase) for sfud_erase
    test.o(i.FlashTest) refers to __2printf.o(.text) for __2printf
    test.o(i.FlashTest) refers to sfud.o(i.sfud_write) for sfud_write
    test.o(i.FlashTest) refers to sfud.o(i.sfud_read) for sfud_read
    test.o(i.FlashTest) refers to test.o(.conststring) for .conststring
    test.o(i.create_objects) refers to cjson.o(i.cJSON_CreateObject) for cJSON_CreateObject
    test.o(i.create_objects) refers to cjson.o(i.cJSON_CreateString) for cJSON_CreateString
[...]
    __2printf                                0x08010471   Thumb Code    20  __2printf.o(.text)
    __2sprintf                               0x08010489   Thumb Code    38  __2sprintf.o(.text)
    _printf_pre_padding                      0x080104b5   Thumb Code    44  _printf_pad.o(.text)
    _printf_post_padding                     0x080104e1   Thumb Code    34  _printf_pad.o(.text)
    _printf_str                              0x08010503   Thumb Code    82  _printf_str.o(.text)
    _printf_int_dec                          0x08010555   Thumb Code   104  _printf_dec.o(.text)
    _printf_longlong_hex                     0x080105cd   Thumb Code    86  _printf_hex_int_ll_ptr.o(.text)
    _printf_int_hex                          0x08010623   Thumb Code    28  _printf_hex_int_ll_ptr.o(.text)
    _printf_ll_hex                           0x0801063f   Thumb Code    12  _printf_hex_int_ll_ptr.o(.text)
    _printf_hex_ptr                          0x0801064b   Thumb Code    18  _printf_hex_int_ll_ptr.o(.text)
    __printf                                 0x08010661   Thumb Code   388  __printf_flags_ss_wp.o(.text)
    exit                                     0x080107e9   Thumb Code    18  exit.o(.text)
    strncat                                  0x080107fb   Thumb Code    36  strncat.o(.text)
    strcpy                                   0x0801081f   Thumb Code    72  strcpy.o(.text)
    strlen                                   0x08010867   Thumb Code    62  strlen.o(.text)
    strncmp                                  0x080108a5   Thumb Code   150  strncmp.o(.text)
    strcat                                   0x0801093b   Thumb Code    24  strcat.o(.text)
    __aeabi_memcpy                           0x08010953   Thumb Code     0  rt_memcpy_v6.o(.text)
    __rt_memcpy                              0x08010953   Thumb Code   138  rt_memcpy_v6.o(.text)
    _memcpy_lastbytes                        0x080109b9   Thumb Code     0  rt_memcpy_v6.o(.text)
    __aeabi_memcpy4                          0x080109dd   Thumb Code     0  rt_memcpy_w.o(.text)
    __aeabi_memcpy8                          0x080109dd   Thumb Code     0  rt_memcpy_w.o(.text)
    __rt_memcpy_w                            0x080109dd   Thumb Code   100  rt_memcpy_w.o(.text)
    _memcpy_lastbytes_aligned                0x08010a25   Thumb Code     0  rt_memcpy_w.o(.text)
    __aeabi_memset                           0x08010a41   Thumb Code    16  aeabi_memset.o(.text)
    __aeabi_memclr                           0x08010a51   Thumb Code     0  rt_memclr.o(.text)
    __rt_memclr                              0x08010a51   Thumb Code    68  rt_memclr.o(.text)
    _memset                                  0x08010a55   Thumb Code     0  rt_memclr.o(.text)
    __aeabi_memclr4                          0x08010a95   Thumb Code     0  rt_memclr_w.o(.text)
    __aeabi_memclr8                          0x08010a95   Thumb Code     0  rt_memclr_w.o(.text)
    __rt_memclr_w                            0x08010a95   Thumb Code    78  rt_memclr_w.o(.text)
    _memset_w                                0x08010a99   Thumb Code     0  rt_memclr_w.o(.text)
    strncpy                                  0x08010ae3   Thumb Code    86  strncpy.o(.text)
    strcmp                                   0x08010b39   Thumb Code   128  strcmpv7m.o(.text)
    __use_two_region_memory                  0x08010bb9   Thumb Code     2  heapauxi.o(.text)
    __rt_heap_escrow$2region                 0x08010bbb   Thumb Code     2  heapauxi.o(.text)
    __rt_heap_expand$2region                 0x08010bbd   Thumb Code     2  heapauxi.o(.text)
    __I$use$semihosting                      0x08010bbf   Thumb Code     0  use_no_semi.o(.text)
    __use_no_semihosting_swi                 0x08010bbf   Thumb Code     2  use_no_semi.o(.text)
    __rt_ctype_table                         0x08010bc1   Thumb Code    16  rt_ctype_table.o(.text)
    _printf_truncate_signed                  0x08010bd1   Thumb Code    18  _printf_truncate.o(.text)
    _printf_truncate_unsigned                0x08010be3   Thumb Code    18  _printf_truncate.o(.text)
    _printf_int_common                       0x08010bf5   Thumb Code   178  _printf_intcommon.o(.text)
    _printf_charcount                        0x08010ca7   Thumb Code    40  _printf_charcount.o(.text)
    __lib_sel_fp_printf                      0x08010ccf   Thumb Code     2  _printf_fp_dec.o(.text)
    _printf_fp_dec_real                      0x08010e81   Thumb Code   620  _printf_fp_dec.o(.text)
    _printf_char_common                      0x080110f7   Thumb Code    32  _printf_char_common.o(.text)
    _sputc                                   0x0801111d   Thumb Code    10  _sputc.o(.text)
    _snputc                                  0x08011127   Thumb Code    16  _snputc.o(.text)
    _printf_cs_common                        0x08011137   Thumb Code    20  _printf_char.o(.text)
    _printf_char                             0x0801114b   Thumb Code    16  _printf_char.o(.text)
    _printf_string                           0x0801115b   Thumb Code     8  _printf_char.o(.text)
    _printf_char_file                        0x08011165   Thumb Code    32  _printf_char_file.o(.text)
    _printf_wctomb                           0x08011189   Thumb Code   182  _printf_wctomb.o(.text)
    _printf_longlong_dec                     0x08011245   Thumb Code   108  _printf_longlong_dec.o(.text)
    _printf_longlong_oct                     0x080112c1   Thumb Code    66  _printf_oct_int_ll.o(.text)
    _printf_int_oct                          0x08011303   Thumb Code    24  _printf_oct_int_ll.o(.text)
    _printf_ll_oct                           0x0801131b   Thumb Code    12  _printf_oct_int_ll.o(.text)
    __user_libspace                          0x08011331   Thumb Code     8  libspace.o(.text)
    __user_perproc_libspace                  0x08011331   Thumb Code     0  libspace.o(.text)
    __user_perthread_libspace                0x08011331   Thumb Code     0  libspace.o(.text)
    __rt_locale                              0x08011339   Thumb Code     8  rt_locale_intlibspace.o(.text)
    _ll_udiv10                               0x08011341   Thumb Code   138  lludiv10.o(.text)
    _printf_fp_hex_real                      0x080113cd   Thumb Code   756  _printf_fp_hex.o(.text)
    _printf_fp_infnan                        0x080116c9   Thumb Code   112  _printf_fp_infnan.o(.text)
    _printf_lcs_common                       0x08011749   Thumb Code    20  _printf_wchar.o(.text)
    _printf_wchar                            0x0801175d   Thumb Code    16  _printf_wchar.o(.text)
    _printf_wstring                          0x0801176d   Thumb Code     8  _printf_wchar.o(.text)
    _btod_etento                             0x08011775   Thumb Code   224  bigflt0.o(.text)
    ferror                                   0x08011859   Thumb Code     8  ferror.o(.text)
    _wcrtomb                                 0x08011861   Thumb Code    64  _wcrtomb.o(.text)
    __user_setup_stackheap                   0x080118a1   Thumb Code    74  sys_stackheap_outer.o(.text)
    _btod_d2e                                0x080118eb   Thumb Code    62  btod.o(CL$$btod_d2e)
    _d2e_denorm_low                          0x08011929   Thumb Code    70  btod.o(CL$$btod_d2e_denorm_low)
    _d2e_norm_op1                            0x0801196f   Thumb Code    96  btod.o(CL$$btod_d2e_norm_op1)
    __btod_div_common                        0x080119cf   Thumb Code   696  btod.o(CL$$btod_div_common)
    _e2e                                     0x08011d07   Thumb Code   220  btod.o(CL$$btod_e2e)
    _btod_ediv                               0x08011de3   Thumb Code    42  btod.o(CL$$btod_ediv)
    _btod_emul                               0x08011e0d   Thumb Code    42  btod.o(CL$$btod_emul)
    __btod_mult_common                       0x08011e37   Thumb Code   580  btod.o(CL$$btod_mult_common)
    BusFault_Handler                         0x0801207b   Thumb Code     2  stm32f4xx_it.o(i.BusFault_Handler)
    CMD_Init                                 0x0801207d   Thumb Code    24  cmd_fun.o(i.CMD_Init)
    DealRxData                               0x08012099   Thumb Code   124  comm.o(i.DealRxData)
    DealSerialParse                          0x08012191   Thumb Code   156  comm.o(i.DealSerialParse)
    DebugMon_Handler                         0x0801224d   Thumb Code     2  stm32f4xx_it.o(i.DebugMon_Handler)
    FLASH_ClearFlag                          0x08012251   Thumb Code     6  stm32f4xx_flash.o(i.FLASH_ClearFlag)
    FLASH_Unlock                             0x0801225d   Thumb Code    22  stm32f4xx_flash.o(i.FLASH_Unlock)
    FreeRTOS_CLIGetOutputBuffer              0x08012281   Thumb Code     4  freertos_cli.o(i.FreeRTOS_CLIGetOutputBuffer)
    FreeRTOS_CLIGetParameter                 0x08012289   Thumb Code    70  freertos_cli.o(i.FreeRTOS_CLIGetParameter)
    FreeRTOS_CLIProcessCommand               0x080122d1   Thumb Code   194  freertos_cli.o(i.FreeRTOS_CLIProcessCommand)
    FreeRTOS_CLIRegisterCommand              0x080123a1   Thumb Code    74  freertos_cli.o(i.FreeRTOS_CLIRegisterCommand)
    GPIO_Init                                0x080123f1   Thumb Code   120  stm32f4xx_gpio.o(i.GPIO_Init)
    GPIO_PinAFConfig                         0x08012469   Thumb Code    32  stm32f4xx_gpio.o(i.GPIO_PinAFConfig)
    GPIO_ResetBits                           0x08012489   Thumb Code     4  stm32f4xx_gpio.o(i.GPIO_ResetBits)
    GPIO_SetBits                             0x0801248d   Thumb Code     4  stm32f4xx_gpio.o(i.GPIO_SetBits)
    HardFault_Handler                        0x08012491   Thumb Code    26  stm32f4xx_it.o(i.HardFault_Handler)
    Key_task                                 0x080124dd   Thumb Code   114  main.o(i.Key_task)
    MemManage_Handler                        0x08012611   Thumb Code     2  stm32f4xx_it.o(i.MemManage_Handler)
    NMI_Handler                              0x08012613   Thumb Code     2  stm32f4xx_it.o(i.NMI_Handler)
    NVIC_Init                                0x08012615   Thumb Code    96  misc.o(i.NVIC_Init)
    NVIC_PriorityGroupConfig                 0x08012679   Thumb Code    10  misc.o(i.NVIC_PriorityGroupConfig)
    RCC_AHB1PeriphClockCmd                   0x0801268d   Thumb Code    18  stm32f4xx_rcc.o(i.RCC_AHB1PeriphClockCmd)
    RCC_APB1PeriphClockCmd                   0x080126a5   Thumb Code    18  stm32f4xx_rcc.o(i.RCC_APB1PeriphClockCmd)
    RCC_APB1PeriphResetCmd                   0x080126bd   Thumb Code    18  stm32f4xx_rcc.o(i.RCC_APB1PeriphResetCmd)
    RCC_APB2PeriphClockCmd                   0x080126d5   Thumb Code    18  stm32f4xx_rcc.o(i.RCC_APB2PeriphClockCmd)
    RCC_APB2PeriphResetCmd                   0x080126ed   Thumb Code    18  stm32f4xx_rcc.o(i.RCC_APB2PeriphResetCmd)
    RCC_GetClocksFreq                        0x08012705   Thumb Code   132  stm32f4xx_rcc.o(i.RCC_GetClocksFreq)
    ReadIAP                                  0x08012795   Thumb Code   156  ini.o(i.ReadIAP)
    SPI_CalculateCRC                         0x080128d1   Thumb Code    20  stm32f4xx_spi.o(i.SPI_CalculateCRC)
    SPI_Cmd                                  0x080128e5   Thumb Code    20  stm32f4xx_spi.o(i.SPI_Cmd)
    SPI_I2S_DeInit                           0x080128f9   Thumb Code   108  stm32f4xx_spi.o(i.SPI_I2S_DeInit)
    SPI_I2S_GetFlagStatus                    0x0801297d   Thumb Code    14  stm32f4xx_spi.o(i.SPI_I2S_GetFlagStatus)
    SPI_I2S_ReceiveData                      0x0801298b   Thumb Code     4  stm32f4xx_spi.o(i.SPI_I2S_ReceiveData)
    SPI_I2S_SendData                         0x0801298f   Thumb Code     4  stm32f4xx_spi.o(i.SPI_I2S_SendData)
    SPI_Init                                 0x08012993   Thumb Code    56  stm32f4xx_spi.o(i.SPI_Init)
    STM_FLASH_Init                           0x080129cb   Thumb Code    16  stmflash.o(i.STM_FLASH_Init)
    SendData                                 0x080129dd   Thumb Code   188  comm.o(i.SendData)
    SysTick_CLKSourceConfig                  0x08012b91   Thumb Code    24  misc.o(i.SysTick_CLKSourceConfig)
    SysTick_Handler                          0x08012ba9   Thumb Code    20  delay.o(i.SysTick_Handler)
    SystemInit                               0x08012bbd   Thumb Code    72  system_stm32f4xx.o(i.SystemInit)
    SystemReset                              0x08012c19   Thumb Code    54  ini.o(i.SystemReset)
    TIM6_DAC_IRQHandler                      0x08012c85   Thumb Code    38  drv_time.o(i.TIM6_DAC_IRQHandler)
    TIM_ARRPreloadConfig                     0x08012cb5   Thumb Code    20  stm32f4xx_tim.o(i.TIM_ARRPreloadConfig)
    TIM_ClearITPendingBit                    0x08012cc9   Thumb Code     6  stm32f4xx_tim.o(i.TIM_ClearITPendingBit)
    TIM_Cmd                                  0x08012ccf   Thumb Code    20  stm32f4xx_tim.o(i.TIM_Cmd)
    TIM_GetITStatus                          0x08012ce3   Thumb Code    24  stm32f4xx_tim.o(i.TIM_GetITStatus)
    TIM_ITConfig                             0x08012cfb   Thumb Code    16  stm32f4xx_tim.o(i.TIM_ITConfig)
    TIM_TimeBaseInit                         0x08012d0d   Thumb Code    96  stm32f4xx_tim.o(i.TIM_TimeBaseInit)
    USART1_IRQHandler                        0x08012d89   Thumb Code   128  drv_usart1.o(i.USART1_IRQHandler)
    USART2_IRQHandler                        0x08012e15   Thumb Code   124  cli_serial.o(i.USART2_IRQHandler)
    USART_ClearFlag                          0x08012e9d   Thumb Code     6  stm32f4xx_usart.o(i.USART_ClearFlag)
    USART_ClearITPendingBit                  0x08012ea3   Thumb Code    12  stm32f4xx_usart.o(i.USART_ClearITPendingBit)
    USART_Cmd                                0x08012eaf   Thumb Code    20  stm32f4xx_usart.o(i.USART_Cmd)
    USART_DeInit                             0x08012ec5   Thumb Code   138  stm32f4xx_usart.o(i.USART_DeInit)
    USART_GetFlagStatus                      0x08012f71   Thumb Code    14  stm32f4xx_usart.o(i.USART_GetFlagStatus)
    USART_GetITStatus                        0x08012f7f   Thumb Code    62  stm32f4xx_usart.o(i.USART_GetITStatus)
    USART_ITConfig                           0x08012fbd   Thumb Code    48  stm32f4xx_usart.o(i.USART_ITConfig)
    USART_Init                               0x08012fed   Thumb Code   164  stm32f4xx_usart.o(i.USART_Init)
    USART_ReceiveData                        0x08013099   Thumb Code     8  stm32f4xx_usart.o(i.USART_ReceiveData)
    USART_SendData                           0x080130a1   Thumb Code     8  stm32f4xx_usart.o(i.USART_SendData)
    UsageFault_Handler                       0x080130a9   Thumb Code     2  stm32f4xx_it.o(i.UsageFault_Handler)
    __ARM_fpclassify                         0x080130ab   Thumb Code    48  fpclassify.o(i.__ARM_fpclassify)
    _is_digit                                0x080130db   Thumb Code    14  __printf_wp.o(i._is_digit)
    _sys_exit                                0x080130e9   Thumb Code     2  cli_serial.o(i._sys_exit)
    delay_init                               0x080137f1   Thumb Code    50  delay.o(i.delay_init)
    delay_ms                                 0x08013829   Thumb Code    52  delay.o(i.delay_ms)
    delay_us                                 0x08013861   Thumb Code    48  delay.o(i.delay_us)
    drv_LED_Init                             0x08013995   Thumb Code    58  drv_led.o(i.drv_LED_Init)
    drv_TIM6_Init                            0x080139d5   Thumb Code   108  drv_time.o(i.drv_TIM6_Init)
    drv_Usart1_Init                          0x08013a4d   Thumb Code   164  drv_usart1.o(i.drv_Usart1_Init)
    drv_Usart1_RecvOne                       0x08013af9   Thumb Code    44  drv_usart1.o(i.drv_Usart1_RecvOne)
    drv_Usart1_SendData                      0x08013b2d   Thumb Code    26  drv_usart1.o(i.drv_Usart1_SendData)
    drv_Usart1_SendOne                       0x08013b49   Thumb Code    36  drv_usart1.o(i.drv_Usart1_SendOne)
    drv_Usart1_SendString                    0x08013b71   Thumb Code    20  drv_usart1.o(i.drv_Usart1_SendString)
    drv_key_Init                             0x08013b85   Thumb Code    58  drv_key.o(i.drv_key_Init)
    drv_key_Scan                             0x08013bc9   Thumb Code   138  drv_key.o(i.drv_key_Scan)
    eTaskGetState                            0x08013c61   Thumb Code   106  tasks.o(i.eTaskGetState)
    easyflash_init                           0x08013cd5   Thumb Code    62  easyflash.o(i.easyflash_init)
    ef_calc_crc32                            0x08013d6d   Thumb Code    32  ef_utils.o(i.ef_calc_crc32)
    ef_del_env                               0x08013d91   Thumb Code    44  ef_env.o(i.ef_del_env)
    ef_env_init                              0x08013de5   Thumb Code    76  ef_env.o(i.ef_env_init)
    ef_env_set_default                       0x08013ec1   Thumb Code   164  ef_env.o(i.ef_env_set_default)
    ef_get_env                               0x08013fdd   Thumb Code    46  ef_env.o(i.ef_get_env)
    ef_get_env_blob                          0x08014051   Thumb Code    82  ef_env.o(i.ef_get_env_blob)
    ef_iap_init                              0x080140c5   Thumb Code    12  ef_iap.o(i.ef_iap_init)
    ef_load_env                              0x080140f1   Thumb Code    62  ef_env.o(i.ef_load_env)
    ef_log_debug                             0x0801413d   Thumb Code    46  ef_port.o(i.ef_log_debug)
    ef_log_info                              0x0801418d   Thumb Code    42  ef_port.o(i.ef_log_info)
    ef_port_env_lock                         0x080141cd   Thumb Code     4  ef_port.o(i.ef_port_env_lock)
    ef_port_env_unlock                       0x080141d1   Thumb Code     4  ef_port.o(i.ef_port_env_unlock)
    ef_port_erase                            0x080141d5   Thumb Code    50  ef_port.o(i.ef_port_erase)
    ef_port_init                             0x08014279   Thumb Code    20  ef_port.o(i.ef_port_init)
    ef_port_read                             0x08014291   Thumb Code    32  ef_port.o(i.ef_port_read)
    ef_port_write                            0x080142b1   Thumb Code    36  ef_port.o(i.ef_port_write)
    ef_print                                 0x080142d5   Thumb Code    28  ef_port.o(i.ef_print)
    ef_print_env                             0x080142f9   Thumb Code    66  ef_env.o(i.ef_print_env)
    ef_set_env                               0x08014395   Thumb Code    26  ef_env.o(i.ef_set_env)
    ef_set_env_blob                          0x080143b1   Thumb Code    48  ef_env.o(i.ef_set_env_blob)
    fputc                                    0x0801458d   Thumb Code    18  cli_serial.o(i.fputc)
    init_serial_boot                         0x080149d9   Thumb Code    12  comm.o(i.init_serial_boot)
    led0_task                                0x080149e9   Thumb Code    24  main.o(i.led0_task)
    led1_task                                0x08014a05   Thumb Code    32  main.o(i.led1_task)
    main                                     0x08014a29   Thumb Code    88  main.o(i.main)
    pvPortMalloc                             0x08015e15   Thumb Code   210  heap_4.o(i.pvPortMalloc)
    pvTaskIncrementMutexHeldCount            0x08015eed   Thumb Code    18  tasks.o(i.pvTaskIncrementMutexHeldCount)
    pxPortInitialiseStack                    0x08015f05   Thumb Code    40  port.o(i.pxPortInitialiseStack)
    retry_delay_100us                        0x0801647d   Thumb Code     6  delay.o(i.retry_delay_100us)
    sfud_chip_erase                          0x080167a5   Thumb Code   174  sfud.o(i.sfud_chip_erase)
    sfud_device_init                         0x080168e5   Thumb Code    64  sfud.o(i.sfud_device_init)
    sfud_erase                               0x080169cd   Thumb Code   288  sfud.o(i.sfud_erase)
    sfud_get_device_table                    0x08016b9d   Thumb Code     4  sfud.o(i.sfud_get_device_table)
    sfud_init                                0x08016ba5   Thumb Code    56  sfud.o(i.sfud_init)
    sfud_log_debug                           0x08016c49   Thumb Code    44  sfud_port.o(i.sfud_log_debug)
    sfud_log_info                            0x08016c8d   Thumb Code    40  sfud_port.o(i.sfud_log_info)
    sfud_read                                0x08016cc5   Thumb Code   184  sfud.o(i.sfud_read)
    sfud_read_status                         0x08016e09   Thumb Code    66  sfud.o(i.sfud_read_status)
    sfud_spi_port_init                       0x08016ea1   Thumb Code   148  sfud_port.o(i.sfud_spi_port_init)
    sfud_write                               0x08016f51   Thumb Code    42  sfud.o(i.sfud_write)
    sfud_write_status                        0x08016f7d   Thumb Code   108  sfud.o(i.sfud_write_status)
    start_task                               0x08017191   Thumb Code   118  main.o(i.start_task)
    uxListRemove                             0x08017291   Thumb Code    38  list.o(i.uxListRemove)
    uxTaskGetSystemState                     0x080172b9   Thumb Code   160  tasks.o(i.uxTaskGetSystemState)
    vListInitialise                          0x08017369   Thumb Code    22  list.o(i.vListInitialise)
    vListInitialiseItem                      0x0801737f   Thumb Code     6  list.o(i.vListInitialiseItem)
    vListInsert                              0x08017385   Thumb Code    48  list.o(i.vListInsert)
    vListInsertEnd                           0x080173b5   Thumb Code    24  list.o(i.vListInsertEnd)
    vPortEnterCritical                       0x080173cd   Thumb Code    54  port.o(i.vPortEnterCritical)
    vPortExitCritical                        0x0801740d   Thumb Code    34  port.o(i.vPortExitCritical)
    vPortFree                                0x08017435   Thumb Code    88  heap_4.o(i.vPortFree)
    vPortSetupTimerInterrupt                 0x08017491   Thumb Code    32  port.o(i.vPortSetupTimerInterrupt)
    vPortValidateInterruptPriority           0x080174b5   Thumb Code    88  port.o(i.vPortValidateInterruptPriority)
    vQueueAddToRegistry                      0x08017515   Thumb Code    32  queue.o(i.vQueueAddToRegistry)
    vQueueWaitForMessageRestricted           0x08017539   Thumb Code    68  queue.o(i.vQueueWaitForMessageRestricted)
    vSerialPutString                         0x0801757d   Thumb Code    28  cli_serial.o(i.vSerialPutString)
    vTaskDelay                               0x08017599   Thumb Code    66  tasks.o(i.vTaskDelay)
    vTaskDelete                              0x080175e5   Thumb Code   156  tasks.o(i.vTaskDelete)
    vTaskGetInfo                             0x08017691   Thumb Code   124  tasks.o(i.vTaskGetInfo)
    vTaskGetRunTimeStats                     0x08017711   Thumb Code   134  tasks.o(i.vTaskGetRunTimeStats)
    vTaskInternalSetTimeOutState             0x080177b5   Thumb Code    12  tasks.o(i.vTaskInternalSetTimeOutState)
    vTaskList                                0x080177c5   Thumb Code   148  tasks.o(i.vTaskList)
    vTaskMissedYield                         0x0801786d   Thumb Code     8  tasks.o(i.vTaskMissedYield)
    vTaskMsgPro                              0x08017879   Thumb Code    16  main.o(i.vTaskMsgPro)
    vTaskPlaceOnEventList                    0x08017889   Thumb Code    44  tasks.o(i.vTaskPlaceOnEventList)
    vTaskPlaceOnEventListRestricted          0x080178b9   Thumb Code    52  tasks.o(i.vTaskPlaceOnEventListRestricted)
    vTaskPriorityDisinheritAfterTimeout      0x080178f1   Thumb Code   162  tasks.o(i.vTaskPriorityDisinheritAfterTimeout)
    vTaskStartScheduler                      0x0801799d   Thumb Code    98  tasks.o(i.vTaskStartScheduler)
    vTaskSuspendAll                          0x08017a15   Thumb Code    10  tasks.o(i.vTaskSuspendAll)
    vTaskSwitchContext                       0x08017a25   Thumb Code   108  tasks.o(i.vTaskSwitchContext)
    vUARTCommandConsoleStart                 0x08017a9d   Thumb Code    54  uartcommandconsole.o(i.vUARTCommandConsoleStart)
    xPortStartScheduler                      0x08017c79   Thumb Code   224  port.o(i.xPortStartScheduler)
    xPortSysTickHandler                      0x08017d6d   Thumb Code    38  port.o(i.xPortSysTickHandler)
    xQueueCreateMutex                        0x08017d99   Thumb Code    36  queue.o(i.xQueueCreateMutex)
    xQueueGenericCreate                      0x08017dbd   Thumb Code    82  queue.o(i.xQueueGenericCreate)
    xQueueGenericReset                       0x08017e11   Thumb Code   132  queue.o(i.xQueueGenericReset)
    xQueueGenericSend                        0x08017e99   Thumb Code   350  queue.o(i.xQueueGenericSend)
    xQueueGenericSendFromISR                 0x08017ffd   Thumb Code   188  queue.o(i.xQueueGenericSendFromISR)
    xQueueReceive                            0x080180b9   Thumb Code   308  queue.o(i.xQueueReceive)
    xQueueReceiveFromISR                     0x080181f1   Thumb Code   154  queue.o(i.xQueueReceiveFromISR)
    xQueueSemaphoreTake                      0x0801828d   Thumb Code   372  queue.o(i.xQueueSemaphoreTake)
    xSerialGetChar                           0x08018405   Thumb Code    18  cli_serial.o(i.xSerialGetChar)
    xSerialPortInitMinimal                   0x0801841d   Thumb Code   224  cli_serial.o(i.xSerialPortInitMinimal)
    xSerialPutChar                           0x08018509   Thumb Code    40  cli_serial.o(i.xSerialPutChar)
    xTaskCheckForTimeOut                     0x08018539   Thumb Code   112  tasks.o(i.xTaskCheckForTimeOut)
    xTaskCreate                              0x080185ad   Thumb Code    86  tasks.o(i.xTaskCreate)
    xTaskGetSchedulerState                   0x08018605   Thumb Code    22  tasks.o(i.xTaskGetSchedulerState)
    xTaskGetTickCount                        0x08018621   Thumb Code     6  tasks.o(i.xTaskGetTickCount)
    xTaskIncrementTick                       0x0801862d   Thumb Code   192  tasks.o(i.xTaskIncrementTick)
    xTaskPriorityDisinherit                  0x080186f5   Thumb Code   144  tasks.o(i.xTaskPriorityDisinherit)
    xTaskPriorityInherit                     0x0801878d   Thumb Code   140  tasks.o(i.xTaskPriorityInherit)
    xTaskRemoveFromEventList                 0x08018821   Thumb Code   108  tasks.o(i.xTaskRemoveFromEventList)
    xTaskResumeAll                           0x08018895   Thumb Code   182  tasks.o(i.xTaskResumeAll)
    xTimerCreateTimerTask                    0x08018959   Thumb Code    58  timers.o(i.xTimerCreateTimerTask)
    xTimerGenericCommand                     0x080189a5   Thumb Code    88  timers.o(i.xTimerGenericCommand)
    xUsart2Init                              0x08018a01   Thumb Code   168  cli_serial.o(i.xUsart2Init)
    _get_lc_ctype                            0x08018ab1   Thumb Code    44  lc_ctype_c.o(locale$$code)
    _get_lc_numeric                          0x08018add   Thumb Code    44  lc_numeric_c.o(locale$$code)
    _fp_init                                 0x08018b09   Thumb Code    10  fpinit.o(x$fpl$fpinit)
    __fplib_config_fpu_vfp                   0x08018b11   Thumb Code     0  fpinit.o(x$fpl$fpinit)
    __fplib_config_pureend_doubles           0x08018b11   Thumb Code     0  fpinit.o(x$fpl$fpinit)
    _printf_fp_dec                           0x08018b13   Thumb Code     4  printf1.o(x$fpl$printf1)
    _printf_fp_hex                           0x08018b17   Thumb Code     4  printf2.o(x$fpl$printf2)
    __I$use$fp                               0x08018b1a   Number         0  usenofp.o(x$fpl$usenofp)
    Region$$Table$$Base                      0x08019e14   Number         0  anon$$obj.o(Region$$Table)
    Region$$Table$$Limit                     0x08019e34   Number         0  anon$$obj.o(Region$$Table)
    __ctype                                  0x08019e41   Data           0  lc_ctype_c.o(locale$$data)
    mem3base                                 0x10000000   Data       51200  malloc.o(.ARM.__AT_0x10000000)
    mem3mapbase                              0x1000c800   Data        3200  malloc.o(.ARM.__AT_0x1000C800)
    StartTask_Handler                        0x20000000   Data           4  main.o(.data)
    LED0Task_Handler                         0x20000004   Data           4  main.o(.data)
    LED1Task_Handler                         0x20000008   Data           4  main.o(.data)
    CMDTask_Handler                          0x2000000c   Data           4  main.o(.data)
    KEYTask_Handler                          0x20000010   Data           4  main.o(.data)
    SystemCoreClock                          0x20000014   Data           4  system_stm32f4xx.o(.data)
    AHBPrescTable                            0x20000018   Data          16  system_stm32f4xx.o(.data)
    RecvTop1                                 0x2000002c   Data           2  drv_usart1.o(.data)
    RecvEnd1                                 0x2000002e   Data           2  drv_usart1.o(.data)
    ulHighFrequencyTimerTicks                0x20000030   Data           4  drv_time.o(.data)
    g1msTimerUART1                           0x20000034   Data           4  drv_time.o(.data)
    pxCurrentTCB                             0x2000004c   Data           4  tasks.o(.data)
    __stdout                                 0x200000ec   Data           4  cli_serial.o(.data)
    USART1RecvBuf                            0x200005c5   Data        1280  drv_usart1.o(.bss)
    xQueueRegistry                           0x20000ac8   Data          64  queue.o(.bss)
    __libspace_start                         0x20008c18   Data          96  libspace.o(.bss)
    __temporary_stack_top$libspace           0x20008c78   Data           0  libspace.o(.bss)
    mem2base                                 0x68000000   Data       204800  malloc.o(.ARM.__AT_0x68000000)
    mem2mapbase                              0x68032000   Data       12800  malloc.o(.ARM.__AT_0x68032000)



==============================================================================

Memory Map of the image

  Image Entry point : 0x08010189

  Load Region LR_IROM1 (Base: 0x08010000, Size: 0x0000a0bc, Max: 0x000f0000, ABSOLUTE, COMPRESSED[0x00009fa0])

    Execution Region ER_IROM1 (Exec base: 0x08010000, Load base: 0x08010000, Size: 0x00009f60, Max: 0x000f0000, ABSOLUTE)

    Exec Addr    Load Addr    Size         Type   Attr      Idx    E Section Name        Object

    0x08010000   0x08010000   0x00000188   Data   RO         3908    RESET               startup_stm32f40_41xxx.o
    0x08010188   0x08010188   0x00000008   Code   RO         6023  * !!!main             c_w.l(__main.o)
    0x08010190   0x08010190   0x00000034   Code   RO         6433    !!!scatter          c_w.l(__scatter.o)
    0x080101c4   0x080101c4   0x0000005a   Code   RO         6431    !!dczerorl2         c_w.l(__dczerorl2.o)
    0x0801021e   0x0801021e   0x00000002   PAD
    0x08010220   0x08010220   0x0000001c   Code   RO         6435    !!handler_zi        c_w.l(__scatter_zi.o)
    0x0801023c   0x0801023c   0x00000000   Code   RO         5984    .ARM.Collect$$_printf_percent$$00000000  c_w.l(_printf_percent.o)
    0x0801023c   0x0801023c   0x00000006   Code   RO         6094    .ARM.Collect$$_printf_percent$$00000001  c_w.l(_printf_n.o)
    0x08010242   0x08010242   0x00000006   Code   RO         6095    .ARM.Collect$$_printf_percent$$00000002  c_w.l(_printf_p.o)
    0x08010248   0x08010248   0x00000006   Code   RO         6097    .ARM.Collect$$_printf_percent$$00000003  c_w.l(_printf_f.o)
    0x0801024e   0x0801024e   0x00000006   Code   RO         6098    .ARM.Collect$$_printf_percent$$00000004  c_w.l(_printf_e.o)
    0x08010254   0x08010254   0x00000006   Code   RO         5983    .ARM.Collect$$_printf_percent$$00000005  c_w.l(_printf_g.o)
    0x0801025a   0x0801025a   0x00000006   Code   RO         6099    .ARM.Collect$$_printf_percent$$00000006  c_w.l(_printf_a.o)
    0x08010260   0x08010260   0x0000000a   Code   RO         6104    .ARM.Collect$$_printf_percent$$00000007  c_w.l(_printf_ll.o)
    0x0801026a   0x0801026a   0x00000006   Code   RO         5980    .ARM.Collect$$_printf_percent$$00000008  c_w.l(_printf_i.o)
    0x08010270   0x08010270   0x00000006   Code   RO         5981    .ARM.Collect$$_printf_percent$$00000009  c_w.l(_printf_d.o)
    0x08010276   0x08010276   0x00000006   Code   RO         5982    .ARM.Collect$$_printf_percent$$0000000A  c_w.l(_printf_u.o)
    0x0801027c   0x0801027c   0x00000006   Code   RO         6096    .ARM.Collect$$_printf_percent$$0000000B  c_w.l(_printf_o.o)
    0x08010282   0x08010282   0x00000006   Code   RO         5979    .ARM.Collect$$_printf_percent$$0000000C  c_w.l(_printf_x.o)
    0x08010288   0x08010288   0x00000006   Code   RO         6101    .ARM.Collect$$_printf_percent$$0000000D  c_w.l(_printf_lli.o)
    0x0801028e   0x0801028e   0x00000006   Code   RO         6102    .ARM.Collect$$_printf_percent$$0000000E  c_w.l(_printf_lld.o)
    0x08010294   0x08010294   0x00000006   Code   RO         6103    .ARM.Collect$$_printf_percent$$0000000F  c_w.l(_printf_llu.o)
    0x0801029a   0x0801029a   0x00000006   Code   RO         6108    .ARM.Collect$$_printf_percent$$00000010  c_w.l(_printf_llo.o)
    0x080102a0   0x080102a0   0x00000006   Code   RO         6109    .ARM.Collect$$_printf_percent$$00000011  c_w.l(_printf_llx.o)
    0x080102a6   0x080102a6   0x0000000a   Code   RO         6105    .ARM.Collect$$_printf_percent$$00000012  c_w.l(_printf_l.o)
    0x080102b0   0x080102b0   0x00000006   Code   RO         5977    .ARM.Collect$$_printf_percent$$00000013  c_w.l(_printf_c.o)
    0x080102b6   0x080102b6   0x00000006   Code   RO         5978    .ARM.Collect$$_printf_percent$$00000014  c_w.l(_printf_s.o)
    0x080102bc   0x080102bc   0x00000006   Code   RO         6106    .ARM.Collect$$_printf_percent$$00000015  c_w.l(_printf_lc.o)
    0x080102c2   0x080102c2   0x00000006   Code   RO         6107    .ARM.Collect$$_printf_percent$$00000016  c_w.l(_printf_ls.o)
    0x080102c8   0x080102c8   0x00000004   Code   RO         6100    .ARM.Collect$$_printf_percent$$00000017  c_w.l(_printf_percent_end.o)
    0x080102cc   0x080102cc   0x00000002   Code   RO         6258    .ARM.Collect$$libinit$$00000000  c_w.l(libinit.o)
    0x080102ce   0x080102ce   0x00000004   Code   RO         6259    .ARM.Collect$$libinit$$00000001  c_w.l(libinit2.o)
    0x080102d2   0x080102d2   0x00000000   Code   RO         6262    .ARM.Collect$$libinit$$00000004  c_w.l(libinit2.o)
    0x080102d2   0x080102d2   0x00000000   Code   RO         6265    .ARM.Collect$$libinit$$0000000A  c_w.l(libinit2.o)
    0x080102d2   0x080102d2   0x00000000   Code   RO         6267    .ARM.Collect$$libinit$$0000000C  c_w.l(libinit2.o)
    0x080102d2   0x080102d2   0x00000000   Code   RO         6269    .ARM.Collect$$libinit$$0000000E  c_w.l(libinit2.o)
    0x080102d2   0x080102d2   0x00000006   Code   RO         6270    .ARM.Collect$$libinit$$0000000F  c_w.l(libinit2.o)
    0x080102d8   0x080102d8   0x00000000   Code   RO         6272    .ARM.Collect$$libinit$$00000011  c_w.l(libinit2.o)
    0x080102d8   0x080102d8   0x0000000c   Code   RO         6273    .ARM.Collect$$libinit$$00000012  c_w.l(libinit2.o)
    0x080102e4   0x080102e4   0x00000000   Code   RO         6274    .ARM.Collect$$libinit$$00000013  c_w.l(libinit2.o)
    0x080102e4   0x080102e4   0x00000000   Code   RO         6276    .ARM.Collect$$libinit$$00000015  c_w.l(libinit2.o)
    0x080102e4   0x080102e4   0x0000000a   Code   RO         6277    .ARM.Collect$$libinit$$00000016  c_w.l(libinit2.o)
    0x080102ee   0x080102ee   0x00000000   Code   RO         6278    .ARM.Collect$$libinit$$00000017  c_w.l(libinit2.o)
    0x080102ee   0x080102ee   0x00000000   Code   RO         6280    .ARM.Collect$$libinit$$00000019  c_w.l(libinit2.o)
    0x080102ee   0x080102ee   0x00000000   Code   RO         6282    .ARM.Collect$$libinit$$0000001B  c_w.l(libinit2.o)
    0x080102ee   0x080102ee   0x00000000   Code   RO         6284    .ARM.Collect$$libinit$$0000001D  c_w.l(libinit2.o)
    0x080102ee   0x080102ee   0x00000000   Code   RO         6286    .ARM.Collect$$libinit$$0000001F  c_w.l(libinit2.o)
    0x080102ee   0x080102ee   0x00000000   Code   RO         6288    .ARM.Collect$$libinit$$00000021  c_w.l(libinit2.o)
    0x080102ee   0x080102ee   0x00000000   Code   RO         6290    .ARM.Collect$$libinit$$00000023  c_w.l(libinit2.o)
    0x080102ee   0x080102ee   0x00000000   Code   RO         6292    .ARM.Collect$$libinit$$00000025  c_w.l(libinit2.o)
    0x080102ee   0x080102ee   0x00000000   Code   RO         6296    .ARM.Collect$$libinit$$0000002C  c_w.l(libinit2.o)
    0x080102ee   0x080102ee   0x00000000   Code   RO         6298    .ARM.Collect$$libinit$$0000002E  c_w.l(libinit2.o)
    0x080102ee   0x080102ee   0x00000000   Code   RO         6300    .ARM.Collect$$libinit$$00000030  c_w.l(libinit2.o)
    0x080102ee   0x080102ee   0x00000000   Code   RO         6302    .ARM.Collect$$libinit$$00000032  c_w.l(libinit2.o)
    0x080102ee   0x080102ee   0x00000002   Code   RO         6303    .ARM.Collect$$libinit$$00000033  c_w.l(libinit2.o)
    0x080102f0   0x080102f0   0x00000002   Code   RO         6304    .ARM.Collect$$libshutdown$$00000000  c_w.l(libshutdown.o)
    0x080102f2   0x080102f2   0x00000000   Code   RO         6318    .ARM.Collect$$libshutdown$$00000002  c_w.l(libshutdown2.o)
    0x080102f2   0x080102f2   0x00000000   Code   RO         6320    .ARM.Collect$$libshutdown$$00000004  c_w.l(libshutdown2.o)
    0x080102f2   0x080102f2   0x00000000   Code   RO         6323    .ARM.Collect$$libshutdown$$00000007  c_w.l(libshutdown2.o)
    0x080102f2   0x080102f2   0x00000000   Code   RO         6326    .ARM.Collect$$libshutdown$$0000000A  c_w.l(libshutdown2.o)
    0x080102f2   0x080102f2   0x00000000   Code   RO         6328    .ARM.Collect$$libshutdown$$0000000C  c_w.l(libshutdown2.o)
    0x080102f2   0x080102f2   0x00000000   Code   RO         6331    .ARM.Collect$$libshutdown$$0000000F  c_w.l(libshutdown2.o)
    0x080102f2   0x080102f2   0x00000002   Code   RO         6332    .ARM.Collect$$libshutdown$$00000010  c_w.l(libshutdown2.o)
    0x080102f4   0x080102f4   0x00000000   Code   RO         6055    .ARM.Collect$$rtentry$$00000000  c_w.l(__rtentry.o)
    0x080102f4   0x080102f4   0x00000000   Code   RO         6139    .ARM.Collect$$rtentry$$00000002  c_w.l(__rtentry2.o)
    0x080102f4   0x080102f4   0x00000006   Code   RO         6151    .ARM.Collect$$rtentry$$00000004  c_w.l(__rtentry4.o)
    0x080102fa   0x080102fa   0x00000000   Code   RO         6141    .ARM.Collect$$rtentry$$00000009  c_w.l(__rtentry2.o)
    0x080102fa   0x080102fa   0x00000004   Code   RO         6142    .ARM.Collect$$rtentry$$0000000A  c_w.l(__rtentry2.o)
    0x080102fe   0x080102fe   0x00000000   Code   RO         6144    .ARM.Collect$$rtentry$$0000000C  c_w.l(__rtentry2.o)
    0x080102fe   0x080102fe   0x00000008   Code   RO         6145    .ARM.Collect$$rtentry$$0000000D  c_w.l(__rtentry2.o)
    0x08010306   0x08010306   0x00000002   Code   RO         6056    .ARM.Collect$$rtexit$$00000000  c_w.l(rtexit.o)
    0x08010308   0x08010308   0x00000000   Code   RO         6154    .ARM.Collect$$rtexit$$00000002  c_w.l(rtexit2.o)
    0x08010308   0x08010308   0x00000004   Code   RO         6155    .ARM.Collect$$rtexit$$00000003  c_w.l(rtexit2.o)
    0x0801030c   0x0801030c   0x00000006   Code   RO         6156    .ARM.Collect$$rtexit$$00000004  c_w.l(rtexit2.o)
    0x08010312   0x08010312   0x00000002   PAD
    0x08010314   0x08010314   0x000000be   Code   RO         4898    .emb_text           port.o
    0x080103d2   0x080103d2   0x00000002   PAD
    0x080103d4   0x080103d4   0x00000040   Code   RO         3909    .text               startup_stm32f40_41xxx.o
    0x08010414   0x08010414   0x00000002   Code   RO         5910    .text               c_w.l(use_no_semi_2.o)
    0x08010416   0x08010416   0x00000002   PAD
    0x08010418   0x08010418   0x00000024   Code   RO         5916    .text               c_w.l(vsprintf.o)
    0x0801043c   0x0801043c   0x00000034   Code   RO         5918    .text               c_w.l(vsnprintf.o)
    0x08010470   0x08010470   0x00000018   Code   RO         5920    .text               c_w.l(__2printf.o)
    0x08010488   0x08010488   0x0000002c   Code   RO         5922    .text               c_w.l(__2sprintf.o)
    0x080104b4   0x080104b4   0x0000004e   Code   RO         5930    .text               c_w.l(_printf_pad.o)
    0x08010502   0x08010502   0x00000052   Code   RO         5932    .text               c_w.l(_printf_str.o)
    0x08010554   0x08010554   0x00000078   Code   RO         5934    .text               c_w.l(_printf_dec.o)
    0x080105cc   0x080105cc   0x00000094   Code   RO         5954    .text               c_w.l(_printf_hex_int_ll_ptr.o)
    0x08010660   0x08010660   0x00000188   Code   RO         5974    .text               c_w.l(__printf_flags_ss_wp.o)
    0x080107e8   0x080107e8   0x00000012   Code   RO         5991    .text               c_w.l(exit.o)
    0x080107fa   0x080107fa   0x00000024   Code   RO         5993    .text               c_w.l(strncat.o)
    0x0801081e   0x0801081e   0x00000048   Code   RO         5995    .text               c_w.l(strcpy.o)
    0x08010866   0x08010866   0x0000003e   Code   RO         5999    .text               c_w.l(strlen.o)
    0x080108a4   0x080108a4   0x00000096   Code   RO         6001    .text               c_w.l(strncmp.o)
    0x0801093a   0x0801093a   0x00000018   Code   RO         6003    .text               c_w.l(strcat.o)
    0x08010952   0x08010952   0x0000008a   Code   RO         6005    .text               c_w.l(rt_memcpy_v6.o)
    0x080109dc   0x080109dc   0x00000064   Code   RO         6007    .text               c_w.l(rt_memcpy_w.o)
    0x08010a40   0x08010a40   0x00000010   Code   RO         6011    .text               c_w.l(aeabi_memset.o)
    0x08010a50   0x08010a50   0x00000044   Code   RO         6013    .text               c_w.l(rt_memclr.o)
    0x08010a94   0x08010a94   0x0000004e   Code   RO         6015    .text               c_w.l(rt_memclr_w.o)
    0x08010ae2   0x08010ae2   0x00000056   Code   RO         6017    .text               c_w.l(strncpy.o)
    0x08010b38   0x08010b38   0x00000080   Code   RO         6019    .text               c_w.l(strcmpv7m.o)
    0x08010bb8   0x08010bb8   0x00000006   Code   RO         6021    .text               c_w.l(heapauxi.o)
    0x08010bbe   0x08010bbe   0x00000002   Code   RO         6053    .text               c_w.l(use_no_semi.o)
    0x08010bc0   0x08010bc0   0x00000010   Code   RO         6058    .text               c_w.l(rt_ctype_table.o)
    0x08010bd0   0x08010bd0   0x00000024   Code   RO         6065    .text               c_w.l(_printf_truncate.o)
    0x08010bf4   0x08010bf4   0x000000b2   Code   RO         6067    .text               c_w.l(_printf_intcommon.o)
    0x08010ca6   0x08010ca6   0x00000028   Code   RO         6069    .text               c_w.l(_printf_charcount.o)
    0x08010cce   0x08010cce   0x0000041e   Code   RO         6071    .text               c_w.l(_printf_fp_dec.o)
    0x080110ec   0x080110ec   0x00000030   Code   RO         6073    .text               c_w.l(_printf_char_common.o)
    0x0801111c   0x0801111c   0x0000000a   Code   RO         6075    .text               c_w.l(_sputc.o)
    0x08011126   0x08011126   0x00000010   Code   RO         6077    .text               c_w.l(_snputc.o)
    0x08011136   0x08011136   0x0000002c   Code   RO         6079    .text               c_w.l(_printf_char.o)
    0x08011162   0x08011162   0x00000002   PAD
    0x08011164   0x08011164   0x00000024   Code   RO         6081    .text               c_w.l(_printf_char_file.o)
    0x08011188   0x08011188   0x000000bc   Code   RO         6083    .text               c_w.l(_printf_wctomb.o)
    0x08011244   0x08011244   0x0000007c   Code   RO         6086    .text               c_w.l(_printf_longlong_dec.o)
    0x080112c0   0x080112c0   0x00000070   Code   RO         6092    .text               c_w.l(_printf_oct_int_ll.o)
    0x08011330   0x08011330   0x00000008   Code   RO         6135    .text               c_w.l(libspace.o)
    0x08011338   0x08011338   0x00000008   Code   RO         6163    .text               c_w.l(rt_locale_intlibspace.o)
    0x08011340   0x08011340   0x0000008a   Code   RO         6165    .text               c_w.l(lludiv10.o)
    0x080113ca   0x080113ca   0x00000002   PAD
    0x080113cc   0x080113cc   0x000002fc   Code   RO         6169    .text               c_w.l(_printf_fp_hex.o)
    0x080116c8   0x080116c8   0x00000080   Code   RO         6172    .text               c_w.l(_printf_fp_infnan.o)
    0x08011748   0x08011748   0x0000002c   Code   RO         6176    .text               c_w.l(_printf_wchar.o)
    0x08011774   0x08011774   0x000000e4   Code   RO         6182    .text               c_w.l(bigflt0.o)
    0x08011858   0x08011858   0x00000008   Code   RO         6207    .text               c_w.l(ferror.o)
    0x08011860   0x08011860   0x00000040   Code   RO         6211    .text               c_w.l(_wcrtomb.o)
    0x080118a0   0x080118a0   0x0000004a   Code   RO         6241    .text               c_w.l(sys_stackheap_outer.o)
    0x080118ea   0x080118ea   0x0000003e   Code   RO         6185    CL$$btod_d2e        c_w.l(btod.o)
    0x08011928   0x08011928   0x00000046   Code   RO         6187    CL$$btod_d2e_denorm_low  c_w.l(btod.o)
    0x0801196e   0x0801196e   0x00000060   Code   RO         6186    CL$$btod_d2e_norm_op1  c_w.l(btod.o)
    0x080119ce   0x080119ce   0x00000338   Code   RO         6195    CL$$btod_div_common  c_w.l(btod.o)
    0x08011d06   0x08011d06   0x000000dc   Code   RO         6192    CL$$btod_e2e        c_w.l(btod.o)
    0x08011de2   0x08011de2   0x0000002a   Code   RO         6189    CL$$btod_ediv       c_w.l(btod.o)
    0x08011e0c   0x08011e0c   0x0000002a   Code   RO         6188    CL$$btod_emul       c_w.l(btod.o)
    0x08011e36   0x08011e36   0x00000244   Code   RO         6194    CL$$btod_mult_common  c_w.l(btod.o)
    0x0801207a   0x0801207a   0x00000002   Code   RO          280    i.BusFault_Handler  stm32f4xx_it.o
    0x0801207c   0x0801207c   0x0000001c   Code   RO         5198    i.CMD_Init          cmd_fun.o
    0x08012098   0x08012098   0x000000f8   Code   RO          497    i.DealRxData        comm.o
    0x08012190   0x08012190   0x000000bc   Code   RO          498    i.DealSerialParse   comm.o
    0x0801224c   0x0801224c   0x00000002   Code   RO          281    i.DebugMon_Handler  stm32f4xx_it.o
    0x0801224e   0x0801224e   0x00000002   PAD
    0x08012250   0x08012250   0x0000000c   Code   RO         3654    i.FLASH_ClearFlag   stm32f4xx_flash.o
    0x0801225c   0x0801225c   0x00000024   Code   RO         3692    i.FLASH_Unlock      stm32f4xx_flash.o
    0x08012280   0x08012280   0x00000008   Code   RO         5024    i.FreeRTOS_CLIGetOutputBuffer  freertos_cli.o
    0x08012288   0x08012288   0x00000046   Code   RO         5025    i.FreeRTOS_CLIGetParameter  freertos_cli.o
    0x080122ce   0x080122ce   0x00000002   PAD
    0x080122d0   0x080122d0   0x000000d0   Code   RO         5026    i.FreeRTOS_CLIProcessCommand  freertos_cli.o
    0x080123a0   0x080123a0   0x00000050   Code   RO         5027    i.FreeRTOS_CLIRegisterCommand  freertos_cli.o
    0x080123f0   0x080123f0   0x00000078   Code   RO         1854    i.GPIO_Init         stm32f4xx_gpio.o
    0x08012468   0x08012468   0x00000020   Code   RO         1855    i.GPIO_PinAFConfig  stm32f4xx_gpio.o
    0x08012488   0x08012488   0x00000004   Code   RO         1861    i.GPIO_ResetBits    stm32f4xx_gpio.o
    0x0801248c   0x0801248c   0x00000004   Code   RO         1862    i.GPIO_SetBits      stm32f4xx_gpio.o
    0x08012490   0x08012490   0x0000004c   Code   RO          282    i.HardFault_Handler  stm32f4xx_it.o
    0x080124dc   0x080124dc   0x00000134   Code   RO            3    i.Key_task          main.o
    0x08012610   0x08012610   0x00000002   Code   RO          283    i.MemManage_Handler  stm32f4xx_it.o
    0x08012612   0x08012612   0x00000002   Code   RO          284    i.NMI_Handler       stm32f4xx_it.o
    0x08012614   0x08012614   0x00000064   Code   RO         1809    i.NVIC_Init         misc.o
    0x08012678   0x08012678   0x00000014   Code   RO         1810    i.NVIC_PriorityGroupConfig  misc.o
    0x0801268c   0x0801268c   0x00000018   Code   RO         2175    i.RCC_AHB1PeriphClockCmd  stm32f4xx_rcc.o
    0x080126a4   0x080126a4   0x00000018   Code   RO         2184    i.RCC_APB1PeriphClockCmd  stm32f4xx_rcc.o
    0x080126bc   0x080126bc   0x00000018   Code   RO         2186    i.RCC_APB1PeriphResetCmd  stm32f4xx_rcc.o
    0x080126d4   0x080126d4   0x00000018   Code   RO         2187    i.RCC_APB2PeriphClockCmd  stm32f4xx_rcc.o
    0x080126ec   0x080126ec   0x00000018   Code   RO         2189    i.RCC_APB2PeriphResetCmd  stm32f4xx_rcc.o
    0x08012704   0x08012704   0x00000090   Code   RO         2196    i.RCC_GetClocksFreq  stm32f4xx_rcc.o
    0x08012794   0x08012794   0x0000013c   Code   RO          628    i.ReadIAP           ini.o
    0x080128d0   0x080128d0   0x00000014   Code   RO         2820    i.SPI_CalculateCRC  stm32f4xx_spi.o
    0x080128e4   0x080128e4   0x00000014   Code   RO         2821    i.SPI_Cmd           stm32f4xx_spi.o
    0x080128f8   0x080128f8   0x00000084   Code   RO         2828    i.SPI_I2S_DeInit    stm32f4xx_spi.o
    0x0801297c   0x0801297c   0x0000000e   Code   RO         2829    i.SPI_I2S_GetFlagStatus  stm32f4xx_spi.o
    0x0801298a   0x0801298a   0x00000004   Code   RO         2832    i.SPI_I2S_ReceiveData  stm32f4xx_spi.o
    0x0801298e   0x0801298e   0x00000004   Code   RO         2833    i.SPI_I2S_SendData  stm32f4xx_spi.o
    0x08012992   0x08012992   0x00000038   Code   RO         2834    i.SPI_Init          stm32f4xx_spi.o
    0x080129ca   0x080129ca   0x00000010   Code   RO          726    i.STM_FLASH_Init    stmflash.o
    0x080129da   0x080129da   0x00000002   PAD
    0x080129dc   0x080129dc   0x00000100   Code   RO          499    i.SendData          comm.o
    0x08012adc   0x08012adc   0x000000b4   Code   RO          337    i.SetSysClock       system_stm32f4xx.o
    0x08012b90   0x08012b90   0x00000018   Code   RO         1813    i.SysTick_CLKSourceConfig  misc.o
    0x08012ba8   0x08012ba8   0x00000014   Code   RO          549    i.SysTick_Handler   delay.o
    0x08012bbc   0x08012bbc   0x0000005c   Code   RO          339    i.SystemInit        system_stm32f4xx.o
    0x08012c18   0x08012c18   0x0000006c   Code   RO          630    i.SystemReset       ini.o
    0x08012c84   0x08012c84   0x00000030   Code   RO         1744    i.TIM6_DAC_IRQHandler  drv_time.o
    0x08012cb4   0x08012cb4   0x00000014   Code   RO         2981    i.TIM_ARRPreloadConfig  stm32f4xx_tim.o
    0x08012cc8   0x08012cc8   0x00000006   Code   RO         2988    i.TIM_ClearITPendingBit  stm32f4xx_tim.o
    0x08012cce   0x08012cce   0x00000014   Code   RO         2993    i.TIM_Cmd           stm32f4xx_tim.o
    0x08012ce2   0x08012ce2   0x00000018   Code   RO         3014    i.TIM_GetITStatus   stm32f4xx_tim.o
    0x08012cfa   0x08012cfa   0x00000010   Code   RO         3018    i.TIM_ITConfig      stm32f4xx_tim.o
    0x08012d0a   0x08012d0a   0x00000002   PAD
    0x08012d0c   0x08012d0c   0x0000007c   Code   RO         3065    i.TIM_TimeBaseInit  stm32f4xx_tim.o
    0x08012d88   0x08012d88   0x0000008c   Code   RO         1649    i.USART1_IRQHandler  drv_usart1.o
    0x08012e14   0x08012e14   0x00000088   Code   RO         5115    i.USART2_IRQHandler  cli_serial.o
    0x08012e9c   0x08012e9c   0x00000006   Code   RO         2565    i.USART_ClearFlag   stm32f4xx_usart.o
    0x08012ea2   0x08012ea2   0x0000000c   Code   RO         2566    i.USART_ClearITPendingBit  stm32f4xx_usart.o
    0x08012eae   0x08012eae   0x00000014   Code   RO         2569    i.USART_Cmd         stm32f4xx_usart.o
    0x08012ec2   0x08012ec2   0x00000002   PAD
    0x08012ec4   0x08012ec4   0x000000ac   Code   RO         2571    i.USART_DeInit      stm32f4xx_usart.o
    0x08012f70   0x08012f70   0x0000000e   Code   RO         2572    i.USART_GetFlagStatus  stm32f4xx_usart.o
    0x08012f7e   0x08012f7e   0x0000003e   Code   RO         2573    i.USART_GetITStatus  stm32f4xx_usart.o
    0x08012fbc   0x08012fbc   0x00000030   Code   RO         2575    i.USART_ITConfig    stm32f4xx_usart.o
    0x08012fec   0x08012fec   0x000000ac   Code   RO         2576    i.USART_Init        stm32f4xx_usart.o
    0x08013098   0x08013098   0x00000008   Code   RO         2583    i.USART_ReceiveData  stm32f4xx_usart.o
    0x080130a0   0x080130a0   0x00000008   Code   RO         2586    i.USART_SendData    stm32f4xx_usart.o
    0x080130a8   0x080130a8   0x00000002   Code   RO          285    i.UsageFault_Handler  stm32f4xx_it.o
    0x080130aa   0x080130aa   0x00000030   Code   RO         6231    i.__ARM_fpclassify  m_wm.l(fpclassify.o)
    0x080130da   0x080130da   0x0000000e   Code   RO         5967    i._is_digit         c_w.l(__printf_wp.o)
    0x080130e8   0x080130e8   0x00000002   Code   RO         5116    i._sys_exit         cli_serial.o
    0x080130ea   0x080130ea   0x00000002   PAD
    0x080130ec   0x080130ec   0x000001f4   Code   RO         5283    i.aai_write         sfud.o
    0x080132e0   0x080132e0   0x0000001e   Code   RO         5607    i.align_write       ef_env.o
    0x080132fe   0x080132fe   0x00000002   PAD
    0x08013300   0x08013300   0x000000d8   Code   RO         5608    i.alloc_env         ef_env.o
    0x080133d8   0x080133d8   0x0000002c   Code   RO         5609    i.alloc_env_cb      ef_env.o
    0x08013404   0x08013404   0x00000030   Code   RO          500    i.calcCRC           comm.o
    0x08013434   0x08013434   0x000000a8   Code   RO         5610    i.check_and_recovery_env_cb  ef_env.o
    0x080134dc   0x080134dc   0x00000074   Code   RO         5611    i.check_sec_hdr_cb  ef_env.o
    0x08013550   0x08013550   0x000001ec   Code   RO         5612    i.create_env_blob   ef_env.o
    0x0801373c   0x0801373c   0x000000b4   Code   RO         5613    i.del_env           ef_env.o
    0x080137f0   0x080137f0   0x00000038   Code   RO          550    i.delay_init        delay.o
    0x08013828   0x08013828   0x00000038   Code   RO          551    i.delay_ms          delay.o
    0x08013860   0x08013860   0x00000034   Code   RO          552    i.delay_us          delay.o
    0x08013894   0x08013894   0x00000100   Code   RO         5614    i.do_gc             ef_env.o
    0x08013994   0x08013994   0x00000040   Code   RO         1724    i.drv_LED_Init      drv_led.o
    0x080139d4   0x080139d4   0x00000078   Code   RO         1745    i.drv_TIM6_Init     drv_time.o
    0x08013a4c   0x08013a4c   0x000000ac   Code   RO         1650    i.drv_Usart1_Init   drv_usart1.o
    0x08013af8   0x08013af8   0x00000034   Code   RO         1653    i.drv_Usart1_RecvOne  drv_usart1.o
    0x08013b2c   0x08013b2c   0x0000001a   Code   RO         1655    i.drv_Usart1_SendData  drv_usart1.o
    0x08013b46   0x08013b46   0x00000002   PAD
    0x08013b48   0x08013b48   0x00000028   Code   RO         1656    i.drv_Usart1_SendOne  drv_usart1.o
    0x08013b70   0x08013b70   0x00000014   Code   RO         1657    i.drv_Usart1_SendString  drv_usart1.o
    0x08013b84   0x08013b84   0x00000044   Code   RO         1782    i.drv_key_Init      drv_key.o
    0x08013bc8   0x08013bc8   0x00000098   Code   RO         1783    i.drv_key_Scan      drv_key.o
    0x08013c60   0x08013c60   0x00000074   Code   RO         4400    i.eTaskGetState     tasks.o
    0x08013cd4   0x08013cd4   0x00000098   Code   RO         5500    i.easyflash_init    easyflash.o
    0x08013d6c   0x08013d6c   0x00000024   Code   RO         5513    i.ef_calc_crc32     ef_utils.o
    0x08013d90   0x08013d90   0x00000054   Code   RO         5616    i.ef_del_env        ef_env.o
    0x08013de4   0x08013de4   0x000000dc   Code   RO         5617    i.ef_env_init       ef_env.o
    0x08013ec0   0x08013ec0   0x0000011c   Code   RO         5618    i.ef_env_set_default  ef_env.o
    0x08013fdc   0x08013fdc   0x00000074   Code   RO         5619    i.ef_get_env        ef_env.o
    0x08014050   0x08014050   0x00000074   Code   RO         5620    i.ef_get_env_blob   ef_env.o
    0x080140c4   0x080140c4   0x00000010   Code   RO         5848    i.ef_iap_init       ef_iap.o
    0x080140d4   0x080140d4   0x0000001a   Code   RO         5621    i.ef_is_str         ef_env.o
    0x080140ee   0x080140ee   0x00000002   PAD
    0x080140f0   0x080140f0   0x0000004c   Code   RO         5622    i.ef_load_env       ef_env.o
    0x0801413c   0x0801413c   0x00000050   Code   RO         5529    i.ef_log_debug      ef_port.o
    0x0801418c   0x0801418c   0x00000040   Code   RO         5530    i.ef_log_info       ef_port.o
    0x080141cc   0x080141cc   0x00000004   Code   RO         5531    i.ef_port_env_lock  ef_port.o
    0x080141d0   0x080141d0   0x00000004   Code   RO         5532    i.ef_port_env_unlock  ef_port.o
    0x080141d4   0x080141d4   0x000000a4   Code   RO         5533    i.ef_port_erase     ef_port.o
    0x08014278   0x08014278   0x00000018   Code   RO         5534    i.ef_port_init      ef_port.o
    0x08014290   0x08014290   0x00000020   Code   RO         5535    i.ef_port_read      ef_port.o
    0x080142b0   0x080142b0   0x00000024   Code   RO         5536    i.ef_port_write     ef_port.o
    0x080142d4   0x080142d4   0x00000024   Code   RO         5537    i.ef_print          ef_port.o
    0x080142f8   0x080142f8   0x0000009c   Code   RO         5623    i.ef_print_env      ef_env.o
    0x08014394   0x08014394   0x0000001a   Code   RO         5626    i.ef_set_env        ef_env.o
    0x080143ae   0x080143ae   0x00000002   PAD
    0x080143b0   0x080143b0   0x00000050   Code   RO         5627    i.ef_set_env_blob   ef_env.o
    0x08014400   0x08014400   0x00000062   Code   RO         5628    i.env_iterator      ef_env.o
    0x08014462   0x08014462   0x00000002   PAD
    0x08014464   0x08014464   0x00000020   Code   RO         5629    i.find_env          ef_env.o
    0x08014484   0x08014484   0x00000038   Code   RO         5630    i.find_env_cb       ef_env.o
    0x080144bc   0x080144bc   0x000000d0   Code   RO         5631    i.format_sector     ef_env.o
    0x0801458c   0x0801458c   0x00000018   Code   RO         5118    i.fputc             cli_serial.o
    0x080145a4   0x080145a4   0x0000000e   Code   RO         5632    i.gc_check_cb       ef_env.o
    0x080145b2   0x080145b2   0x00000002   PAD
    0x080145b4   0x080145b4   0x000000b8   Code   RO         5633    i.gc_collect        ef_env.o
    0x0801466c   0x0801466c   0x00000040   Code   RO         5634    i.get_next_env_addr  ef_env.o
    0x080146ac   0x080146ac   0x00000034   Code   RO         5635    i.get_next_sector_addr  ef_env.o
    0x080146e0   0x080146e0   0x00000028   Code   RO         5636    i.get_status        ef_env.o
    0x08014708   0x08014708   0x00000078   Code   RO         5436    i.gpio_configuration  sfud_port.o
    0x08014780   0x08014780   0x00000258   Code   RO         5284    i.hardware_init     sfud.o
    0x080149d8   0x080149d8   0x00000010   Code   RO          501    i.init_serial_boot  comm.o
    0x080149e8   0x080149e8   0x0000001c   Code   RO            4    i.led0_task         main.o
    0x08014a04   0x08014a04   0x00000024   Code   RO            5    i.led1_task         main.o
    0x08014a28   0x08014a28   0x0000006c   Code   RO            6    i.main              main.o
    0x08014a94   0x08014a94   0x000000ac   Code   RO         5285    i.make_adress_byte_array  sfud.o
    0x08014b40   0x08014b40   0x00000130   Code   RO         5637    i.move_env          ef_env.o
    0x08014c70   0x08014c70   0x00000070   Code   RO         5638    i.new_env           ef_env.o
    0x08014ce0   0x08014ce0   0x00000218   Code   RO         5286    i.page256_or_1_byte_write  sfud.o
    0x08014ef8   0x08014ef8   0x000000cc   Code   RO         5639    i.print_env_cb      ef_env.o
    0x08014fc4   0x08014fc4   0x00000070   Code   RO         4402    i.prvAddCurrentTaskToDelayedList  tasks.o
    0x08015034   0x08015034   0x000000d4   Code   RO         4403    i.prvAddNewTaskToReadyList  tasks.o
    0x08015108   0x08015108   0x00000050   Code   RO         4759    i.prvCheckForValidListAndQueue  timers.o
    0x08015158   0x08015158   0x00000026   Code   RO         4054    i.prvCopyDataFromQueue  queue.o
    0x0801517e   0x0801517e   0x0000006c   Code   RO         4055    i.prvCopyDataToQueue  queue.o
    0x080151ea   0x080151ea   0x00000002   PAD
    0x080151ec   0x080151ec   0x000000c4   Code   RO         5199    i.prvDelEnv         cmd_fun.o
    0x080152b0   0x080152b0   0x00000014   Code   RO         4404    i.prvDeleteTCB      tasks.o
    0x080152c4   0x080152c4   0x000000cc   Code   RO         5200    i.prvGetEnv         cmd_fun.o
    0x08015390   0x08015390   0x0000004c   Code   RO         4975    i.prvHeapInit       heap_4.o
    0x080153dc   0x080153dc   0x0000002c   Code   RO         5028    i.prvHelpCommand    freertos_cli.o
    0x08015408   0x08015408   0x0000005c   Code   RO         4405    i.prvIdleTask       tasks.o
    0x08015464   0x08015464   0x000000ae   Code   RO         4406    i.prvInitialiseNewTask  tasks.o
    0x08015512   0x08015512   0x00000002   PAD
    0x08015514   0x08015514   0x0000004c   Code   RO         4976    i.prvInsertBlockIntoFreeList  heap_4.o
    0x08015560   0x08015560   0x00000038   Code   RO         4760    i.prvInsertTimerInActiveList  timers.o
    0x08015598   0x08015598   0x0000001a   Code   RO         4056    i.prvIsQueueEmpty   queue.o
    0x080155b2   0x080155b2   0x00000056   Code   RO         4407    i.prvListTasksWithinSingleList  tasks.o
    0x08015608   0x08015608   0x00000098   Code   RO         5201    i.prvParameterEchoCommand  cmd_fun.o
    0x080156a0   0x080156a0   0x00000044   Code   RO         5202    i.prvPrintEnv       cmd_fun.o
    0x080156e4   0x080156e4   0x000000f0   Code   RO         4761    i.prvProcessReceivedCommands  timers.o
    0x080157d4   0x080157d4   0x000000c0   Code   RO         4762    i.prvProcessTimerOrBlockTask  timers.o
    0x08015894   0x08015894   0x0000006c   Code   RO         5203    i.prvResetEnv       cmd_fun.o
    0x08015900   0x08015900   0x00000020   Code   RO         4408    i.prvResetNextTaskUnblockTime  tasks.o
    0x08015920   0x08015920   0x0000005c   Code   RO         5204    i.prvRunTimeStatsCommand  cmd_fun.o
    0x0801597c   0x0801597c   0x00000028   Code   RO         4763    i.prvSampleTimeNow  timers.o
    0x080159a4   0x080159a4   0x0000010c   Code   RO         5205    i.prvSetEnv         cmd_fun.o
    0x08015ab0   0x08015ab0   0x0000006c   Code   RO         4764    i.prvSwitchTimerLists  timers.o
    0x08015b1c   0x08015b1c   0x00000028   Code   RO         4899    i.prvTaskExitError  port.o
    0x08015b44   0x08015b44   0x0000005c   Code   RO         5206    i.prvTaskStatsCommand  cmd_fun.o
    0x08015ba0   0x08015ba0   0x000000b4   Code   RO         5207    i.prvThreeParameterEchoCommand  cmd_fun.o
    0x08015c54   0x08015c54   0x00000028   Code   RO         4765    i.prvTimerTask      timers.o
    0x08015c7c   0x08015c7c   0x0000010c   Code   RO         5073    i.prvUARTCommandConsoleTask  uartcommandconsole.o
    0x08015d88   0x08015d88   0x0000006a   Code   RO         4057    i.prvUnlockQueue    queue.o
    0x08015df2   0x08015df2   0x00000022   Code   RO         4410    i.prvWriteNameToBuffer  tasks.o
    0x08015e14   0x08015e14   0x000000d8   Code   RO         4977    i.pvPortMalloc      heap_4.o
    0x08015eec   0x08015eec   0x00000018   Code   RO         4411    i.pvTaskIncrementMutexHeldCount  tasks.o
    0x08015f04   0x08015f04   0x0000002c   Code   RO         4900    i.pxPortInitialiseStack  port.o
    0x08015f30   0x08015f30   0x00000178   Code   RO         5640    i.read_env          ef_env.o
    0x080160a8   0x080160a8   0x000000a4   Code   RO         5287    i.read_jedec_id     sfud.o
    0x0801614c   0x0801614c   0x00000188   Code   RO         5641    i.read_sector_meta_data  ef_env.o
    0x080162d4   0x080162d4   0x00000090   Code   RO         5642    i.read_status       ef_env.o
    0x08016364   0x08016364   0x00000118   Code   RO         5288    i.reset             sfud.o
    0x0801647c   0x0801647c   0x00000006   Code   RO          554    i.retry_delay_100us  delay.o
    0x08016482   0x08016482   0x00000056   Code   RO         5643    i.sector_iterator   ef_env.o
    0x080164d8   0x080164d8   0x00000022   Code   RO         5644    i.sector_statistics_cb  ef_env.o
    0x080164fa   0x080164fa   0x00000002   PAD
    0x080164fc   0x080164fc   0x00000124   Code   RO         5289    i.set_4_byte_address_mode  sfud.o
    0x08016620   0x08016620   0x00000088   Code   RO         5645    i.set_env           ef_env.o
    0x080166a8   0x080166a8   0x0000002c   Code   RO         5646    i.set_status        ef_env.o
    0x080166d4   0x080166d4   0x000000d0   Code   RO         5290    i.set_write_enabled  sfud.o
    0x080167a4   0x080167a4   0x00000140   Code   RO         5291    i.sfud_chip_erase   sfud.o
    0x080168e4   0x080168e4   0x000000e8   Code   RO         5292    i.sfud_device_init  sfud.o
    0x080169cc   0x080169cc   0x000001d0   Code   RO         5293    i.sfud_erase        sfud.o
    0x08016b9c   0x08016b9c   0x00000008   Code   RO         5297    i.sfud_get_device_table  sfud.o
    0x08016ba4   0x08016ba4   0x000000a4   Code   RO         5298    i.sfud_init         sfud.o
    0x08016c48   0x08016c48   0x00000044   Code   RO         5437    i.sfud_log_debug    sfud_port.o
    0x08016c8c   0x08016c8c   0x00000038   Code   RO         5438    i.sfud_log_info     sfud_port.o
    0x08016cc4   0x08016cc4   0x00000144   Code   RO         5299    i.sfud_read         sfud.o
    0x08016e08   0x08016e08   0x00000098   Code   RO         5300    i.sfud_read_status  sfud.o
    0x08016ea0   0x08016ea0   0x000000b0   Code   RO         5439    i.sfud_spi_port_init  sfud_port.o
    0x08016f50   0x08016f50   0x0000002a   Code   RO         5301    i.sfud_write        sfud.o
    0x08016f7a   0x08016f7a   0x00000002   PAD
    0x08016f7c   0x08016f7c   0x000000e0   Code   RO         5302    i.sfud_write_status  sfud.o
    0x0801705c   0x0801705c   0x00000004   Code   RO         5440    i.spi_lock          sfud_port.o
    0x08017060   0x08017060   0x00000004   Code   RO         5441    i.spi_unlock        sfud_port.o
    0x08017064   0x08017064   0x0000012c   Code   RO         5442    i.spi_write_read    sfud_port.o
    0x08017190   0x08017190   0x000000b4   Code   RO            7    i.start_task        main.o
    0x08017244   0x08017244   0x0000004c   Code   RO         5647    i.update_sec_status  ef_env.o
    0x08017290   0x08017290   0x00000026   Code   RO         4017    i.uxListRemove      list.o
    0x080172b6   0x080172b6   0x00000002   PAD
    0x080172b8   0x080172b8   0x000000b0   Code   RO         4414    i.uxTaskGetSystemState  tasks.o
    0x08017368   0x08017368   0x00000016   Code   RO         4018    i.vListInitialise   list.o
    0x0801737e   0x0801737e   0x00000006   Code   RO         4019    i.vListInitialiseItem  list.o
    0x08017384   0x08017384   0x00000030   Code   RO         4020    i.vListInsert       list.o
    0x080173b4   0x080173b4   0x00000018   Code   RO         4021    i.vListInsertEnd    list.o
    0x080173cc   0x080173cc   0x00000040   Code   RO         4902    i.vPortEnterCritical  port.o
    0x0801740c   0x0801740c   0x00000028   Code   RO         4903    i.vPortExitCritical  port.o
    0x08017434   0x08017434   0x0000005c   Code   RO         4978    i.vPortFree         heap_4.o
    0x08017490   0x08017490   0x00000024   Code   RO         4904    i.vPortSetupTimerInterrupt  port.o
    0x080174b4   0x080174b4   0x00000060   Code   RO         4905    i.vPortValidateInterruptPriority  port.o
    0x08017514   0x08017514   0x00000024   Code   RO         4063    i.vQueueAddToRegistry  queue.o
    0x08017538   0x08017538   0x00000044   Code   RO         4067    i.vQueueWaitForMessageRestricted  queue.o
    0x0801757c   0x0801757c   0x0000001c   Code   RO         5120    i.vSerialPutString  cli_serial.o
    0x08017598   0x08017598   0x0000004c   Code   RO         4419    i.vTaskDelay        tasks.o
    0x080175e4   0x080175e4   0x000000ac   Code   RO         4421    i.vTaskDelete       tasks.o
    0x08017690   0x08017690   0x00000080   Code   RO         4423    i.vTaskGetInfo      tasks.o
    0x08017710   0x08017710   0x000000a4   Code   RO         4424    i.vTaskGetRunTimeStats  tasks.o
    0x080177b4   0x080177b4   0x00000010   Code   RO         4425    i.vTaskInternalSetTimeOutState  tasks.o
    0x080177c4   0x080177c4   0x000000a8   Code   RO         4426    i.vTaskList         tasks.o
    0x0801786c   0x0801786c   0x0000000c   Code   RO         4427    i.vTaskMissedYield  tasks.o
    0x08017878   0x08017878   0x00000010   Code   RO            8    i.vTaskMsgPro       main.o
    0x08017888   0x08017888   0x00000030   Code   RO         4429    i.vTaskPlaceOnEventList  tasks.o
    0x080178b8   0x080178b8   0x00000038   Code   RO         4430    i.vTaskPlaceOnEventListRestricted  tasks.o
    0x080178f0   0x080178f0   0x000000ac   Code   RO         4432    i.vTaskPriorityDisinheritAfterTimeout  tasks.o
    0x0801799c   0x0801799c   0x00000078   Code   RO         4438    i.vTaskStartScheduler  tasks.o
    0x08017a14   0x08017a14   0x00000010   Code   RO         4440    i.vTaskSuspendAll   tasks.o
    0x08017a24   0x08017a24   0x00000078   Code   RO         4441    i.vTaskSwitchContext  tasks.o
    0x08017a9c   0x08017a9c   0x00000044   Code   RO         5075    i.vUARTCommandConsoleStart  uartcommandconsole.o
    0x08017ae0   0x08017ae0   0x000000cc   Code   RO         5303    i.wait_busy         sfud.o
    0x08017bac   0x08017bac   0x000000cc   Code   RO         5648    i.write_status      ef_env.o
    0x08017c78   0x08017c78   0x000000f4   Code   RO         4906    i.xPortStartScheduler  port.o
    0x08017d6c   0x08017d6c   0x0000002c   Code   RO         4907    i.xPortSysTickHandler  port.o
    0x08017d98   0x08017d98   0x00000024   Code   RO         4069    i.xQueueCreateMutex  queue.o
    0x08017dbc   0x08017dbc   0x00000052   Code   RO         4070    i.xQueueGenericCreate  queue.o
    0x08017e0e   0x08017e0e   0x00000002   PAD
    0x08017e10   0x08017e10   0x00000088   Code   RO         4071    i.xQueueGenericReset  queue.o
    0x08017e98   0x08017e98   0x00000164   Code   RO         4072    i.xQueueGenericSend  queue.o
    0x08017ffc   0x08017ffc   0x000000bc   Code   RO         4073    i.xQueueGenericSendFromISR  queue.o
    0x080180b8   0x080180b8   0x00000138   Code   RO         4080    i.xQueueReceive     queue.o
    0x080181f0   0x080181f0   0x0000009a   Code   RO         4081    i.xQueueReceiveFromISR  queue.o
    0x0801828a   0x0801828a   0x00000002   PAD
    0x0801828c   0x0801828c   0x00000178   Code   RO         4082    i.xQueueSemaphoreTake  queue.o
    0x08018404   0x08018404   0x00000018   Code   RO         5121    i.xSerialGetChar    cli_serial.o
    0x0801841c   0x0801841c   0x000000ec   Code   RO         5122    i.xSerialPortInitMinimal  cli_serial.o
    0x08018508   0x08018508   0x00000030   Code   RO         5123    i.xSerialPutChar    cli_serial.o
    0x08018538   0x08018538   0x00000074   Code   RO         4442    i.xTaskCheckForTimeOut  tasks.o
    0x080185ac   0x080185ac   0x00000056   Code   RO         4443    i.xTaskCreate       tasks.o
    0x08018602   0x08018602   0x00000002   PAD
    0x08018604   0x08018604   0x0000001c   Code   RO         4447    i.xTaskGetSchedulerState  tasks.o
    0x08018620   0x08018620   0x0000000c   Code   RO         4448    i.xTaskGetTickCount  tasks.o
    0x0801862c   0x0801862c   0x000000c8   Code   RO         4450    i.xTaskIncrementTick  tasks.o
    0x080186f4   0x080186f4   0x00000098   Code   RO         4453    i.xTaskPriorityDisinherit  tasks.o
    0x0801878c   0x0801878c   0x00000094   Code   RO         4454    i.xTaskPriorityInherit  tasks.o
    0x08018820   0x08018820   0x00000074   Code   RO         4455    i.xTaskRemoveFromEventList  tasks.o
    0x08018894   0x08018894   0x000000c4   Code   RO         4456    i.xTaskResumeAll    tasks.o
    0x08018958   0x08018958   0x0000004c   Code   RO         4772    i.xTimerCreateTimerTask  timers.o
    0x080189a4   0x080189a4   0x0000005c   Code   RO         4773    i.xTimerGenericCommand  timers.o
    0x08018a00   0x08018a00   0x000000b0   Code   RO         5124    i.xUsart2Init       cli_serial.o
    0x08018ab0   0x08018ab0   0x0000002c   Code   RO         6214    locale$$code        c_w.l(lc_ctype_c.o)
    0x08018adc   0x08018adc   0x0000002c   Code   RO         6217    locale$$code        c_w.l(lc_numeric_c.o)
    0x08018b08   0x08018b08   0x0000000a   Code   RO         6335    x$fpl$fpinit        fz_wm.l(fpinit.o)
    0x08018b12   0x08018b12   0x00000004   Code   RO         6043    x$fpl$printf1       fz_wm.l(printf1.o)
    0x08018b16   0x08018b16   0x00000004   Code   RO         6128    x$fpl$printf2       fz_wm.l(printf2.o)
    0x08018b1a   0x08018b1a   0x00000000   Code   RO         6134    x$fpl$usenofp       fz_wm.l(usenofp.o)
    0x08018b1a   0x08018b1a   0x00000002   PAD
    0x08018b1c   0x08018b1c   0x00000010   Data   RO         5030    .constdata          freertos_cli.o
    0x08018b2c   0x08018b2c   0x0000000c   Data   RO         5077    .constdata          uartcommandconsole.o
    0x08018b38   0x08018b38   0x00000090   Data   RO         5208    .constdata          cmd_fun.o
    0x08018bc8   0x08018bc8   0x000002ff   Data   RO         5305    .constdata          sfud.o
    0x08018ec7   0x08018ec7   0x0000000f   Data   RO         5444    .constdata          sfud_port.o
    0x08018ed6   0x08018ed6   0x00000002   PAD
    0x08018ed8   0x08018ed8   0x00000400   Data   RO         5514    .constdata          ef_utils.o
    0x080192d8   0x080192d8   0x000000b6   Data   RO         5539    .constdata          ef_port.o
    0x0801938e   0x0801938e   0x00000065   Data   RO         5650    .constdata          ef_env.o
    0x080193f3   0x080193f3   0x00000028   Data   RO         5955    .constdata          c_w.l(_printf_hex_int_ll_ptr.o)
    0x0801941b   0x0801941b   0x00000011   Data   RO         5975    .constdata          c_w.l(__printf_flags_ss_wp.o)
    0x0801942c   0x0801942c   0x00000008   Data   RO         6084    .constdata          c_w.l(_printf_wctomb.o)
    0x08019434   0x08019434   0x00000026   Data   RO         6170    .constdata          c_w.l(_printf_fp_hex.o)
    0x0801945a   0x0801945a   0x00000002   PAD
    0x0801945c   0x0801945c   0x00000094   Data   RO         6183    .constdata          c_w.l(bigflt0.o)
    0x080194f0   0x080194f0   0x0000004f   Data   RO          632    .conststring        ini.o
    0x0801953f   0x0801953f   0x00000001   PAD
    0x08019540   0x08019540   0x00000035   Data   RO         5031    .conststring        freertos_cli.o
    0x08019575   0x08019575   0x00000003   PAD
    0x08019578   0x08019578   0x000000a8   Data   RO         5032    .conststring        freertos_cli.o
    0x08019620   0x08019620   0x0000008d   Data   RO         5078    .conststring        uartcommandconsole.o
    0x080196ad   0x080196ad   0x00000003   PAD
    0x080196b0   0x080196b0   0x0000032d   Data   RO         5209    .conststring        cmd_fun.o
    0x080199dd   0x080199dd   0x00000003   PAD
    0x080199e0   0x080199e0   0x000001e5   Data   RO         5306    .conststring        sfud.o
    0x08019bc5   0x08019bc5   0x00000003   PAD
    0x08019bc8   0x08019bc8   0x0000004a   Data   RO         5501    .conststring        easyflash.o
    0x08019c12   0x08019c12   0x00000002   PAD
    0x08019c14   0x08019c14   0x00000113   Data   RO         5540    .conststring        ef_port.o
    0x08019d27   0x08019d27   0x00000001   PAD
    0x08019d28   0x08019d28   0x000000ec   Data   RO         5651    .conststring        ef_env.o
    0x08019e14   0x08019e14   0x00000020   Data   RO         6429    Region$$Table       anon$$obj.o
    0x08019e34   0x08019e34   0x00000110   Data   RO         6213    locale$$data        c_w.l(lc_ctype_c.o)
    0x08019f44   0x08019f44   0x0000001c   Data   RO         6216    locale$$data        c_w.l(lc_numeric_c.o)


    Execution Region RW_IRAM1 (Exec base: 0x20000000, Load base: 0x08019f60, Size: 0x00009c78, Max: 0x00020000, ABSOLUTE, COMPRESSED[0x00000040])

    Exec Addr    Load Addr    Size         Type   Attr      Idx    E Section Name        Object

    0x20000000   COMPRESSED   0x00000014   Data   RW            9    .data               main.o
    0x20000014   COMPRESSED   0x00000014   Data   RW          340    .data               system_stm32f4xx.o
    0x20000028   COMPRESSED   0x00000004   Data   RW          555    .data               delay.o
    0x2000002c   COMPRESSED   0x00000004   Data   RW         1659    .data               drv_usart1.o
    0x20000030   COMPRESSED   0x00000008   Data   RW         1747    .data               drv_time.o
    0x20000038   COMPRESSED   0x00000001   Data   RW         1784    .data               drv_key.o
    0x20000039   COMPRESSED   0x00000010   Data   RW         2228    .data               stm32f4xx_rcc.o
    0x20000049   COMPRESSED   0x00000003   PAD
    0x2000004c   COMPRESSED   0x00000044   Data   RW         4459    .data               tasks.o
    0x20000090   COMPRESSED   0x00000014   Data   RW         4779    .data               timers.o
    0x200000a4   COMPRESSED   0x0000000c   Data   RW         4908    .data               port.o
    0x200000b0   COMPRESSED   0x00000018   Data   RW         4983    .data               heap_4.o
    0x200000c8   COMPRESSED   0x00000014   Data   RW         5033    .data               freertos_cli.o
    0x200000dc   COMPRESSED   0x00000008   Data   RW         5079    .data               uartcommandconsole.o
    0x200000e4   COMPRESSED   0x00000008   Data   RW         5125    .data               cli_serial.o
    0x200000ec   COMPRESSED   0x00000004   Data   RW         5126    .data               cli_serial.o
    0x200000f0   COMPRESSED   0x00000008   Data   RW         5210    .data               cmd_fun.o
    0x200000f8   COMPRESSED   0x00000044   Data   RW         5307    .data               sfud.o
    0x2000013c   COMPRESSED   0x0000000c   Data   RW         5445    .data               sfud_port.o
    0x20000148   COMPRESSED   0x00000010   Data   RW         5652    .data               ef_env.o
    0x20000158   COMPRESSED   0x00000004   Data   RW         5850    .data               ef_iap.o
    0x2000015c        -       0x00000069   Zero   RW          502    .bss                comm.o
    0x200001c5        -       0x00000400   Zero   RW          631    .bss                ini.o
    0x200005c5        -       0x00000500   Zero   RW         1658    .bss                drv_usart1.o
    0x20000ac5   COMPRESSED   0x00000003   PAD
    0x20000ac8        -       0x00000040   Zero   RW         4084    .bss                queue.o
    0x20000b08        -       0x0000012c   Zero   RW         4458    .bss                tasks.o
    0x20000c34        -       0x00000028   Zero   RW         4778    .bss                timers.o
    0x20000c5c        -       0x00007800   Zero   RW         4982    .bss                heap_4.o
    0x2000845c        -       0x00000400   Zero   RW         5029    .bss                freertos_cli.o
    0x2000885c        -       0x00000064   Zero   RW         5076    .bss                uartcommandconsole.o
    0x200088c0        -       0x00000105   Zero   RW         5304    .bss                sfud.o
    0x200089c5        -       0x00000100   Zero   RW         5443    .bss                sfud_port.o
    0x20008ac5        -       0x00000080   Zero   RW         5538    .bss                ef_port.o
    0x20008b45   COMPRESSED   0x00000003   PAD
    0x20008b48        -       0x000000d0   Zero   RW         5649    .bss                ef_env.o
    0x20008c18        -       0x00000060   Zero   RW         6136    .bss                c_w.l(libspace.o)
    0x20008c78        -       0x00000c00   Zero   RW         3907    HEAP                startup_stm32f40_41xxx.o
    0x20009878        -       0x00000400   Zero   RW         3906    STACK               startup_stm32f40_41xxx.o



  Load Region LR$$.ARM.__AT_0x10000000 (Base: 0x10000000, Size: 0x00000000, Max: 0x0000c800, ABSOLUTE)

    Execution Region ER$$.ARM.__AT_0x10000000 (Exec base: 0x10000000, Load base: 0x10000000, Size: 0x0000c800, Max: 0x0000c800, ABSOLUTE, UNINIT)

    Exec Addr    Load Addr    Size         Type   Attr      Idx    E Section Name        Object

    0x10000000        -       0x0000c800   Zero   RW         1579    .ARM.__AT_0x10000000  malloc.o



  Load Region LR$$.ARM.__AT_0x1000C800 (Base: 0x1000c800, Size: 0x00000000, Max: 0x00000c80, ABSOLUTE)

    Execution Region ER$$.ARM.__AT_0x1000C800 (Exec base: 0x1000c800, Load base: 0x1000c800, Size: 0x00000c80, Max: 0x00000c80, ABSOLUTE, UNINIT)

    Exec Addr    Load Addr    Size         Type   Attr      Idx    E Section Name        Object

    0x1000c800        -       0x00000c80   Zero   RW         1580    .ARM.__AT_0x1000C800  malloc.o



  Load Region LR$$.ARM.__AT_0x68000000 (Base: 0x68000000, Size: 0x00000000, Max: 0x00032000, ABSOLUTE)

    Execution Region ER$$.ARM.__AT_0x68000000 (Exec base: 0x68000000, Load base: 0x68000000, Size: 0x00032000, Max: 0x00032000, ABSOLUTE, UNINIT)

    Exec Addr    Load Addr    Size         Type   Attr      Idx    E Section Name        Object

    0x68000000        -       0x00032000   Zero   RW         1581    .ARM.__AT_0x68000000  malloc.o



  Load Region LR$$.ARM.__AT_0x68032000 (Base: 0x68032000, Size: 0x00000000, Max: 0x00003200, ABSOLUTE)

    Execution Region ER$$.ARM.__AT_0x68032000 (Exec base: 0x68032000, Load base: 0x68032000, Size: 0x00003200, Max: 0x00003200, ABSOLUTE, UNINIT)

    Exec Addr    Load Addr    Size         Type   Attr      Idx    E Section Name        Object

    0x68032000        -       0x00003200   Zero   RW         1582    .ARM.__AT_0x68032000  malloc.o


==============================================================================

Image component sizes


      Code (inc. data)   RO Data    RW Data    ZI Data      Debug   Object Name

       674         52          0         12          0       7602   cli_serial.o
      1388        420        957          8          0      12795   cmd_fun.o
       756        258          0          0        105       4249   comm.o
       190         14          0          4          0       3657   delay.o
       220         24          0          1          0       1338   drv_key.o
        64          6          0          0          0        563   drv_led.o
       168         22          0          8          0       1805   drv_time.o
       450         32          0          4       1280       4668   drv_usart1.o
       152         90         74          0          0       1033   easyflash.o
      5546       2064        337         16        208      36271   ef_env.o
        16          4          0          4          0        754   ef_iap.o
       444        182        457          0        128       6822   ef_port.o
        36          4       1024          0          0       1260   ef_utils.o
         0          0          0          0          0       8180   event_groups.o
       410         30        237         20       1024       6224   freertos_cli.o
       460         24          0         24      30720       4503   heap_4.o
       424        214         79          0       1024      31919   ini.o
       138          0          0          0          0       3222   list.o
       676        284          0         20          0     309694   main.o
         0          0          0          0     272000       2065   malloc.o
       144         14          0          0          0       2397   misc.o
       798         78          0         12          0      11449   port.o
      2022         22          0          0         64      19515   queue.o
      4886       2322       1252         68        261      19240   sfud.o
       728        174         15         12        256      10114   sfud_port.o
        64         26        392          0       4096        868   startup_stm32f40_41xxx.o
        48         20          0          0          0       1149   stm32f4xx_flash.o
       160          0          0          0          0       3215   stm32f4xx_gpio.o
        86         50          0          0          0       3009   stm32f4xx_it.o
       264         42          0         16          0       6441   stm32f4xx_rcc.o
       250         24          0          0          0       5342   stm32f4xx_spi.o
       210         28          0          0          0       5820   stm32f4xx_tim.o
       522         42          0          0          0       8328   stm32f4xx_usart.o
        16          0          0          0          0        537   stmflash.o
       272         38          0         20          0       1897   system_stm32f4xx.o
      3400        292          0         68        300      33408   tasks.o
         0          0          0          0          0       1472   test.o
       924         84          0         20         40      22039   timers.o
       336         26        153          8        100       5635   uartcommandconsole.o

    ----------------------------------------------------------------------
     27384       7006       5027        348     311612     610499   Object Totals
         0          0         32          0          0          0   (incl. Generated)
        42          0         18          3          6          0   (incl. Padding)

    ----------------------------------------------------------------------

      Code (inc. data)   RO Data    RW Data    ZI Data      Debug   Library Member Name

        24          4          0          0          0         84   __2printf.o
        44          6          0          0          0         84   __2sprintf.o
        90          0          0          0          0          0   __dczerorl2.o
         8          0          0          0          0         68   __main.o
       392          4         17          0          0         92   __printf_flags_ss_wp.o
        14          0          0          0          0         68   __printf_wp.o
         0          0          0          0          0          0   __rtentry.o
        12          0          0          0          0          0   __rtentry2.o
         6          0          0          0          0          0   __rtentry4.o
        52          8          0          0          0          0   __scatter.o
        28          0          0          0          0          0   __scatter_zi.o
         6          0          0          0          0          0   _printf_a.o
         6          0          0          0          0          0   _printf_c.o
        44          0          0          0          0        108   _printf_char.o
        48          6          0          0          0         96   _printf_char_common.o
        36          4          0          0          0         80   _printf_char_file.o
        40          0          0          0          0         68   _printf_charcount.o
         6          0          0          0          0          0   _printf_d.o
       120         16          0          0          0         92   _printf_dec.o
         6          0          0          0          0          0   _printf_e.o
         6          0          0          0          0          0   _printf_f.o
      1054          0          0          0          0        216   _printf_fp_dec.o
       764          8         38          0          0        100   _printf_fp_hex.o
       128         16          0          0          0         84   _printf_fp_infnan.o
         6          0          0          0          0          0   _printf_g.o
       148          4         40          0          0        160   _printf_hex_int_ll_ptr.o
         6          0          0          0          0          0   _printf_i.o
       178          0          0          0          0         88   _printf_intcommon.o
        10          0          0          0          0          0   _printf_l.o
         6          0          0          0          0          0   _printf_lc.o
        10          0          0          0          0          0   _printf_ll.o
         6          0          0          0          0          0   _printf_lld.o
         6          0          0          0          0          0   _printf_lli.o
         6          0          0          0          0          0   _printf_llo.o
         6          0          0          0          0          0   _printf_llu.o
         6          0          0          0          0          0   _printf_llx.o
       124         16          0          0          0         92   _printf_longlong_dec.o
         6          0          0          0          0          0   _printf_ls.o
         6          0          0          0          0          0   _printf_n.o
         6          0          0          0          0          0   _printf_o.o
       112         10          0          0          0        124   _printf_oct_int_ll.o
         6          0          0          0          0          0   _printf_p.o
        78          0          0          0          0        108   _printf_pad.o
         0          0          0          0          0          0   _printf_percent.o
         4          0          0          0          0          0   _printf_percent_end.o
         6          0          0          0          0          0   _printf_s.o
        82          0          0          0          0         80   _printf_str.o
        36          0          0          0          0         84   _printf_truncate.o
         6          0          0          0          0          0   _printf_u.o
        44          0          0          0          0        108   _printf_wchar.o
       188          6          8          0          0         92   _printf_wctomb.o
         6          0          0          0          0          0   _printf_x.o
        16          0          0          0          0         68   _snputc.o
        10          0          0          0          0         68   _sputc.o
        64          0          0          0          0         92   _wcrtomb.o
        16          0          0          0          0         68   aeabi_memset.o
       228          4        148          0          0         96   bigflt0.o
      1936        128          0          0          0        672   btod.o
        18          0          0          0          0         80   exit.o
         8          0          0          0          0         68   ferror.o
         6          0          0          0          0        152   heapauxi.o
        44         10        272          0          0         76   lc_ctype_c.o
        44         10         28          0          0         76   lc_numeric_c.o
         2          0          0          0          0          0   libinit.o
        34          0          0          0          0          0   libinit2.o
         2          0          0          0          0          0   libshutdown.o
         2          0          0          0          0          0   libshutdown2.o
         8          4          0          0         96         68   libspace.o
       138          0          0          0          0         80   lludiv10.o
        16          4          0          0          0         76   rt_ctype_table.o
         8          4          0          0          0         68   rt_locale_intlibspace.o
        68          0          0          0          0         68   rt_memclr.o
        78          0          0          0          0         80   rt_memclr_w.o
       138          0          0          0          0         68   rt_memcpy_v6.o
       100          0          0          0          0         80   rt_memcpy_w.o
         2          0          0          0          0          0   rtexit.o
        10          0          0          0          0          0   rtexit2.o
        24          0          0          0          0         68   strcat.o
       128          0          0          0          0         68   strcmpv7m.o
        72          0          0          0          0         80   strcpy.o
        62          0          0          0          0         76   strlen.o
        36          0          0          0          0         76   strncat.o
       150          0          0          0          0         80   strncmp.o
        86          0          0          0          0         76   strncpy.o
        74          0          0          0          0         80   sys_stackheap_outer.o
         2          0          0          0          0         68   use_no_semi.o
         2          0          0          0          0         68   use_no_semi_2.o
        52          4          0          0          0         80   vsnprintf.o
        36          4          0          0          0         76   vsprintf.o
        10          0          0          0          0        116   fpinit.o
         4          0          0          0          0        116   printf1.o
         4          0          0          0          0        116   printf2.o
         0          0          0          0          0          0   usenofp.o
        48          0          0          0          0        124   fpclassify.o

    ----------------------------------------------------------------------
      7836        280        553          0         96       5648   Library Totals
        12          0          2          0          0          0   (incl. Padding)

    ----------------------------------------------------------------------

      Code (inc. data)   RO Data    RW Data    ZI Data      Debug   Library Name

      7758        280        551          0         96       5176   c_w.l
        18          0          0          0          0        348   fz_wm.l
        48          0          0          0          0        124   m_wm.l

    ----------------------------------------------------------------------
      7836        280        553          0         96       5648   Library Totals

    ----------------------------------------------------------------------

==============================================================================


      Code (inc. data)   RO Data    RW Data    ZI Data      Debug   

     35220       7286       5580        348     311708     588483   Grand Totals
     35220       7286       5580         64     311708     588483   ELF Image Totals (compressed)
     35220       7286       5580         64          0          0   ROM Totals

==============================================================================

    Total RO  Size (Code + RO Data)                40800 (  39.84kB)
    Total RW  Size (RW Data + ZI Data)            312056 ( 304.74kB)
    Total ROM Size (Code + RO Data + RW Data)      40864 (  39.91kB)

==============================================================================

