Component: ARM Compiler 5.06 update 6 (build 750) Tool: armlink [4d35ed]

==============================================================================

Section Cross References

    main.o(i.Key_task) refers to _printf_percent.o(.ARM.Collect$$_printf_percent$$00000000) for _printf_percent
    main.o(i.Key_task) refers to _printf_s.o(.ARM.Collect$$_printf_percent$$00000014) for _printf_s
    main.o(i.Key_task) refers to _printf_str.o(.text) for _printf_str
    main.o(i.Key_task) refers to drv_key.o(i.drv_key_Scan) for drv_key_Scan
    main.o(i.Key_task) refers to __2printf.o(.text) for __2printf
    main.o(i.Key_task) refers to tasks.o(i.vTaskDelay) for vTaskDelay
    main.o(i.Key_task) refers to tasks.o(i.vTaskList) for vTaskList
    main.o(i.Key_task) refers to tasks.o(i.vTaskGetRunTimeStats) for vTaskGetRunTimeStats
    main.o(i.Key_task) refers to ini.o(i.ReadIAP) for ReadIAP
    main.o(i.Key_task) refers to ini.o(i.SystemReset) for SystemReset
    main.o(i.Key_task) refers to ef_iap.o(i.ef_erase_bak_app) for ef_erase_bak_app
    main.o(i.led0_task) refers to tasks.o(i.vTaskDelay) for vTaskDelay
    main.o(i.led1_task) refers to tasks.o(i.vTaskDelay) for vTaskDelay
    main.o(i.main) refers to misc.o(i.NVIC_PriorityGroupConfig) for NVIC_PriorityGroupConfig
    main.o(i.main) refers to delay.o(i.delay_init) for delay_init
    main.o(i.main) refers to stmflash.o(i.STM_FLASH_Init) for STM_FLASH_Init
    main.o(i.main) refers to drv_usart1.o(i.drv_Usart1_Init) for drv_Usart1_Init
    main.o(i.main) refers to cli_serial.o(i.xUsart2Init) for xUsart2Init
    main.o(i.main) refers to drv_key.o(i.drv_key_Init) for drv_key_Init
    main.o(i.main) refers to drv_led.o(i.drv_LED_Init) for drv_LED_Init
    main.o(i.main) refers to drv_time.o(i.drv_TIM6_Init) for drv_TIM6_Init
    main.o(i.main) refers to easyflash.o(i.easyflash_init) for easyflash_init
    main.o(i.main) refers to cmd_fun.o(i.CMD_Init) for CMD_Init
    main.o(i.main) refers to tasks.o(i.xTaskCreate) for xTaskCreate
    main.o(i.main) refers to tasks.o(i.vTaskStartScheduler) for vTaskStartScheduler
    main.o(i.main) refers to main.o(.data) for .data
    main.o(i.main) refers to main.o(i.start_task) for start_task
    main.o(i.start_task) refers to port.o(i.vPortEnterCritical) for vPortEnterCritical
    main.o(i.start_task) refers to uartcommandconsole.o(i.vUARTCommandConsoleStart) for vUARTCommandConsoleStart
    main.o(i.start_task) refers to tasks.o(i.xTaskCreate) for xTaskCreate
    main.o(i.start_task) refers to tasks.o(i.vTaskDelete) for vTaskDelete
    main.o(i.start_task) refers to port.o(i.vPortExitCritical) for vPortExitCritical
    main.o(i.start_task) refers to main.o(.data) for .data
    main.o(i.start_task) refers to main.o(i.led0_task) for led0_task
    main.o(i.start_task) refers to main.o(i.led1_task) for led1_task
    main.o(i.start_task) refers to main.o(i.Key_task) for Key_task
    main.o(i.start_task) refers to main.o(i.vTaskMsgPro) for vTaskMsgPro
    main.o(i.vTaskMsgPro) refers to drv_usart1.o(i.drv_Usart1_GetByte) for drv_Usart1_GetByte
    main.o(i.vTaskMsgPro) refers to __2printf.o(.text) for __2printf
    main.o(i.vTaskMsgPro) refers to tasks.o(i.vTaskDelay) for vTaskDelay
    system_stm32f4xx.o(i.SystemCoreClockUpdate) refers to system_stm32f4xx.o(.data) for .data
    system_stm32f4xx.o(i.SystemInit) refers to system_stm32f4xx.o(i.SetSysClock) for SetSysClock
    test.o(i.COMProcessHelp) refers to __2printf.o(.text) for __2printf
    test.o(i.FlashTest) refers to _printf_pad.o(.text) for _printf_pre_padding
    test.o(i.FlashTest) refers to _printf_percent.o(.ARM.Collect$$_printf_percent$$00000000) for _printf_percent
    test.o(i.FlashTest) refers to _printf_d.o(.ARM.Collect$$_printf_percent$$00000009) for _printf_d
    test.o(i.FlashTest) refers to _printf_x.o(.ARM.Collect$$_printf_percent$$0000000C) for _printf_x
    test.o(i.FlashTest) refers to _printf_s.o(.ARM.Collect$$_printf_percent$$00000014) for _printf_s
    test.o(i.FlashTest) refers to _printf_dec.o(.text) for _printf_int_dec
    test.o(i.FlashTest) refers to _printf_hex_int_ll_ptr.o(.text) for _printf_longlong_hex
    test.o(i.FlashTest) refers to _printf_str.o(.text) for _printf_str
    test.o(i.FlashTest) refers to rt_memclr_w.o(.text) for __aeabi_memclr4
    test.o(i.FlashTest) refers to sfud.o(i.sfud_get_device_table) for sfud_get_device_table
    test.o(i.FlashTest) refers to sfud.o(i.sfud_erase) for sfud_erase
    test.o(i.FlashTest) refers to __2printf.o(.text) for __2printf
    test.o(i.FlashTest) refers to sfud.o(i.sfud_write) for sfud_write
    test.o(i.FlashTest) refers to sfud.o(i.sfud_read) for sfud_read
    test.o(i.FlashTest) refers to test.o(.conststring) for .conststring
    test.o(i.test_env) refers to _printf_percent.o(.ARM.Collect$$_printf_percent$$00000000) for _printf_percent
    test.o(i.test_env) refers to _printf_d.o(.ARM.Collect$$_printf_percent$$00000009) for _printf_d
[...]
    OTG_FS_WKUP_IRQHandler                   0x080103ef   Thumb Code     0  startup_stm32f40_41xxx.o(.text)
    OTG_HS_EP1_IN_IRQHandler                 0x080103ef   Thumb Code     0  startup_stm32f40_41xxx.o(.text)
    OTG_HS_EP1_OUT_IRQHandler                0x080103ef   Thumb Code     0  startup_stm32f40_41xxx.o(.text)
    OTG_HS_IRQHandler                        0x080103ef   Thumb Code     0  startup_stm32f40_41xxx.o(.text)
    OTG_HS_WKUP_IRQHandler                   0x080103ef   Thumb Code     0  startup_stm32f40_41xxx.o(.text)
    PVD_IRQHandler                           0x080103ef   Thumb Code     0  startup_stm32f40_41xxx.o(.text)
    RCC_IRQHandler                           0x080103ef   Thumb Code     0  startup_stm32f40_41xxx.o(.text)
    RTC_Alarm_IRQHandler                     0x080103ef   Thumb Code     0  startup_stm32f40_41xxx.o(.text)
    RTC_WKUP_IRQHandler                      0x080103ef   Thumb Code     0  startup_stm32f40_41xxx.o(.text)
    SDIO_IRQHandler                          0x080103ef   Thumb Code     0  startup_stm32f40_41xxx.o(.text)
    SPI1_IRQHandler                          0x080103ef   Thumb Code     0  startup_stm32f40_41xxx.o(.text)
    SPI2_IRQHandler                          0x080103ef   Thumb Code     0  startup_stm32f40_41xxx.o(.text)
    SPI3_IRQHandler                          0x080103ef   Thumb Code     0  startup_stm32f40_41xxx.o(.text)
    TAMP_STAMP_IRQHandler                    0x080103ef   Thumb Code     0  startup_stm32f40_41xxx.o(.text)
    TIM1_BRK_TIM9_IRQHandler                 0x080103ef   Thumb Code     0  startup_stm32f40_41xxx.o(.text)
    TIM1_CC_IRQHandler                       0x080103ef   Thumb Code     0  startup_stm32f40_41xxx.o(.text)
    TIM1_TRG_COM_TIM11_IRQHandler            0x080103ef   Thumb Code     0  startup_stm32f40_41xxx.o(.text)
    TIM1_UP_TIM10_IRQHandler                 0x080103ef   Thumb Code     0  startup_stm32f40_41xxx.o(.text)
    TIM2_IRQHandler                          0x080103ef   Thumb Code     0  startup_stm32f40_41xxx.o(.text)
    TIM3_IRQHandler                          0x080103ef   Thumb Code     0  startup_stm32f40_41xxx.o(.text)
    TIM4_IRQHandler                          0x080103ef   Thumb Code     0  startup_stm32f40_41xxx.o(.text)
    TIM5_IRQHandler                          0x080103ef   Thumb Code     0  startup_stm32f40_41xxx.o(.text)
    TIM7_IRQHandler                          0x080103ef   Thumb Code     0  startup_stm32f40_41xxx.o(.text)
    TIM8_BRK_TIM12_IRQHandler                0x080103ef   Thumb Code     0  startup_stm32f40_41xxx.o(.text)
    TIM8_CC_IRQHandler                       0x080103ef   Thumb Code     0  startup_stm32f40_41xxx.o(.text)
    TIM8_TRG_COM_TIM14_IRQHandler            0x080103ef   Thumb Code     0  startup_stm32f40_41xxx.o(.text)
    TIM8_UP_TIM13_IRQHandler                 0x080103ef   Thumb Code     0  startup_stm32f40_41xxx.o(.text)
    UART4_IRQHandler                         0x080103ef   Thumb Code     0  startup_stm32f40_41xxx.o(.text)
    UART5_IRQHandler                         0x080103ef   Thumb Code     0  startup_stm32f40_41xxx.o(.text)
    USART1_IRQHandler                        0x080103ef   Thumb Code     0  startup_stm32f40_41xxx.o(.text)
    USART3_IRQHandler                        0x080103ef   Thumb Code     0  startup_stm32f40_41xxx.o(.text)
    USART6_IRQHandler                        0x080103ef   Thumb Code     0  startup_stm32f40_41xxx.o(.text)
    WWDG_IRQHandler                          0x080103ef   Thumb Code     0  startup_stm32f40_41xxx.o(.text)
    __user_initial_stackheap                 0x080103f1   Thumb Code     0  startup_stm32f40_41xxx.o(.text)
    __use_no_semihosting                     0x08010415   Thumb Code     2  use_no_semi_2.o(.text)
    vsprintf                                 0x08010419   Thumb Code    32  vsprintf.o(.text)
    vsnprintf                                0x0801043d   Thumb Code    48  vsnprintf.o(.text)
    __2printf                                0x08010471   Thumb Code    20  __2printf.o(.text)
    __2sprintf                               0x08010489   Thumb Code    38  __2sprintf.o(.text)
    _printf_pre_padding                      0x080104b5   Thumb Code    44  _printf_pad.o(.text)
    _printf_post_padding                     0x080104e1   Thumb Code    34  _printf_pad.o(.text)
    _printf_str                              0x08010503   Thumb Code    82  _printf_str.o(.text)
    _printf_int_dec                          0x08010555   Thumb Code   104  _printf_dec.o(.text)
    _printf_longlong_hex                     0x080105cd   Thumb Code    86  _printf_hex_int_ll_ptr.o(.text)
    _printf_int_hex                          0x08010623   Thumb Code    28  _printf_hex_int_ll_ptr.o(.text)
    _printf_ll_hex                           0x0801063f   Thumb Code    12  _printf_hex_int_ll_ptr.o(.text)
    _printf_hex_ptr                          0x0801064b   Thumb Code    18  _printf_hex_int_ll_ptr.o(.text)
    __printf                                 0x08010661   Thumb Code   388  __printf_flags_ss_wp.o(.text)
    strncat                                  0x080107e9   Thumb Code    36  strncat.o(.text)
    strcpy                                   0x0801080d   Thumb Code    72  strcpy.o(.text)
    strlen                                   0x08010855   Thumb Code    62  strlen.o(.text)
    strncmp                                  0x08010893   Thumb Code   150  strncmp.o(.text)
    strcat                                   0x08010929   Thumb Code    24  strcat.o(.text)
    __aeabi_memcpy                           0x08010941   Thumb Code     0  rt_memcpy_v6.o(.text)
    __rt_memcpy                              0x08010941   Thumb Code   138  rt_memcpy_v6.o(.text)
    _memcpy_lastbytes                        0x080109a7   Thumb Code     0  rt_memcpy_v6.o(.text)
    __aeabi_memset                           0x080109cb   Thumb Code    16  aeabi_memset.o(.text)
    __aeabi_memclr                           0x080109db   Thumb Code     0  rt_memclr.o(.text)
    __rt_memclr                              0x080109db   Thumb Code    68  rt_memclr.o(.text)
    _memset                                  0x080109df   Thumb Code     0  rt_memclr.o(.text)
    __aeabi_memclr4                          0x08010a1f   Thumb Code     0  rt_memclr_w.o(.text)
    __aeabi_memclr8                          0x08010a1f   Thumb Code     0  rt_memclr_w.o(.text)
    __rt_memclr_w                            0x08010a1f   Thumb Code    78  rt_memclr_w.o(.text)
    _memset_w                                0x08010a23   Thumb Code     0  rt_memclr_w.o(.text)
    strncpy                                  0x08010a6d   Thumb Code    86  strncpy.o(.text)
    __use_two_region_memory                  0x08010ac3   Thumb Code     2  heapauxi.o(.text)
    __rt_heap_escrow$2region                 0x08010ac5   Thumb Code     2  heapauxi.o(.text)
    __rt_heap_expand$2region                 0x08010ac7   Thumb Code     2  heapauxi.o(.text)
    __I$use$semihosting                      0x08010ac9   Thumb Code     0  use_no_semi.o(.text)
    __use_no_semihosting_swi                 0x08010ac9   Thumb Code     2  use_no_semi.o(.text)
    _printf_truncate_signed                  0x08010acb   Thumb Code    18  _printf_truncate.o(.text)
    _printf_truncate_unsigned                0x08010add   Thumb Code    18  _printf_truncate.o(.text)
    _printf_int_common                       0x08010aef   Thumb Code   178  _printf_intcommon.o(.text)
    _printf_charcount                        0x08010ba1   Thumb Code    40  _printf_charcount.o(.text)
    _printf_char_common                      0x08010bd3   Thumb Code    32  _printf_char_common.o(.text)
    _sputc                                   0x08010bf9   Thumb Code    10  _sputc.o(.text)
    _snputc                                  0x08010c03   Thumb Code    16  _snputc.o(.text)
    _printf_cs_common                        0x08010c13   Thumb Code    20  _printf_char.o(.text)
    _printf_char                             0x08010c27   Thumb Code    16  _printf_char.o(.text)
    _printf_string                           0x08010c37   Thumb Code     8  _printf_char.o(.text)
    _printf_char_file                        0x08010c41   Thumb Code    32  _printf_char_file.o(.text)
    _printf_wctomb                           0x08010c65   Thumb Code   182  _printf_wctomb.o(.text)
    _printf_longlong_dec                     0x08010d21   Thumb Code   108  _printf_longlong_dec.o(.text)
    _printf_longlong_oct                     0x08010d9d   Thumb Code    66  _printf_oct_int_ll.o(.text)
    _printf_int_oct                          0x08010ddf   Thumb Code    24  _printf_oct_int_ll.o(.text)
    _printf_ll_oct                           0x08010df7   Thumb Code    12  _printf_oct_int_ll.o(.text)
    __aeabi_memcpy4                          0x08010e0d   Thumb Code     0  rt_memcpy_w.o(.text)
    __aeabi_memcpy8                          0x08010e0d   Thumb Code     0  rt_memcpy_w.o(.text)
    __rt_memcpy_w                            0x08010e0d   Thumb Code   100  rt_memcpy_w.o(.text)
    _memcpy_lastbytes_aligned                0x08010e55   Thumb Code     0  rt_memcpy_w.o(.text)
    __user_libspace                          0x08010e71   Thumb Code     8  libspace.o(.text)
    __user_perproc_libspace                  0x08010e71   Thumb Code     0  libspace.o(.text)
    __user_perthread_libspace                0x08010e71   Thumb Code     0  libspace.o(.text)
    __rt_ctype_table                         0x08010e79   Thumb Code    16  rt_ctype_table.o(.text)
    _ll_udiv10                               0x08010e89   Thumb Code   138  lludiv10.o(.text)
    __lib_sel_fp_printf                      0x08010f13   Thumb Code     2  _printf_fp_dec.o(.text)
    _printf_fp_dec_real                      0x080110c5   Thumb Code   620  _printf_fp_dec.o(.text)
    _printf_fp_hex_real                      0x08011331   Thumb Code   756  _printf_fp_hex.o(.text)
    _printf_lcs_common                       0x0801162d   Thumb Code    20  _printf_wchar.o(.text)
    _printf_wchar                            0x08011641   Thumb Code    16  _printf_wchar.o(.text)
    _printf_wstring                          0x08011651   Thumb Code     8  _printf_wchar.o(.text)
    ferror                                   0x08011659   Thumb Code     8  ferror.o(.text)
    _wcrtomb                                 0x08011661   Thumb Code    64  _wcrtomb.o(.text)
    __user_setup_stackheap                   0x080116a1   Thumb Code    74  sys_stackheap_outer.o(.text)
    __rt_locale                              0x080116ed   Thumb Code     8  rt_locale_intlibspace.o(.text)
    _printf_fp_infnan                        0x080116f5   Thumb Code   112  _printf_fp_infnan.o(.text)
    _btod_etento                             0x08011775   Thumb Code   224  bigflt0.o(.text)
    exit                                     0x08011859   Thumb Code    18  exit.o(.text)
    strcmp                                   0x0801186d   Thumb Code   128  strcmpv7m.o(.text)
    _btod_d2e                                0x080118ed   Thumb Code    62  btod.o(CL$$btod_d2e)
    _d2e_denorm_low                          0x0801192b   Thumb Code    70  btod.o(CL$$btod_d2e_denorm_low)
    _d2e_norm_op1                            0x08011971   Thumb Code    96  btod.o(CL$$btod_d2e_norm_op1)
    __btod_div_common                        0x080119d1   Thumb Code   696  btod.o(CL$$btod_div_common)
    _e2e                                     0x08011d09   Thumb Code   220  btod.o(CL$$btod_e2e)
    _btod_ediv                               0x08011de5   Thumb Code    42  btod.o(CL$$btod_ediv)
    _btod_emul                               0x08011e0f   Thumb Code    42  btod.o(CL$$btod_emul)
    __btod_mult_common                       0x08011e39   Thumb Code   580  btod.o(CL$$btod_mult_common)
    BusFault_Handler                         0x0801207d   Thumb Code     2  stm32f4xx_it.o(i.BusFault_Handler)
    CMD_Init                                 0x08012081   Thumb Code    24  cmd_fun.o(i.CMD_Init)
    DMA_Cmd                                  0x0801209d   Thumb Code    20  stm32f4xx_dma.o(i.DMA_Cmd)
    DMA_DeInit                               0x080120b1   Thumb Code   272  stm32f4xx_dma.o(i.DMA_DeInit)
    DMA_Init                                 0x080121d5   Thumb Code    80  stm32f4xx_dma.o(i.DMA_Init)
    DebugMon_Handler                         0x08012229   Thumb Code     2  stm32f4xx_it.o(i.DebugMon_Handler)
    FLASH_ClearFlag                          0x0801222d   Thumb Code     6  stm32f4xx_flash.o(i.FLASH_ClearFlag)
    FLASH_Unlock                             0x08012239   Thumb Code    22  stm32f4xx_flash.o(i.FLASH_Unlock)
    FreeRTOS_CLIGetOutputBuffer              0x0801225d   Thumb Code     4  freertos_cli.o(i.FreeRTOS_CLIGetOutputBuffer)
    FreeRTOS_CLIGetParameter                 0x08012265   Thumb Code    70  freertos_cli.o(i.FreeRTOS_CLIGetParameter)
    FreeRTOS_CLIProcessCommand               0x080122ad   Thumb Code   194  freertos_cli.o(i.FreeRTOS_CLIProcessCommand)
    FreeRTOS_CLIRegisterCommand              0x0801237d   Thumb Code    74  freertos_cli.o(i.FreeRTOS_CLIRegisterCommand)
    GPIO_Init                                0x080123cd   Thumb Code   120  stm32f4xx_gpio.o(i.GPIO_Init)
    GPIO_PinAFConfig                         0x08012445   Thumb Code    32  stm32f4xx_gpio.o(i.GPIO_PinAFConfig)
    GPIO_ResetBits                           0x08012465   Thumb Code     4  stm32f4xx_gpio.o(i.GPIO_ResetBits)
    GPIO_SetBits                             0x08012469   Thumb Code     4  stm32f4xx_gpio.o(i.GPIO_SetBits)
    HardFault_Handler                        0x0801246d   Thumb Code    26  stm32f4xx_it.o(i.HardFault_Handler)
    Key_task                                 0x080124b9   Thumb Code   118  main.o(i.Key_task)
    MemManage_Handler                        0x080125e9   Thumb Code     2  stm32f4xx_it.o(i.MemManage_Handler)
    NMI_Handler                              0x080125eb   Thumb Code     2  stm32f4xx_it.o(i.NMI_Handler)
    NVIC_Init                                0x080125ed   Thumb Code    96  misc.o(i.NVIC_Init)
    NVIC_PriorityGroupConfig                 0x08012651   Thumb Code    10  misc.o(i.NVIC_PriorityGroupConfig)
    RCC_AHB1PeriphClockCmd                   0x08012665   Thumb Code    18  stm32f4xx_rcc.o(i.RCC_AHB1PeriphClockCmd)
    RCC_APB1PeriphClockCmd                   0x0801267d   Thumb Code    18  stm32f4xx_rcc.o(i.RCC_APB1PeriphClockCmd)
    RCC_APB1PeriphResetCmd                   0x08012695   Thumb Code    18  stm32f4xx_rcc.o(i.RCC_APB1PeriphResetCmd)
    RCC_APB2PeriphClockCmd                   0x080126ad   Thumb Code    18  stm32f4xx_rcc.o(i.RCC_APB2PeriphClockCmd)
    RCC_APB2PeriphResetCmd                   0x080126c5   Thumb Code    18  stm32f4xx_rcc.o(i.RCC_APB2PeriphResetCmd)
    RCC_GetClocksFreq                        0x080126dd   Thumb Code   132  stm32f4xx_rcc.o(i.RCC_GetClocksFreq)
    ReadIAP                                  0x0801276d   Thumb Code   156  ini.o(i.ReadIAP)
    SPI_CalculateCRC                         0x080128a9   Thumb Code    20  stm32f4xx_spi.o(i.SPI_CalculateCRC)
    SPI_Cmd                                  0x080128bd   Thumb Code    20  stm32f4xx_spi.o(i.SPI_Cmd)
    SPI_I2S_DeInit                           0x080128d1   Thumb Code   108  stm32f4xx_spi.o(i.SPI_I2S_DeInit)
    SPI_I2S_GetFlagStatus                    0x08012955   Thumb Code    14  stm32f4xx_spi.o(i.SPI_I2S_GetFlagStatus)
    SPI_I2S_ReceiveData                      0x08012963   Thumb Code     4  stm32f4xx_spi.o(i.SPI_I2S_ReceiveData)
    SPI_I2S_SendData                         0x08012967   Thumb Code     4  stm32f4xx_spi.o(i.SPI_I2S_SendData)
    SPI_Init                                 0x0801296b   Thumb Code    56  stm32f4xx_spi.o(i.SPI_Init)
    STM_FLASH_Init                           0x080129a3   Thumb Code    16  stmflash.o(i.STM_FLASH_Init)
    SysTick_CLKSourceConfig                  0x08012a69   Thumb Code    24  misc.o(i.SysTick_CLKSourceConfig)
    SysTick_Handler                          0x08012a81   Thumb Code    20  delay.o(i.SysTick_Handler)
    SystemInit                               0x08012a95   Thumb Code    72  system_stm32f4xx.o(i.SystemInit)
    SystemReset                              0x08012af1   Thumb Code    46  ini.o(i.SystemReset)
    TIM6_DAC_IRQHandler                      0x08012b45   Thumb Code    38  drv_time.o(i.TIM6_DAC_IRQHandler)
    TIM_ARRPreloadConfig                     0x08012b75   Thumb Code    20  stm32f4xx_tim.o(i.TIM_ARRPreloadConfig)
    TIM_ClearITPendingBit                    0x08012b89   Thumb Code     6  stm32f4xx_tim.o(i.TIM_ClearITPendingBit)
    TIM_Cmd                                  0x08012b8f   Thumb Code    20  stm32f4xx_tim.o(i.TIM_Cmd)
    TIM_GetITStatus                          0x08012ba3   Thumb Code    24  stm32f4xx_tim.o(i.TIM_GetITStatus)
    TIM_ITConfig                             0x08012bbb   Thumb Code    16  stm32f4xx_tim.o(i.TIM_ITConfig)
    TIM_TimeBaseInit                         0x08012bcd   Thumb Code    96  stm32f4xx_tim.o(i.TIM_TimeBaseInit)
    USART2_IRQHandler                        0x08012c49   Thumb Code   124  cli_serial.o(i.USART2_IRQHandler)
    USART_Cmd                                0x08012cd1   Thumb Code    20  stm32f4xx_usart.o(i.USART_Cmd)
    USART_DMACmd                             0x08012ce5   Thumb Code    16  stm32f4xx_usart.o(i.USART_DMACmd)
    USART_DeInit                             0x08012cf5   Thumb Code   138  stm32f4xx_usart.o(i.USART_DeInit)
    USART_GetFlagStatus                      0x08012da1   Thumb Code    14  stm32f4xx_usart.o(i.USART_GetFlagStatus)
    USART_GetITStatus                        0x08012daf   Thumb Code    62  stm32f4xx_usart.o(i.USART_GetITStatus)
    USART_ITConfig                           0x08012ded   Thumb Code    48  stm32f4xx_usart.o(i.USART_ITConfig)
    USART_Init                               0x08012e1d   Thumb Code   164  stm32f4xx_usart.o(i.USART_Init)
    USART_ReceiveData                        0x08012ec9   Thumb Code     8  stm32f4xx_usart.o(i.USART_ReceiveData)
    USART_SendData                           0x08012ed1   Thumb Code     8  stm32f4xx_usart.o(i.USART_SendData)
    UsageFault_Handler                       0x08012ed9   Thumb Code     2  stm32f4xx_it.o(i.UsageFault_Handler)
    __ARM_fpclassify                         0x08012f51   Thumb Code    48  fpclassify.o(i.__ARM_fpclassify)
    _is_digit                                0x08012f81   Thumb Code    14  __printf_wp.o(i._is_digit)
    _sys_exit                                0x08012f8f   Thumb Code     2  cli_serial.o(i._sys_exit)
    delay_init                               0x08013665   Thumb Code    50  delay.o(i.delay_init)
    delay_ms                                 0x0801369d   Thumb Code    52  delay.o(i.delay_ms)
    delay_us                                 0x080136d5   Thumb Code    48  delay.o(i.delay_us)
    drv_LED_Init                             0x08013809   Thumb Code    58  drv_led.o(i.drv_LED_Init)
    drv_TIM6_Init                            0x08013849   Thumb Code   108  drv_time.o(i.drv_TIM6_Init)
    drv_Usart1_GetByte                       0x080138c1   Thumb Code    32  drv_usart1.o(i.drv_Usart1_GetByte)
    drv_Usart1_Init                          0x080138e5   Thumb Code   130  drv_usart1.o(i.drv_Usart1_Init)
    drv_key_Init                             0x08013971   Thumb Code    58  drv_key.o(i.drv_key_Init)
    drv_key_Scan                             0x080139b5   Thumb Code   138  drv_key.o(i.drv_key_Scan)
    eTaskGetState                            0x08013a4d   Thumb Code   106  tasks.o(i.eTaskGetState)
    easyflash_init                           0x08013ac1   Thumb Code    62  easyflash.o(i.easyflash_init)
    ef_calc_crc32                            0x08013b59   Thumb Code    32  ef_utils.o(i.ef_calc_crc32)
    ef_del_env                               0x08013b7d   Thumb Code    44  ef_env.o(i.ef_del_env)
    ef_env_init                              0x08013bd1   Thumb Code    76  ef_env.o(i.ef_env_init)
    ef_env_set_default                       0x08013cad   Thumb Code   164  ef_env.o(i.ef_env_set_default)
    ef_erase_bak_app                         0x08013dc9   Thumb Code    36  ef_iap.o(i.ef_erase_bak_app)
    ef_get_env                               0x08013e49   Thumb Code    46  ef_env.o(i.ef_get_env)
    ef_get_env_blob                          0x08013ebd   Thumb Code    82  ef_env.o(i.ef_get_env_blob)
    ef_iap_init                              0x08013f31   Thumb Code    12  ef_iap.o(i.ef_iap_init)
    ef_load_env                              0x08013f5d   Thumb Code    62  ef_env.o(i.ef_load_env)
    ef_log_debug                             0x08013fa9   Thumb Code    46  ef_port.o(i.ef_log_debug)
    ef_log_info                              0x08013ff9   Thumb Code    42  ef_port.o(i.ef_log_info)
    ef_port_env_lock                         0x08014039   Thumb Code     4  ef_port.o(i.ef_port_env_lock)
    ef_port_env_unlock                       0x0801403d   Thumb Code     4  ef_port.o(i.ef_port_env_unlock)
    ef_port_erase                            0x08014041   Thumb Code    50  ef_port.o(i.ef_port_erase)
    ef_port_init                             0x080140e5   Thumb Code    20  ef_port.o(i.ef_port_init)
    ef_port_read                             0x080140fd   Thumb Code    32  ef_port.o(i.ef_port_read)
    ef_port_write                            0x0801411d   Thumb Code    36  ef_port.o(i.ef_port_write)
    ef_print                                 0x08014141   Thumb Code    28  ef_port.o(i.ef_print)
    ef_print_env                             0x08014165   Thumb Code    66  ef_env.o(i.ef_print_env)
    ef_set_env                               0x08014201   Thumb Code    26  ef_env.o(i.ef_set_env)
    ef_set_env_blob                          0x0801421d   Thumb Code    48  ef_env.o(i.ef_set_env_blob)
    fputc                                    0x080143f9   Thumb Code    18  cli_serial.o(i.fputc)
    led0_task                                0x08014845   Thumb Code    24  main.o(i.led0_task)
    led1_task                                0x08014861   Thumb Code    32  main.o(i.led1_task)
    main                                     0x08014885   Thumb Code    84  main.o(i.main)
    pvPortMalloc                             0x08015c6d   Thumb Code   210  heap_4.o(i.pvPortMalloc)
    pvTaskIncrementMutexHeldCount            0x08015d45   Thumb Code    18  tasks.o(i.pvTaskIncrementMutexHeldCount)
    pxPortInitialiseStack                    0x08015d5d   Thumb Code    40  port.o(i.pxPortInitialiseStack)
    retry_delay_100us                        0x080162d5   Thumb Code     6  delay.o(i.retry_delay_100us)
    sfud_chip_erase                          0x080165fd   Thumb Code   174  sfud.o(i.sfud_chip_erase)
    sfud_device_init                         0x0801673d   Thumb Code    64  sfud.o(i.sfud_device_init)
    sfud_erase                               0x08016825   Thumb Code   288  sfud.o(i.sfud_erase)
    sfud_get_device_table                    0x080169f5   Thumb Code     4  sfud.o(i.sfud_get_device_table)
    sfud_init                                0x080169fd   Thumb Code    56  sfud.o(i.sfud_init)
    sfud_log_debug                           0x08016aa1   Thumb Code    44  sfud_port.o(i.sfud_log_debug)
    sfud_log_info                            0x08016ae5   Thumb Code    40  sfud_port.o(i.sfud_log_info)
    sfud_read                                0x08016b1d   Thumb Code   184  sfud.o(i.sfud_read)
    sfud_read_status                         0x08016c61   Thumb Code    66  sfud.o(i.sfud_read_status)
    sfud_spi_port_init                       0x08016cf9   Thumb Code   148  sfud_port.o(i.sfud_spi_port_init)
    sfud_write                               0x08016da9   Thumb Code    42  sfud.o(i.sfud_write)
    sfud_write_status                        0x08016dd5   Thumb Code   108  sfud.o(i.sfud_write_status)
    start_task                               0x08016fe9   Thumb Code   118  main.o(i.start_task)
    uxListRemove                             0x080170f1   Thumb Code    38  list.o(i.uxListRemove)
    uxTaskGetSystemState                     0x08017119   Thumb Code   160  tasks.o(i.uxTaskGetSystemState)
    vListInitialise                          0x080171c9   Thumb Code    22  list.o(i.vListInitialise)
    vListInitialiseItem                      0x080171df   Thumb Code     6  list.o(i.vListInitialiseItem)
    vListInsert                              0x080171e5   Thumb Code    48  list.o(i.vListInsert)
    vListInsertEnd                           0x08017215   Thumb Code    24  list.o(i.vListInsertEnd)
    vPortEnterCritical                       0x0801722d   Thumb Code    54  port.o(i.vPortEnterCritical)
    vPortExitCritical                        0x0801726d   Thumb Code    34  port.o(i.vPortExitCritical)
    vPortFree                                0x08017295   Thumb Code    88  heap_4.o(i.vPortFree)
    vPortSetupTimerInterrupt                 0x080172f1   Thumb Code    32  port.o(i.vPortSetupTimerInterrupt)
    vPortValidateInterruptPriority           0x08017315   Thumb Code    88  port.o(i.vPortValidateInterruptPriority)
    vQueueAddToRegistry                      0x08017375   Thumb Code    32  queue.o(i.vQueueAddToRegistry)
    vQueueWaitForMessageRestricted           0x08017399   Thumb Code    68  queue.o(i.vQueueWaitForMessageRestricted)
    vSerialPutString                         0x080173dd   Thumb Code    28  cli_serial.o(i.vSerialPutString)
    vTaskDelay                               0x080173f9   Thumb Code    66  tasks.o(i.vTaskDelay)
    vTaskDelete                              0x08017445   Thumb Code   156  tasks.o(i.vTaskDelete)
    vTaskGetInfo                             0x080174f1   Thumb Code   124  tasks.o(i.vTaskGetInfo)
    vTaskGetRunTimeStats                     0x08017571   Thumb Code   134  tasks.o(i.vTaskGetRunTimeStats)
    vTaskInternalSetTimeOutState             0x08017615   Thumb Code    12  tasks.o(i.vTaskInternalSetTimeOutState)
    vTaskList                                0x08017625   Thumb Code   148  tasks.o(i.vTaskList)
    vTaskMissedYield                         0x080176cd   Thumb Code     8  tasks.o(i.vTaskMissedYield)
    vTaskMsgPro                              0x080176d9   Thumb Code    48  main.o(i.vTaskMsgPro)
    vTaskPlaceOnEventList                    0x08017759   Thumb Code    44  tasks.o(i.vTaskPlaceOnEventList)
    vTaskPlaceOnEventListRestricted          0x08017789   Thumb Code    52  tasks.o(i.vTaskPlaceOnEventListRestricted)
    vTaskPriorityDisinheritAfterTimeout      0x080177c1   Thumb Code   162  tasks.o(i.vTaskPriorityDisinheritAfterTimeout)
    vTaskStartScheduler                      0x0801786d   Thumb Code    98  tasks.o(i.vTaskStartScheduler)
    vTaskSuspendAll                          0x080178e5   Thumb Code    10  tasks.o(i.vTaskSuspendAll)
    vTaskSwitchContext                       0x080178f5   Thumb Code   108  tasks.o(i.vTaskSwitchContext)
    vUARTCommandConsoleStart                 0x0801796d   Thumb Code    54  uartcommandconsole.o(i.vUARTCommandConsoleStart)
    xPortStartScheduler                      0x08017b49   Thumb Code   224  port.o(i.xPortStartScheduler)
    xPortSysTickHandler                      0x08017c3d   Thumb Code    38  port.o(i.xPortSysTickHandler)
    xQueueCreateMutex                        0x08017c69   Thumb Code    36  queue.o(i.xQueueCreateMutex)
    xQueueGenericCreate                      0x08017c8d   Thumb Code    82  queue.o(i.xQueueGenericCreate)
    xQueueGenericReset                       0x08017ce1   Thumb Code   132  queue.o(i.xQueueGenericReset)
    xQueueGenericSend                        0x08017d69   Thumb Code   350  queue.o(i.xQueueGenericSend)
    xQueueGenericSendFromISR                 0x08017ecd   Thumb Code   188  queue.o(i.xQueueGenericSendFromISR)
    xQueueReceive                            0x08017f89   Thumb Code   308  queue.o(i.xQueueReceive)
    xQueueReceiveFromISR                     0x080180c1   Thumb Code   154  queue.o(i.xQueueReceiveFromISR)
    xQueueSemaphoreTake                      0x0801815d   Thumb Code   372  queue.o(i.xQueueSemaphoreTake)
    xSerialGetChar                           0x080182d5   Thumb Code    18  cli_serial.o(i.xSerialGetChar)
    xSerialPortInitMinimal                   0x080182ed   Thumb Code   224  cli_serial.o(i.xSerialPortInitMinimal)
    xSerialPutChar                           0x080183d9   Thumb Code    40  cli_serial.o(i.xSerialPutChar)
    xTaskCheckForTimeOut                     0x08018409   Thumb Code   112  tasks.o(i.xTaskCheckForTimeOut)
    xTaskCreate                              0x0801847d   Thumb Code    86  tasks.o(i.xTaskCreate)
    xTaskGetSchedulerState                   0x080184d5   Thumb Code    22  tasks.o(i.xTaskGetSchedulerState)
    xTaskGetTickCount                        0x080184f1   Thumb Code     6  tasks.o(i.xTaskGetTickCount)
    xTaskIncrementTick                       0x080184fd   Thumb Code   192  tasks.o(i.xTaskIncrementTick)
    xTaskPriorityDisinherit                  0x080185c5   Thumb Code   144  tasks.o(i.xTaskPriorityDisinherit)
    xTaskPriorityInherit                     0x0801865d   Thumb Code   140  tasks.o(i.xTaskPriorityInherit)
    xTaskRemoveFromEventList                 0x080186f1   Thumb Code   108  tasks.o(i.xTaskRemoveFromEventList)
    xTaskResumeAll                           0x08018765   Thumb Code   182  tasks.o(i.xTaskResumeAll)
    xTimerCreateTimerTask                    0x08018829   Thumb Code    58  timers.o(i.xTimerCreateTimerTask)
    xTimerGenericCommand                     0x08018875   Thumb Code    88  timers.o(i.xTimerGenericCommand)
    xUsart2Init                              0x080188d1   Thumb Code   168  cli_serial.o(i.xUsart2Init)
    _get_lc_ctype                            0x08018981   Thumb Code    44  lc_ctype_c.o(locale$$code)
    _get_lc_numeric                          0x080189ad   Thumb Code    44  lc_numeric_c.o(locale$$code)
    _fp_init                                 0x080189d9   Thumb Code    10  fpinit.o(x$fpl$fpinit)
    __fplib_config_fpu_vfp                   0x080189e1   Thumb Code     0  fpinit.o(x$fpl$fpinit)
    __fplib_config_pureend_doubles           0x080189e1   Thumb Code     0  fpinit.o(x$fpl$fpinit)
    _printf_fp_dec                           0x080189e3   Thumb Code     4  printf1.o(x$fpl$printf1)
    _printf_fp_hex                           0x080189e7   Thumb Code     4  printf2.o(x$fpl$printf2)
    __I$use$fp                               0x080189ea   Number         0  usenofp.o(x$fpl$usenofp)
    Region$$Table$$Base                      0x08019ccc   Number         0  anon$$obj.o(Region$$Table)
    Region$$Table$$Limit                     0x08019cec   Number         0  anon$$obj.o(Region$$Table)
    __ctype                                  0x08019cf9   Data           0  lc_ctype_c.o(locale$$data)
    StartTask_Handler                        0x20000000   Data           4  main.o(.data)
    LED0Task_Handler                         0x20000004   Data           4  main.o(.data)
    LED1Task_Handler                         0x20000008   Data           4  main.o(.data)
    CMDTask_Handler                          0x2000000c   Data           4  main.o(.data)
    KEYTask_Handler                          0x20000010   Data           4  main.o(.data)
    SystemCoreClock                          0x20000014   Data           4  system_stm32f4xx.o(.data)
    AHBPrescTable                            0x20000018   Data          16  system_stm32f4xx.o(.data)
    ulHighFrequencyTimerTicks                0x2000002c   Data           4  drv_time.o(.data)
    g1msTimerUART1                           0x20000030   Data           4  drv_time.o(.data)
    pxCurrentTCB                             0x20000048   Data           4  tasks.o(.data)
    __stdout                                 0x200000e8   Data           4  cli_serial.o(.data)
    xQueueRegistry                           0x20000558   Data          64  queue.o(.bss)
    __libspace_start                         0x20005ea8   Data          96  libspace.o(.bss)
    __temporary_stack_top$libspace           0x20005f08   Data           0  libspace.o(.bss)



==============================================================================

Memory Map of the image

  Image Entry point : 0x08010189

  Load Region LR_IROM1 (Base: 0x08010000, Size: 0x00009f70, Max: 0x000f0000, ABSOLUTE, COMPRESSED[0x00009e58])

    Execution Region ER_IROM1 (Exec base: 0x08010000, Load base: 0x08010000, Size: 0x00009e18, Max: 0x000f0000, ABSOLUTE)

    Exec Addr    Load Addr    Size         Type   Attr      Idx    E Section Name        Object

    0x08010000   0x08010000   0x00000188   Data   RO         2907    RESET               startup_stm32f40_41xxx.o
    0x08010188   0x08010188   0x00000008   Code   RO         5008  * !!!main             c_w.l(__main.o)
    0x08010190   0x08010190   0x00000034   Code   RO         5295    !!!scatter          c_w.l(__scatter.o)
    0x080101c4   0x080101c4   0x0000005a   Code   RO         5293    !!dczerorl2         c_w.l(__dczerorl2.o)
    0x0801021e   0x0801021e   0x00000002   PAD
    0x08010220   0x08010220   0x0000001c   Code   RO         5297    !!handler_zi        c_w.l(__scatter_zi.o)
    0x0801023c   0x0801023c   0x00000000   Code   RO         4979    .ARM.Collect$$_printf_percent$$00000000  c_w.l(_printf_percent.o)
    0x0801023c   0x0801023c   0x00000006   Code   RO         5045    .ARM.Collect$$_printf_percent$$00000001  c_w.l(_printf_n.o)
    0x08010242   0x08010242   0x00000006   Code   RO         5046    .ARM.Collect$$_printf_percent$$00000002  c_w.l(_printf_p.o)
    0x08010248   0x08010248   0x00000006   Code   RO         5049    .ARM.Collect$$_printf_percent$$00000003  c_w.l(_printf_f.o)
    0x0801024e   0x0801024e   0x00000006   Code   RO         5050    .ARM.Collect$$_printf_percent$$00000004  c_w.l(_printf_e.o)
    0x08010254   0x08010254   0x00000006   Code   RO         5051    .ARM.Collect$$_printf_percent$$00000005  c_w.l(_printf_g.o)
    0x0801025a   0x0801025a   0x00000006   Code   RO         5052    .ARM.Collect$$_printf_percent$$00000006  c_w.l(_printf_a.o)
    0x08010260   0x08010260   0x0000000a   Code   RO         5057    .ARM.Collect$$_printf_percent$$00000007  c_w.l(_printf_ll.o)
    0x0801026a   0x0801026a   0x00000006   Code   RO         5048    .ARM.Collect$$_printf_percent$$00000008  c_w.l(_printf_i.o)
    0x08010270   0x08010270   0x00000006   Code   RO         4977    .ARM.Collect$$_printf_percent$$00000009  c_w.l(_printf_d.o)
    0x08010276   0x08010276   0x00000006   Code   RO         4978    .ARM.Collect$$_printf_percent$$0000000A  c_w.l(_printf_u.o)
    0x0801027c   0x0801027c   0x00000006   Code   RO         5047    .ARM.Collect$$_printf_percent$$0000000B  c_w.l(_printf_o.o)
    0x08010282   0x08010282   0x00000006   Code   RO         4976    .ARM.Collect$$_printf_percent$$0000000C  c_w.l(_printf_x.o)
    0x08010288   0x08010288   0x00000006   Code   RO         5054    .ARM.Collect$$_printf_percent$$0000000D  c_w.l(_printf_lli.o)
    0x0801028e   0x0801028e   0x00000006   Code   RO         5055    .ARM.Collect$$_printf_percent$$0000000E  c_w.l(_printf_lld.o)
    0x08010294   0x08010294   0x00000006   Code   RO         5056    .ARM.Collect$$_printf_percent$$0000000F  c_w.l(_printf_llu.o)
    0x0801029a   0x0801029a   0x00000006   Code   RO         5061    .ARM.Collect$$_printf_percent$$00000010  c_w.l(_printf_llo.o)
    0x080102a0   0x080102a0   0x00000006   Code   RO         5062    .ARM.Collect$$_printf_percent$$00000011  c_w.l(_printf_llx.o)
    0x080102a6   0x080102a6   0x0000000a   Code   RO         5058    .ARM.Collect$$_printf_percent$$00000012  c_w.l(_printf_l.o)
    0x080102b0   0x080102b0   0x00000006   Code   RO         4974    .ARM.Collect$$_printf_percent$$00000013  c_w.l(_printf_c.o)
    0x080102b6   0x080102b6   0x00000006   Code   RO         4975    .ARM.Collect$$_printf_percent$$00000014  c_w.l(_printf_s.o)
    0x080102bc   0x080102bc   0x00000006   Code   RO         5059    .ARM.Collect$$_printf_percent$$00000015  c_w.l(_printf_lc.o)
    0x080102c2   0x080102c2   0x00000006   Code   RO         5060    .ARM.Collect$$_printf_percent$$00000016  c_w.l(_printf_ls.o)
    0x080102c8   0x080102c8   0x00000004   Code   RO         5053    .ARM.Collect$$_printf_percent$$00000017  c_w.l(_printf_percent_end.o)
    0x080102cc   0x080102cc   0x00000002   Code   RO         5163    .ARM.Collect$$libinit$$00000000  c_w.l(libinit.o)
    0x080102ce   0x080102ce   0x00000004   Code   RO         5173    .ARM.Collect$$libinit$$00000001  c_w.l(libinit2.o)
    0x080102d2   0x080102d2   0x00000000   Code   RO         5176    .ARM.Collect$$libinit$$00000004  c_w.l(libinit2.o)
    0x080102d2   0x080102d2   0x00000000   Code   RO         5179    .ARM.Collect$$libinit$$0000000A  c_w.l(libinit2.o)
    0x080102d2   0x080102d2   0x00000000   Code   RO         5181    .ARM.Collect$$libinit$$0000000C  c_w.l(libinit2.o)
    0x080102d2   0x080102d2   0x00000000   Code   RO         5183    .ARM.Collect$$libinit$$0000000E  c_w.l(libinit2.o)
    0x080102d2   0x080102d2   0x00000006   Code   RO         5184    .ARM.Collect$$libinit$$0000000F  c_w.l(libinit2.o)
    0x080102d8   0x080102d8   0x00000000   Code   RO         5186    .ARM.Collect$$libinit$$00000011  c_w.l(libinit2.o)
    0x080102d8   0x080102d8   0x0000000c   Code   RO         5187    .ARM.Collect$$libinit$$00000012  c_w.l(libinit2.o)
    0x080102e4   0x080102e4   0x00000000   Code   RO         5188    .ARM.Collect$$libinit$$00000013  c_w.l(libinit2.o)
    0x080102e4   0x080102e4   0x00000000   Code   RO         5190    .ARM.Collect$$libinit$$00000015  c_w.l(libinit2.o)
    0x080102e4   0x080102e4   0x0000000a   Code   RO         5191    .ARM.Collect$$libinit$$00000016  c_w.l(libinit2.o)
    0x080102ee   0x080102ee   0x00000000   Code   RO         5192    .ARM.Collect$$libinit$$00000017  c_w.l(libinit2.o)
    0x080102ee   0x080102ee   0x00000000   Code   RO         5194    .ARM.Collect$$libinit$$00000019  c_w.l(libinit2.o)
    0x080102ee   0x080102ee   0x00000000   Code   RO         5196    .ARM.Collect$$libinit$$0000001B  c_w.l(libinit2.o)
    0x080102ee   0x080102ee   0x00000000   Code   RO         5198    .ARM.Collect$$libinit$$0000001D  c_w.l(libinit2.o)
    0x080102ee   0x080102ee   0x00000000   Code   RO         5200    .ARM.Collect$$libinit$$0000001F  c_w.l(libinit2.o)
    0x080102ee   0x080102ee   0x00000000   Code   RO         5202    .ARM.Collect$$libinit$$00000021  c_w.l(libinit2.o)
    0x080102ee   0x080102ee   0x00000000   Code   RO         5204    .ARM.Collect$$libinit$$00000023  c_w.l(libinit2.o)
    0x080102ee   0x080102ee   0x00000000   Code   RO         5206    .ARM.Collect$$libinit$$00000025  c_w.l(libinit2.o)
    0x080102ee   0x080102ee   0x00000000   Code   RO         5210    .ARM.Collect$$libinit$$0000002C  c_w.l(libinit2.o)
    0x080102ee   0x080102ee   0x00000000   Code   RO         5212    .ARM.Collect$$libinit$$0000002E  c_w.l(libinit2.o)
    0x080102ee   0x080102ee   0x00000000   Code   RO         5214    .ARM.Collect$$libinit$$00000030  c_w.l(libinit2.o)
    0x080102ee   0x080102ee   0x00000000   Code   RO         5216    .ARM.Collect$$libinit$$00000032  c_w.l(libinit2.o)
    0x080102ee   0x080102ee   0x00000002   Code   RO         5217    .ARM.Collect$$libinit$$00000033  c_w.l(libinit2.o)
    0x080102f0   0x080102f0   0x00000002   Code   RO         5235    .ARM.Collect$$libshutdown$$00000000  c_w.l(libshutdown.o)
    0x080102f2   0x080102f2   0x00000000   Code   RO         5245    .ARM.Collect$$libshutdown$$00000002  c_w.l(libshutdown2.o)
    0x080102f2   0x080102f2   0x00000000   Code   RO         5247    .ARM.Collect$$libshutdown$$00000004  c_w.l(libshutdown2.o)
    0x080102f2   0x080102f2   0x00000000   Code   RO         5250    .ARM.Collect$$libshutdown$$00000007  c_w.l(libshutdown2.o)
    0x080102f2   0x080102f2   0x00000000   Code   RO         5253    .ARM.Collect$$libshutdown$$0000000A  c_w.l(libshutdown2.o)
    0x080102f2   0x080102f2   0x00000000   Code   RO         5255    .ARM.Collect$$libshutdown$$0000000C  c_w.l(libshutdown2.o)
    0x080102f2   0x080102f2   0x00000000   Code   RO         5258    .ARM.Collect$$libshutdown$$0000000F  c_w.l(libshutdown2.o)
    0x080102f2   0x080102f2   0x00000002   Code   RO         5259    .ARM.Collect$$libshutdown$$00000010  c_w.l(libshutdown2.o)
    0x080102f4   0x080102f4   0x00000000   Code   RO         5012    .ARM.Collect$$rtentry$$00000000  c_w.l(__rtentry.o)
    0x080102f4   0x080102f4   0x00000000   Code   RO         5079    .ARM.Collect$$rtentry$$00000002  c_w.l(__rtentry2.o)
    0x080102f4   0x080102f4   0x00000006   Code   RO         5091    .ARM.Collect$$rtentry$$00000004  c_w.l(__rtentry4.o)
    0x080102fa   0x080102fa   0x00000000   Code   RO         5081    .ARM.Collect$$rtentry$$00000009  c_w.l(__rtentry2.o)
    0x080102fa   0x080102fa   0x00000004   Code   RO         5082    .ARM.Collect$$rtentry$$0000000A  c_w.l(__rtentry2.o)
    0x080102fe   0x080102fe   0x00000000   Code   RO         5084    .ARM.Collect$$rtentry$$0000000C  c_w.l(__rtentry2.o)
    0x080102fe   0x080102fe   0x00000008   Code   RO         5085    .ARM.Collect$$rtentry$$0000000D  c_w.l(__rtentry2.o)
    0x08010306   0x08010306   0x00000002   Code   RO         5169    .ARM.Collect$$rtexit$$00000000  c_w.l(rtexit.o)
    0x08010308   0x08010308   0x00000000   Code   RO         5219    .ARM.Collect$$rtexit$$00000002  c_w.l(rtexit2.o)
    0x08010308   0x08010308   0x00000004   Code   RO         5220    .ARM.Collect$$rtexit$$00000003  c_w.l(rtexit2.o)
    0x0801030c   0x0801030c   0x00000006   Code   RO         5221    .ARM.Collect$$rtexit$$00000004  c_w.l(rtexit2.o)
    0x08010312   0x08010312   0x00000002   PAD
    0x08010314   0x08010314   0x000000be   Code   RO         3893    .emb_text           port.o
    0x080103d2   0x080103d2   0x00000002   PAD
    0x080103d4   0x080103d4   0x00000040   Code   RO         2908    .text               startup_stm32f40_41xxx.o
    0x08010414   0x08010414   0x00000002   Code   RO         4909    .text               c_w.l(use_no_semi_2.o)
    0x08010416   0x08010416   0x00000002   PAD
    0x08010418   0x08010418   0x00000024   Code   RO         4913    .text               c_w.l(vsprintf.o)
    0x0801043c   0x0801043c   0x00000034   Code   RO         4915    .text               c_w.l(vsnprintf.o)
    0x08010470   0x08010470   0x00000018   Code   RO         4917    .text               c_w.l(__2printf.o)
    0x08010488   0x08010488   0x0000002c   Code   RO         4919    .text               c_w.l(__2sprintf.o)
    0x080104b4   0x080104b4   0x0000004e   Code   RO         4927    .text               c_w.l(_printf_pad.o)
    0x08010502   0x08010502   0x00000052   Code   RO         4929    .text               c_w.l(_printf_str.o)
    0x08010554   0x08010554   0x00000078   Code   RO         4931    .text               c_w.l(_printf_dec.o)
    0x080105cc   0x080105cc   0x00000094   Code   RO         4951    .text               c_w.l(_printf_hex_int_ll_ptr.o)
    0x08010660   0x08010660   0x00000188   Code   RO         4971    .text               c_w.l(__printf_flags_ss_wp.o)
    0x080107e8   0x080107e8   0x00000024   Code   RO         4984    .text               c_w.l(strncat.o)
    0x0801080c   0x0801080c   0x00000048   Code   RO         4986    .text               c_w.l(strcpy.o)
    0x08010854   0x08010854   0x0000003e   Code   RO         4988    .text               c_w.l(strlen.o)
    0x08010892   0x08010892   0x00000096   Code   RO         4990    .text               c_w.l(strncmp.o)
    0x08010928   0x08010928   0x00000018   Code   RO         4992    .text               c_w.l(strcat.o)
    0x08010940   0x08010940   0x0000008a   Code   RO         4994    .text               c_w.l(rt_memcpy_v6.o)
    0x080109ca   0x080109ca   0x00000010   Code   RO         4998    .text               c_w.l(aeabi_memset.o)
    0x080109da   0x080109da   0x00000044   Code   RO         5000    .text               c_w.l(rt_memclr.o)
    0x08010a1e   0x08010a1e   0x0000004e   Code   RO         5002    .text               c_w.l(rt_memclr_w.o)
    0x08010a6c   0x08010a6c   0x00000056   Code   RO         5004    .text               c_w.l(strncpy.o)
    0x08010ac2   0x08010ac2   0x00000006   Code   RO         5006    .text               c_w.l(heapauxi.o)
    0x08010ac8   0x08010ac8   0x00000002   Code   RO         5010    .text               c_w.l(use_no_semi.o)
    0x08010aca   0x08010aca   0x00000024   Code   RO         5018    .text               c_w.l(_printf_truncate.o)
    0x08010aee   0x08010aee   0x000000b2   Code   RO         5020    .text               c_w.l(_printf_intcommon.o)
    0x08010ba0   0x08010ba0   0x00000028   Code   RO         5022    .text               c_w.l(_printf_charcount.o)
    0x08010bc8   0x08010bc8   0x00000030   Code   RO         5024    .text               c_w.l(_printf_char_common.o)
    0x08010bf8   0x08010bf8   0x0000000a   Code   RO         5026    .text               c_w.l(_sputc.o)
    0x08010c02   0x08010c02   0x00000010   Code   RO         5028    .text               c_w.l(_snputc.o)
    0x08010c12   0x08010c12   0x0000002c   Code   RO         5030    .text               c_w.l(_printf_char.o)
    0x08010c3e   0x08010c3e   0x00000002   PAD
    0x08010c40   0x08010c40   0x00000024   Code   RO         5032    .text               c_w.l(_printf_char_file.o)
    0x08010c64   0x08010c64   0x000000bc   Code   RO         5034    .text               c_w.l(_printf_wctomb.o)
    0x08010d20   0x08010d20   0x0000007c   Code   RO         5037    .text               c_w.l(_printf_longlong_dec.o)
    0x08010d9c   0x08010d9c   0x00000070   Code   RO         5043    .text               c_w.l(_printf_oct_int_ll.o)
    0x08010e0c   0x08010e0c   0x00000064   Code   RO         5065    .text               c_w.l(rt_memcpy_w.o)
    0x08010e70   0x08010e70   0x00000008   Code   RO         5075    .text               c_w.l(libspace.o)
    0x08010e78   0x08010e78   0x00000010   Code   RO         5093    .text               c_w.l(rt_ctype_table.o)
    0x08010e88   0x08010e88   0x0000008a   Code   RO         5095    .text               c_w.l(lludiv10.o)
    0x08010f12   0x08010f12   0x0000041e   Code   RO         5097    .text               c_w.l(_printf_fp_dec.o)
    0x08011330   0x08011330   0x000002fc   Code   RO         5099    .text               c_w.l(_printf_fp_hex.o)
    0x0801162c   0x0801162c   0x0000002c   Code   RO         5104    .text               c_w.l(_printf_wchar.o)
    0x08011658   0x08011658   0x00000008   Code   RO         5108    .text               c_w.l(ferror.o)
    0x08011660   0x08011660   0x00000040   Code   RO         5112    .text               c_w.l(_wcrtomb.o)
    0x080116a0   0x080116a0   0x0000004a   Code   RO         5114    .text               c_w.l(sys_stackheap_outer.o)
    0x080116ea   0x080116ea   0x00000002   PAD
    0x080116ec   0x080116ec   0x00000008   Code   RO         5119    .text               c_w.l(rt_locale_intlibspace.o)
    0x080116f4   0x080116f4   0x00000080   Code   RO         5121    .text               c_w.l(_printf_fp_infnan.o)
    0x08011774   0x08011774   0x000000e4   Code   RO         5125    .text               c_w.l(bigflt0.o)
    0x08011858   0x08011858   0x00000012   Code   RO         5156    .text               c_w.l(exit.o)
    0x0801186a   0x0801186a   0x00000002   PAD
    0x0801186c   0x0801186c   0x00000080   Code   RO         5171    .text               c_w.l(strcmpv7m.o)
    0x080118ec   0x080118ec   0x0000003e   Code   RO         5128    CL$$btod_d2e        c_w.l(btod.o)
    0x0801192a   0x0801192a   0x00000046   Code   RO         5130    CL$$btod_d2e_denorm_low  c_w.l(btod.o)
    0x08011970   0x08011970   0x00000060   Code   RO         5129    CL$$btod_d2e_norm_op1  c_w.l(btod.o)
    0x080119d0   0x080119d0   0x00000338   Code   RO         5138    CL$$btod_div_common  c_w.l(btod.o)
    0x08011d08   0x08011d08   0x000000dc   Code   RO         5135    CL$$btod_e2e        c_w.l(btod.o)
    0x08011de4   0x08011de4   0x0000002a   Code   RO         5132    CL$$btod_ediv       c_w.l(btod.o)
    0x08011e0e   0x08011e0e   0x0000002a   Code   RO         5131    CL$$btod_emul       c_w.l(btod.o)
    0x08011e38   0x08011e38   0x00000244   Code   RO         5137    CL$$btod_mult_common  c_w.l(btod.o)
    0x0801207c   0x0801207c   0x00000002   Code   RO          270    i.BusFault_Handler  stm32f4xx_it.o
    0x0801207e   0x0801207e   0x00000002   PAD
    0x08012080   0x08012080   0x0000001c   Code   RO         4194    i.CMD_Init          cmd_fun.o
    0x0801209c   0x0801209c   0x00000014   Code   RO         2527    i.DMA_Cmd           stm32f4xx_dma.o
    0x080120b0   0x080120b0   0x00000124   Code   RO         2528    i.DMA_DeInit        stm32f4xx_dma.o
    0x080121d4   0x080121d4   0x00000054   Code   RO         2539    i.DMA_Init          stm32f4xx_dma.o
    0x08012228   0x08012228   0x00000002   Code   RO          271    i.DebugMon_Handler  stm32f4xx_it.o
    0x0801222a   0x0801222a   0x00000002   PAD
    0x0801222c   0x0801222c   0x0000000c   Code   RO         2653    i.FLASH_ClearFlag   stm32f4xx_flash.o
    0x08012238   0x08012238   0x00000024   Code   RO         2691    i.FLASH_Unlock      stm32f4xx_flash.o
    0x0801225c   0x0801225c   0x00000008   Code   RO         4019    i.FreeRTOS_CLIGetOutputBuffer  freertos_cli.o
    0x08012264   0x08012264   0x00000046   Code   RO         4020    i.FreeRTOS_CLIGetParameter  freertos_cli.o
    0x080122aa   0x080122aa   0x00000002   PAD
    0x080122ac   0x080122ac   0x000000d0   Code   RO         4021    i.FreeRTOS_CLIProcessCommand  freertos_cli.o
    0x0801237c   0x0801237c   0x00000050   Code   RO         4022    i.FreeRTOS_CLIRegisterCommand  freertos_cli.o
    0x080123cc   0x080123cc   0x00000078   Code   RO          853    i.GPIO_Init         stm32f4xx_gpio.o
    0x08012444   0x08012444   0x00000020   Code   RO          854    i.GPIO_PinAFConfig  stm32f4xx_gpio.o
    0x08012464   0x08012464   0x00000004   Code   RO          860    i.GPIO_ResetBits    stm32f4xx_gpio.o
    0x08012468   0x08012468   0x00000004   Code   RO          861    i.GPIO_SetBits      stm32f4xx_gpio.o
    0x0801246c   0x0801246c   0x0000004c   Code   RO          272    i.HardFault_Handler  stm32f4xx_it.o
    0x080124b8   0x080124b8   0x00000130   Code   RO            3    i.Key_task          main.o
    0x080125e8   0x080125e8   0x00000002   Code   RO          273    i.MemManage_Handler  stm32f4xx_it.o
    0x080125ea   0x080125ea   0x00000002   Code   RO          274    i.NMI_Handler       stm32f4xx_it.o
    0x080125ec   0x080125ec   0x00000064   Code   RO          808    i.NVIC_Init         misc.o
    0x08012650   0x08012650   0x00000014   Code   RO          809    i.NVIC_PriorityGroupConfig  misc.o
    0x08012664   0x08012664   0x00000018   Code   RO         1174    i.RCC_AHB1PeriphClockCmd  stm32f4xx_rcc.o
    0x0801267c   0x0801267c   0x00000018   Code   RO         1183    i.RCC_APB1PeriphClockCmd  stm32f4xx_rcc.o
    0x08012694   0x08012694   0x00000018   Code   RO         1185    i.RCC_APB1PeriphResetCmd  stm32f4xx_rcc.o
    0x080126ac   0x080126ac   0x00000018   Code   RO         1186    i.RCC_APB2PeriphClockCmd  stm32f4xx_rcc.o
    0x080126c4   0x080126c4   0x00000018   Code   RO         1188    i.RCC_APB2PeriphResetCmd  stm32f4xx_rcc.o
    0x080126dc   0x080126dc   0x00000090   Code   RO         1195    i.RCC_GetClocksFreq  stm32f4xx_rcc.o
    0x0801276c   0x0801276c   0x0000013c   Code   RO          543    i.ReadIAP           ini.o
    0x080128a8   0x080128a8   0x00000014   Code   RO         1819    i.SPI_CalculateCRC  stm32f4xx_spi.o
    0x080128bc   0x080128bc   0x00000014   Code   RO         1820    i.SPI_Cmd           stm32f4xx_spi.o
    0x080128d0   0x080128d0   0x00000084   Code   RO         1827    i.SPI_I2S_DeInit    stm32f4xx_spi.o
    0x08012954   0x08012954   0x0000000e   Code   RO         1828    i.SPI_I2S_GetFlagStatus  stm32f4xx_spi.o
    0x08012962   0x08012962   0x00000004   Code   RO         1831    i.SPI_I2S_ReceiveData  stm32f4xx_spi.o
    0x08012966   0x08012966   0x00000004   Code   RO         1832    i.SPI_I2S_SendData  stm32f4xx_spi.o
    0x0801296a   0x0801296a   0x00000038   Code   RO         1833    i.SPI_Init          stm32f4xx_spi.o
    0x080129a2   0x080129a2   0x00000010   Code   RO          641    i.STM_FLASH_Init    stmflash.o
    0x080129b2   0x080129b2   0x00000002   PAD
    0x080129b4   0x080129b4   0x000000b4   Code   RO          327    i.SetSysClock       system_stm32f4xx.o
    0x08012a68   0x08012a68   0x00000018   Code   RO          812    i.SysTick_CLKSourceConfig  misc.o
    0x08012a80   0x08012a80   0x00000014   Code   RO          464    i.SysTick_Handler   delay.o
    0x08012a94   0x08012a94   0x0000005c   Code   RO          329    i.SystemInit        system_stm32f4xx.o
    0x08012af0   0x08012af0   0x00000054   Code   RO          545    i.SystemReset       ini.o
    0x08012b44   0x08012b44   0x00000030   Code   RO          743    i.TIM6_DAC_IRQHandler  drv_time.o
    0x08012b74   0x08012b74   0x00000014   Code   RO         1980    i.TIM_ARRPreloadConfig  stm32f4xx_tim.o
    0x08012b88   0x08012b88   0x00000006   Code   RO         1987    i.TIM_ClearITPendingBit  stm32f4xx_tim.o
    0x08012b8e   0x08012b8e   0x00000014   Code   RO         1992    i.TIM_Cmd           stm32f4xx_tim.o
    0x08012ba2   0x08012ba2   0x00000018   Code   RO         2013    i.TIM_GetITStatus   stm32f4xx_tim.o
    0x08012bba   0x08012bba   0x00000010   Code   RO         2017    i.TIM_ITConfig      stm32f4xx_tim.o
    0x08012bca   0x08012bca   0x00000002   PAD
    0x08012bcc   0x08012bcc   0x0000007c   Code   RO         2064    i.TIM_TimeBaseInit  stm32f4xx_tim.o
    0x08012c48   0x08012c48   0x00000088   Code   RO         4117    i.USART2_IRQHandler  cli_serial.o
    0x08012cd0   0x08012cd0   0x00000014   Code   RO         1568    i.USART_Cmd         stm32f4xx_usart.o
    0x08012ce4   0x08012ce4   0x00000010   Code   RO         1569    i.USART_DMACmd      stm32f4xx_usart.o
    0x08012cf4   0x08012cf4   0x000000ac   Code   RO         1570    i.USART_DeInit      stm32f4xx_usart.o
    0x08012da0   0x08012da0   0x0000000e   Code   RO         1571    i.USART_GetFlagStatus  stm32f4xx_usart.o
    0x08012dae   0x08012dae   0x0000003e   Code   RO         1572    i.USART_GetITStatus  stm32f4xx_usart.o
    0x08012dec   0x08012dec   0x00000030   Code   RO         1574    i.USART_ITConfig    stm32f4xx_usart.o
    0x08012e1c   0x08012e1c   0x000000ac   Code   RO         1575    i.USART_Init        stm32f4xx_usart.o
    0x08012ec8   0x08012ec8   0x00000008   Code   RO         1582    i.USART_ReceiveData  stm32f4xx_usart.o
    0x08012ed0   0x08012ed0   0x00000008   Code   RO         1585    i.USART_SendData    stm32f4xx_usart.o
    0x08012ed8   0x08012ed8   0x00000002   Code   RO          275    i.UsageFault_Handler  stm32f4xx_it.o
    0x08012eda   0x08012eda   0x00000002   PAD
    0x08012edc   0x08012edc   0x00000074   Code   RO          686    i.Usart1_DMA2_Config  drv_usart1.o
    0x08012f50   0x08012f50   0x00000030   Code   RO         5167    i.__ARM_fpclassify  m_wm.l(fpclassify.o)
    0x08012f80   0x08012f80   0x0000000e   Code   RO         4964    i._is_digit         c_w.l(__printf_wp.o)
    0x08012f8e   0x08012f8e   0x00000002   Code   RO         4118    i._sys_exit         cli_serial.o
    0x08012f90   0x08012f90   0x000001f4   Code   RO         4282    i.aai_write         sfud.o
    0x08013184   0x08013184   0x0000001e   Code   RO         4606    i.align_write       ef_env.o
    0x080131a2   0x080131a2   0x00000002   PAD
    0x080131a4   0x080131a4   0x000000d8   Code   RO         4607    i.alloc_env         ef_env.o
    0x0801327c   0x0801327c   0x0000002c   Code   RO         4608    i.alloc_env_cb      ef_env.o
    0x080132a8   0x080132a8   0x000000a8   Code   RO         4609    i.check_and_recovery_env_cb  ef_env.o
    0x08013350   0x08013350   0x00000074   Code   RO         4610    i.check_sec_hdr_cb  ef_env.o
    0x080133c4   0x080133c4   0x000001ec   Code   RO         4611    i.create_env_blob   ef_env.o
    0x080135b0   0x080135b0   0x000000b4   Code   RO         4612    i.del_env           ef_env.o
    0x08013664   0x08013664   0x00000038   Code   RO          465    i.delay_init        delay.o
    0x0801369c   0x0801369c   0x00000038   Code   RO          466    i.delay_ms          delay.o
    0x080136d4   0x080136d4   0x00000034   Code   RO          467    i.delay_us          delay.o
    0x08013708   0x08013708   0x00000100   Code   RO         4613    i.do_gc             ef_env.o
    0x08013808   0x08013808   0x00000040   Code   RO          723    i.drv_LED_Init      drv_led.o
    0x08013848   0x08013848   0x00000078   Code   RO          744    i.drv_TIM6_Init     drv_time.o
    0x080138c0   0x080138c0   0x00000024   Code   RO          688    i.drv_Usart1_GetByte  drv_usart1.o
    0x080138e4   0x080138e4   0x0000008c   Code   RO          689    i.drv_Usart1_Init   drv_usart1.o
    0x08013970   0x08013970   0x00000044   Code   RO          781    i.drv_key_Init      drv_key.o
    0x080139b4   0x080139b4   0x00000098   Code   RO          782    i.drv_key_Scan      drv_key.o
    0x08013a4c   0x08013a4c   0x00000074   Code   RO         3399    i.eTaskGetState     tasks.o
    0x08013ac0   0x08013ac0   0x00000098   Code   RO         4499    i.easyflash_init    easyflash.o
    0x08013b58   0x08013b58   0x00000024   Code   RO         4512    i.ef_calc_crc32     ef_utils.o
    0x08013b7c   0x08013b7c   0x00000054   Code   RO         4615    i.ef_del_env        ef_env.o
    0x08013bd0   0x08013bd0   0x000000dc   Code   RO         4616    i.ef_env_init       ef_env.o
    0x08013cac   0x08013cac   0x0000011c   Code   RO         4617    i.ef_env_set_default  ef_env.o
    0x08013dc8   0x08013dc8   0x00000080   Code   RO         4842    i.ef_erase_bak_app  ef_iap.o
    0x08013e48   0x08013e48   0x00000074   Code   RO         4618    i.ef_get_env        ef_env.o
    0x08013ebc   0x08013ebc   0x00000074   Code   RO         4619    i.ef_get_env_blob   ef_env.o
    0x08013f30   0x08013f30   0x00000010   Code   RO         4847    i.ef_iap_init       ef_iap.o
    0x08013f40   0x08013f40   0x0000001a   Code   RO         4620    i.ef_is_str         ef_env.o
    0x08013f5a   0x08013f5a   0x00000002   PAD
    0x08013f5c   0x08013f5c   0x0000004c   Code   RO         4621    i.ef_load_env       ef_env.o
    0x08013fa8   0x08013fa8   0x00000050   Code   RO         4528    i.ef_log_debug      ef_port.o
    0x08013ff8   0x08013ff8   0x00000040   Code   RO         4529    i.ef_log_info       ef_port.o
    0x08014038   0x08014038   0x00000004   Code   RO         4530    i.ef_port_env_lock  ef_port.o
    0x0801403c   0x0801403c   0x00000004   Code   RO         4531    i.ef_port_env_unlock  ef_port.o
    0x08014040   0x08014040   0x000000a4   Code   RO         4532    i.ef_port_erase     ef_port.o
    0x080140e4   0x080140e4   0x00000018   Code   RO         4533    i.ef_port_init      ef_port.o
    0x080140fc   0x080140fc   0x00000020   Code   RO         4534    i.ef_port_read      ef_port.o
    0x0801411c   0x0801411c   0x00000024   Code   RO         4535    i.ef_port_write     ef_port.o
    0x08014140   0x08014140   0x00000024   Code   RO         4536    i.ef_print          ef_port.o
    0x08014164   0x08014164   0x0000009c   Code   RO         4622    i.ef_print_env      ef_env.o
    0x08014200   0x08014200   0x0000001a   Code   RO         4625    i.ef_set_env        ef_env.o
    0x0801421a   0x0801421a   0x00000002   PAD
    0x0801421c   0x0801421c   0x00000050   Code   RO         4626    i.ef_set_env_blob   ef_env.o
    0x0801426c   0x0801426c   0x00000062   Code   RO         4627    i.env_iterator      ef_env.o
    0x080142ce   0x080142ce   0x00000002   PAD
    0x080142d0   0x080142d0   0x00000020   Code   RO         4628    i.find_env          ef_env.o
    0x080142f0   0x080142f0   0x00000038   Code   RO         4629    i.find_env_cb       ef_env.o
    0x08014328   0x08014328   0x000000d0   Code   RO         4630    i.format_sector     ef_env.o
    0x080143f8   0x080143f8   0x00000018   Code   RO         4119    i.fputc             cli_serial.o
    0x08014410   0x08014410   0x0000000e   Code   RO         4631    i.gc_check_cb       ef_env.o
    0x0801441e   0x0801441e   0x00000002   PAD
    0x08014420   0x08014420   0x000000b8   Code   RO         4632    i.gc_collect        ef_env.o
    0x080144d8   0x080144d8   0x00000040   Code   RO         4633    i.get_next_env_addr  ef_env.o
    0x08014518   0x08014518   0x00000034   Code   RO         4634    i.get_next_sector_addr  ef_env.o
    0x0801454c   0x0801454c   0x00000028   Code   RO         4635    i.get_status        ef_env.o
    0x08014574   0x08014574   0x00000078   Code   RO         4435    i.gpio_configuration  sfud_port.o
    0x080145ec   0x080145ec   0x00000258   Code   RO         4283    i.hardware_init     sfud.o
    0x08014844   0x08014844   0x0000001c   Code   RO            4    i.led0_task         main.o
    0x08014860   0x08014860   0x00000024   Code   RO            5    i.led1_task         main.o
    0x08014884   0x08014884   0x00000068   Code   RO            6    i.main              main.o
    0x080148ec   0x080148ec   0x000000ac   Code   RO         4284    i.make_adress_byte_array  sfud.o
    0x08014998   0x08014998   0x00000130   Code   RO         4636    i.move_env          ef_env.o
    0x08014ac8   0x08014ac8   0x00000070   Code   RO         4637    i.new_env           ef_env.o
    0x08014b38   0x08014b38   0x00000218   Code   RO         4285    i.page256_or_1_byte_write  sfud.o
    0x08014d50   0x08014d50   0x000000cc   Code   RO         4638    i.print_env_cb      ef_env.o
    0x08014e1c   0x08014e1c   0x00000070   Code   RO         3401    i.prvAddCurrentTaskToDelayedList  tasks.o
    0x08014e8c   0x08014e8c   0x000000d4   Code   RO         3402    i.prvAddNewTaskToReadyList  tasks.o
    0x08014f60   0x08014f60   0x00000050   Code   RO         3754    i.prvCheckForValidListAndQueue  timers.o
    0x08014fb0   0x08014fb0   0x00000026   Code   RO         3053    i.prvCopyDataFromQueue  queue.o
    0x08014fd6   0x08014fd6   0x0000006c   Code   RO         3054    i.prvCopyDataToQueue  queue.o
    0x08015042   0x08015042   0x00000002   PAD
    0x08015044   0x08015044   0x000000c4   Code   RO         4195    i.prvDelEnv         cmd_fun.o
    0x08015108   0x08015108   0x00000014   Code   RO         3403    i.prvDeleteTCB      tasks.o
    0x0801511c   0x0801511c   0x000000cc   Code   RO         4196    i.prvGetEnv         cmd_fun.o
    0x080151e8   0x080151e8   0x0000004c   Code   RO         3970    i.prvHeapInit       heap_4.o
    0x08015234   0x08015234   0x0000002c   Code   RO         4023    i.prvHelpCommand    freertos_cli.o
    0x08015260   0x08015260   0x0000005c   Code   RO         3404    i.prvIdleTask       tasks.o
    0x080152bc   0x080152bc   0x000000ae   Code   RO         3405    i.prvInitialiseNewTask  tasks.o
    0x0801536a   0x0801536a   0x00000002   PAD
    0x0801536c   0x0801536c   0x0000004c   Code   RO         3971    i.prvInsertBlockIntoFreeList  heap_4.o
    0x080153b8   0x080153b8   0x00000038   Code   RO         3755    i.prvInsertTimerInActiveList  timers.o
    0x080153f0   0x080153f0   0x0000001a   Code   RO         3055    i.prvIsQueueEmpty   queue.o
    0x0801540a   0x0801540a   0x00000056   Code   RO         3406    i.prvListTasksWithinSingleList  tasks.o
    0x08015460   0x08015460   0x00000098   Code   RO         4197    i.prvParameterEchoCommand  cmd_fun.o
    0x080154f8   0x080154f8   0x00000044   Code   RO         4198    i.prvPrintEnv       cmd_fun.o
    0x0801553c   0x0801553c   0x000000f0   Code   RO         3756    i.prvProcessReceivedCommands  timers.o
    0x0801562c   0x0801562c   0x000000c0   Code   RO         3757    i.prvProcessTimerOrBlockTask  timers.o
    0x080156ec   0x080156ec   0x0000006c   Code   RO         4199    i.prvResetEnv       cmd_fun.o
    0x08015758   0x08015758   0x00000020   Code   RO         3407    i.prvResetNextTaskUnblockTime  tasks.o
    0x08015778   0x08015778   0x0000005c   Code   RO         4200    i.prvRunTimeStatsCommand  cmd_fun.o
    0x080157d4   0x080157d4   0x00000028   Code   RO         3758    i.prvSampleTimeNow  timers.o
    0x080157fc   0x080157fc   0x0000010c   Code   RO         4201    i.prvSetEnv         cmd_fun.o
    0x08015908   0x08015908   0x0000006c   Code   RO         3759    i.prvSwitchTimerLists  timers.o
    0x08015974   0x08015974   0x00000028   Code   RO         3894    i.prvTaskExitError  port.o
    0x0801599c   0x0801599c   0x0000005c   Code   RO         4202    i.prvTaskStatsCommand  cmd_fun.o
    0x080159f8   0x080159f8   0x000000b4   Code   RO         4203    i.prvThreeParameterEchoCommand  cmd_fun.o
    0x08015aac   0x08015aac   0x00000028   Code   RO         3760    i.prvTimerTask      timers.o
    0x08015ad4   0x08015ad4   0x0000010c   Code   RO         4068    i.prvUARTCommandConsoleTask  uartcommandconsole.o
    0x08015be0   0x08015be0   0x0000006a   Code   RO         3056    i.prvUnlockQueue    queue.o
    0x08015c4a   0x08015c4a   0x00000022   Code   RO         3409    i.prvWriteNameToBuffer  tasks.o
    0x08015c6c   0x08015c6c   0x000000d8   Code   RO         3972    i.pvPortMalloc      heap_4.o
    0x08015d44   0x08015d44   0x00000018   Code   RO         3410    i.pvTaskIncrementMutexHeldCount  tasks.o
    0x08015d5c   0x08015d5c   0x0000002c   Code   RO         3895    i.pxPortInitialiseStack  port.o
    0x08015d88   0x08015d88   0x00000178   Code   RO         4639    i.read_env          ef_env.o
    0x08015f00   0x08015f00   0x000000a4   Code   RO         4286    i.read_jedec_id     sfud.o
    0x08015fa4   0x08015fa4   0x00000188   Code   RO         4640    i.read_sector_meta_data  ef_env.o
    0x0801612c   0x0801612c   0x00000090   Code   RO         4641    i.read_status       ef_env.o
    0x080161bc   0x080161bc   0x00000118   Code   RO         4287    i.reset             sfud.o
    0x080162d4   0x080162d4   0x00000006   Code   RO          469    i.retry_delay_100us  delay.o
    0x080162da   0x080162da   0x00000056   Code   RO         4642    i.sector_iterator   ef_env.o
    0x08016330   0x08016330   0x00000022   Code   RO         4643    i.sector_statistics_cb  ef_env.o
    0x08016352   0x08016352   0x00000002   PAD
    0x08016354   0x08016354   0x00000124   Code   RO         4288    i.set_4_byte_address_mode  sfud.o
    0x08016478   0x08016478   0x00000088   Code   RO         4644    i.set_env           ef_env.o
    0x08016500   0x08016500   0x0000002c   Code   RO         4645    i.set_status        ef_env.o
    0x0801652c   0x0801652c   0x000000d0   Code   RO         4289    i.set_write_enabled  sfud.o
    0x080165fc   0x080165fc   0x00000140   Code   RO         4290    i.sfud_chip_erase   sfud.o
    0x0801673c   0x0801673c   0x000000e8   Code   RO         4291    i.sfud_device_init  sfud.o
    0x08016824   0x08016824   0x000001d0   Code   RO         4292    i.sfud_erase        sfud.o
    0x080169f4   0x080169f4   0x00000008   Code   RO         4296    i.sfud_get_device_table  sfud.o
    0x080169fc   0x080169fc   0x000000a4   Code   RO         4297    i.sfud_init         sfud.o
    0x08016aa0   0x08016aa0   0x00000044   Code   RO         4436    i.sfud_log_debug    sfud_port.o
    0x08016ae4   0x08016ae4   0x00000038   Code   RO         4437    i.sfud_log_info     sfud_port.o
    0x08016b1c   0x08016b1c   0x00000144   Code   RO         4298    i.sfud_read         sfud.o
    0x08016c60   0x08016c60   0x00000098   Code   RO         4299    i.sfud_read_status  sfud.o
    0x08016cf8   0x08016cf8   0x000000b0   Code   RO         4438    i.sfud_spi_port_init  sfud_port.o
    0x08016da8   0x08016da8   0x0000002a   Code   RO         4300    i.sfud_write        sfud.o
    0x08016dd2   0x08016dd2   0x00000002   PAD
    0x08016dd4   0x08016dd4   0x000000e0   Code   RO         4301    i.sfud_write_status  sfud.o
    0x08016eb4   0x08016eb4   0x00000004   Code   RO         4439    i.spi_lock          sfud_port.o
    0x08016eb8   0x08016eb8   0x00000004   Code   RO         4440    i.spi_unlock        sfud_port.o
    0x08016ebc   0x08016ebc   0x0000012c   Code   RO         4441    i.spi_write_read    sfud_port.o
    0x08016fe8   0x08016fe8   0x000000bc   Code   RO            7    i.start_task        main.o
    0x080170a4   0x080170a4   0x0000004c   Code   RO         4646    i.update_sec_status  ef_env.o
    0x080170f0   0x080170f0   0x00000026   Code   RO         3016    i.uxListRemove      list.o
    0x08017116   0x08017116   0x00000002   PAD
    0x08017118   0x08017118   0x000000b0   Code   RO         3413    i.uxTaskGetSystemState  tasks.o
    0x080171c8   0x080171c8   0x00000016   Code   RO         3017    i.vListInitialise   list.o
    0x080171de   0x080171de   0x00000006   Code   RO         3018    i.vListInitialiseItem  list.o
    0x080171e4   0x080171e4   0x00000030   Code   RO         3019    i.vListInsert       list.o
    0x08017214   0x08017214   0x00000018   Code   RO         3020    i.vListInsertEnd    list.o
    0x0801722c   0x0801722c   0x00000040   Code   RO         3897    i.vPortEnterCritical  port.o
    0x0801726c   0x0801726c   0x00000028   Code   RO         3898    i.vPortExitCritical  port.o
    0x08017294   0x08017294   0x0000005c   Code   RO         3973    i.vPortFree         heap_4.o
    0x080172f0   0x080172f0   0x00000024   Code   RO         3899    i.vPortSetupTimerInterrupt  port.o
    0x08017314   0x08017314   0x00000060   Code   RO         3900    i.vPortValidateInterruptPriority  port.o
    0x08017374   0x08017374   0x00000024   Code   RO         3062    i.vQueueAddToRegistry  queue.o
    0x08017398   0x08017398   0x00000044   Code   RO         3066    i.vQueueWaitForMessageRestricted  queue.o
    0x080173dc   0x080173dc   0x0000001c   Code   RO         4121    i.vSerialPutString  cli_serial.o
    0x080173f8   0x080173f8   0x0000004c   Code   RO         3418    i.vTaskDelay        tasks.o
    0x08017444   0x08017444   0x000000ac   Code   RO         3420    i.vTaskDelete       tasks.o
    0x080174f0   0x080174f0   0x00000080   Code   RO         3422    i.vTaskGetInfo      tasks.o
    0x08017570   0x08017570   0x000000a4   Code   RO         3423    i.vTaskGetRunTimeStats  tasks.o
    0x08017614   0x08017614   0x00000010   Code   RO         3424    i.vTaskInternalSetTimeOutState  tasks.o
    0x08017624   0x08017624   0x000000a8   Code   RO         3425    i.vTaskList         tasks.o
    0x080176cc   0x080176cc   0x0000000c   Code   RO         3426    i.vTaskMissedYield  tasks.o
    0x080176d8   0x080176d8   0x00000080   Code   RO            8    i.vTaskMsgPro       main.o
    0x08017758   0x08017758   0x00000030   Code   RO         3428    i.vTaskPlaceOnEventList  tasks.o
    0x08017788   0x08017788   0x00000038   Code   RO         3429    i.vTaskPlaceOnEventListRestricted  tasks.o
    0x080177c0   0x080177c0   0x000000ac   Code   RO         3431    i.vTaskPriorityDisinheritAfterTimeout  tasks.o
    0x0801786c   0x0801786c   0x00000078   Code   RO         3437    i.vTaskStartScheduler  tasks.o
    0x080178e4   0x080178e4   0x00000010   Code   RO         3439    i.vTaskSuspendAll   tasks.o
    0x080178f4   0x080178f4   0x00000078   Code   RO         3440    i.vTaskSwitchContext  tasks.o
    0x0801796c   0x0801796c   0x00000044   Code   RO         4070    i.vUARTCommandConsoleStart  uartcommandconsole.o
    0x080179b0   0x080179b0   0x000000cc   Code   RO         4302    i.wait_busy         sfud.o
    0x08017a7c   0x08017a7c   0x000000cc   Code   RO         4647    i.write_status      ef_env.o
    0x08017b48   0x08017b48   0x000000f4   Code   RO         3901    i.xPortStartScheduler  port.o
    0x08017c3c   0x08017c3c   0x0000002c   Code   RO         3902    i.xPortSysTickHandler  port.o
    0x08017c68   0x08017c68   0x00000024   Code   RO         3068    i.xQueueCreateMutex  queue.o
    0x08017c8c   0x08017c8c   0x00000052   Code   RO         3069    i.xQueueGenericCreate  queue.o
    0x08017cde   0x08017cde   0x00000002   PAD
    0x08017ce0   0x08017ce0   0x00000088   Code   RO         3070    i.xQueueGenericReset  queue.o
    0x08017d68   0x08017d68   0x00000164   Code   RO         3071    i.xQueueGenericSend  queue.o
    0x08017ecc   0x08017ecc   0x000000bc   Code   RO         3072    i.xQueueGenericSendFromISR  queue.o
    0x08017f88   0x08017f88   0x00000138   Code   RO         3079    i.xQueueReceive     queue.o
    0x080180c0   0x080180c0   0x0000009a   Code   RO         3080    i.xQueueReceiveFromISR  queue.o
    0x0801815a   0x0801815a   0x00000002   PAD
    0x0801815c   0x0801815c   0x00000178   Code   RO         3081    i.xQueueSemaphoreTake  queue.o
    0x080182d4   0x080182d4   0x00000018   Code   RO         4122    i.xSerialGetChar    cli_serial.o
    0x080182ec   0x080182ec   0x000000ec   Code   RO         4123    i.xSerialPortInitMinimal  cli_serial.o
    0x080183d8   0x080183d8   0x00000030   Code   RO         4124    i.xSerialPutChar    cli_serial.o
    0x08018408   0x08018408   0x00000074   Code   RO         3441    i.xTaskCheckForTimeOut  tasks.o
    0x0801847c   0x0801847c   0x00000056   Code   RO         3442    i.xTaskCreate       tasks.o
    0x080184d2   0x080184d2   0x00000002   PAD
    0x080184d4   0x080184d4   0x0000001c   Code   RO         3446    i.xTaskGetSchedulerState  tasks.o
    0x080184f0   0x080184f0   0x0000000c   Code   RO         3447    i.xTaskGetTickCount  tasks.o
    0x080184fc   0x080184fc   0x000000c8   Code   RO         3449    i.xTaskIncrementTick  tasks.o
    0x080185c4   0x080185c4   0x00000098   Code   RO         3452    i.xTaskPriorityDisinherit  tasks.o
    0x0801865c   0x0801865c   0x00000094   Code   RO         3453    i.xTaskPriorityInherit  tasks.o
    0x080186f0   0x080186f0   0x00000074   Code   RO         3454    i.xTaskRemoveFromEventList  tasks.o
    0x08018764   0x08018764   0x000000c4   Code   RO         3455    i.xTaskResumeAll    tasks.o
    0x08018828   0x08018828   0x0000004c   Code   RO         3767    i.xTimerCreateTimerTask  timers.o
    0x08018874   0x08018874   0x0000005c   Code   RO         3768    i.xTimerGenericCommand  timers.o
    0x080188d0   0x080188d0   0x000000b0   Code   RO         4125    i.xUsart2Init       cli_serial.o
    0x08018980   0x08018980   0x0000002c   Code   RO         5151    locale$$code        c_w.l(lc_ctype_c.o)
    0x080189ac   0x080189ac   0x0000002c   Code   RO         5154    locale$$code        c_w.l(lc_numeric_c.o)
    0x080189d8   0x080189d8   0x0000000a   Code   RO         5227    x$fpl$fpinit        fz_wm.l(fpinit.o)
    0x080189e2   0x080189e2   0x00000004   Code   RO         5067    x$fpl$printf1       fz_wm.l(printf1.o)
    0x080189e6   0x080189e6   0x00000004   Code   RO         5069    x$fpl$printf2       fz_wm.l(printf2.o)
    0x080189ea   0x080189ea   0x00000000   Code   RO         5166    x$fpl$usenofp       fz_wm.l(usenofp.o)
    0x080189ea   0x080189ea   0x00000002   PAD
    0x080189ec   0x080189ec   0x00000010   Data   RO         4025    .constdata          freertos_cli.o
    0x080189fc   0x080189fc   0x0000000c   Data   RO         4072    .constdata          uartcommandconsole.o
    0x08018a08   0x08018a08   0x00000090   Data   RO         4204    .constdata          cmd_fun.o
    0x08018a98   0x08018a98   0x000002ff   Data   RO         4304    .constdata          sfud.o
    0x08018d97   0x08018d97   0x0000000f   Data   RO         4443    .constdata          sfud_port.o
    0x08018da6   0x08018da6   0x00000002   PAD
    0x08018da8   0x08018da8   0x00000400   Data   RO         4513    .constdata          ef_utils.o
    0x080191a8   0x080191a8   0x000000aa   Data   RO         4538    .constdata          ef_port.o
    0x08019252   0x08019252   0x00000065   Data   RO         4649    .constdata          ef_env.o
    0x080192b7   0x080192b7   0x00000028   Data   RO         4952    .constdata          c_w.l(_printf_hex_int_ll_ptr.o)
    0x080192df   0x080192df   0x00000011   Data   RO         4972    .constdata          c_w.l(__printf_flags_ss_wp.o)
    0x080192f0   0x080192f0   0x00000008   Data   RO         5035    .constdata          c_w.l(_printf_wctomb.o)
    0x080192f8   0x080192f8   0x00000026   Data   RO         5100    .constdata          c_w.l(_printf_fp_hex.o)
    0x0801931e   0x0801931e   0x00000002   PAD
    0x08019320   0x08019320   0x00000094   Data   RO         5126    .constdata          c_w.l(bigflt0.o)
    0x080193b4   0x080193b4   0x0000004f   Data   RO          547    .conststring        ini.o
    0x08019403   0x08019403   0x00000001   PAD
    0x08019404   0x08019404   0x00000035   Data   RO         4026    .conststring        freertos_cli.o
    0x08019439   0x08019439   0x00000003   PAD
    0x0801943c   0x0801943c   0x000000a8   Data   RO         4027    .conststring        freertos_cli.o
    0x080194e4   0x080194e4   0x0000008d   Data   RO         4073    .conststring        uartcommandconsole.o
    0x08019571   0x08019571   0x00000003   PAD
    0x08019574   0x08019574   0x0000032d   Data   RO         4205    .conststring        cmd_fun.o
    0x080198a1   0x080198a1   0x00000003   PAD
    0x080198a4   0x080198a4   0x000001e5   Data   RO         4305    .conststring        sfud.o
    0x08019a89   0x08019a89   0x00000003   PAD
    0x08019a8c   0x08019a8c   0x0000004a   Data   RO         4500    .conststring        easyflash.o
    0x08019ad6   0x08019ad6   0x00000002   PAD
    0x08019ad8   0x08019ad8   0x00000107   Data   RO         4539    .conststring        ef_port.o
    0x08019bdf   0x08019bdf   0x00000001   PAD
    0x08019be0   0x08019be0   0x000000ec   Data   RO         4650    .conststring        ef_env.o
    0x08019ccc   0x08019ccc   0x00000020   Data   RO         5291    Region$$Table       anon$$obj.o
    0x08019cec   0x08019cec   0x00000110   Data   RO         5150    locale$$data        c_w.l(lc_ctype_c.o)
    0x08019dfc   0x08019dfc   0x0000001c   Data   RO         5153    locale$$data        c_w.l(lc_numeric_c.o)


    Execution Region RW_IRAM1 (Exec base: 0x20000000, Load base: 0x08019e18, Size: 0x00006508, Max: 0x00020000, ABSOLUTE, COMPRESSED[0x00000040])

    Exec Addr    Load Addr    Size         Type   Attr      Idx    E Section Name        Object

    0x20000000   COMPRESSED   0x00000014   Data   RW            9    .data               main.o
    0x20000014   COMPRESSED   0x00000014   Data   RW          330    .data               system_stm32f4xx.o
    0x20000028   COMPRESSED   0x00000004   Data   RW          470    .data               delay.o
    0x2000002c   COMPRESSED   0x00000008   Data   RW          746    .data               drv_time.o
    0x20000034   COMPRESSED   0x00000001   Data   RW          783    .data               drv_key.o
    0x20000035   COMPRESSED   0x00000010   Data   RW         1227    .data               stm32f4xx_rcc.o
    0x20000045   COMPRESSED   0x00000003   PAD
    0x20000048   COMPRESSED   0x00000044   Data   RW         3458    .data               tasks.o
    0x2000008c   COMPRESSED   0x00000014   Data   RW         3774    .data               timers.o
    0x200000a0   COMPRESSED   0x0000000c   Data   RW         3903    .data               port.o
    0x200000ac   COMPRESSED   0x00000018   Data   RW         3978    .data               heap_4.o
    0x200000c4   COMPRESSED   0x00000014   Data   RW         4028    .data               freertos_cli.o
    0x200000d8   COMPRESSED   0x00000008   Data   RW         4074    .data               uartcommandconsole.o
    0x200000e0   COMPRESSED   0x00000008   Data   RW         4126    .data               cli_serial.o
    0x200000e8   COMPRESSED   0x00000004   Data   RW         4127    .data               cli_serial.o
    0x200000ec   COMPRESSED   0x00000008   Data   RW         4206    .data               cmd_fun.o
    0x200000f4   COMPRESSED   0x00000044   Data   RW         4306    .data               sfud.o
    0x20000138   COMPRESSED   0x0000000c   Data   RW         4444    .data               sfud_port.o
    0x20000144   COMPRESSED   0x00000010   Data   RW         4651    .data               ef_env.o
    0x20000154   COMPRESSED   0x00000004   Data   RW         4849    .data               ef_iap.o
    0x20000158        -       0x00000400   Zero   RW          546    .bss                ini.o
    0x20000558        -       0x00000040   Zero   RW         3083    .bss                queue.o
    0x20000598        -       0x0000012c   Zero   RW         3457    .bss                tasks.o
    0x200006c4        -       0x00000028   Zero   RW         3773    .bss                timers.o
    0x200006ec        -       0x00005000   Zero   RW         3977    .bss                heap_4.o
    0x200056ec        -       0x00000400   Zero   RW         4024    .bss                freertos_cli.o
    0x20005aec        -       0x00000064   Zero   RW         4071    .bss                uartcommandconsole.o
    0x20005b50        -       0x00000105   Zero   RW         4303    .bss                sfud.o
    0x20005c55        -       0x00000100   Zero   RW         4442    .bss                sfud_port.o
    0x20005d55        -       0x00000080   Zero   RW         4537    .bss                ef_port.o
    0x20005dd5   COMPRESSED   0x00000003   PAD
    0x20005dd8        -       0x000000d0   Zero   RW         4648    .bss                ef_env.o
    0x20005ea8        -       0x00000060   Zero   RW         5076    .bss                c_w.l(libspace.o)
    0x20005f08        -       0x00000200   Zero   RW         2906    HEAP                startup_stm32f40_41xxx.o
    0x20006108        -       0x00000400   Zero   RW         2905    STACK               startup_stm32f40_41xxx.o


==============================================================================

Image component sizes


      Code (inc. data)   RO Data    RW Data    ZI Data      Debug   Object Name

       674         52          0         12          0       7598   cli_serial.o
      1388        420        957          8          0      12795   cmd_fun.o
       190         14          0          4          0       3657   delay.o
       220         24          0          1          0       1338   drv_key.o
        64          6          0          0          0        563   drv_led.o
       168         22          0          8          0       1805   drv_time.o
       292         24          0          0          0       2447   drv_usart1.o
       152         90         74          0          0       1033   easyflash.o
      5546       2064        337         16        208      36271   ef_env.o
       144         96          0          4          0       1889   ef_iap.o
       444        182        433          0        128       6822   ef_port.o
        36          4       1024          0          0       1260   ef_utils.o
         0          0          0          0          0       8180   event_groups.o
       410         30        237         20       1024       6224   freertos_cli.o
       460         24          0         24      20480       4503   heap_4.o
       400        198         79          0       1024      31915   ini.o
       138          0          0          0          0       3222   list.o
       788        364          0         20          0     321802   main.o
       144         14          0          0          0       2397   misc.o
       798         78          0         12          0      11449   port.o
      2022         22          0          0         64      19515   queue.o
      4886       2322       1252         68        261      19240   sfud.o
       728        174         15         12        256      10114   sfud_port.o
        64         26        392          0       1536        868   startup_stm32f40_41xxx.o
       396         24          0          0          0       3594   stm32f4xx_dma.o
        48         20          0          0          0       1149   stm32f4xx_flash.o
       160          0          0          0          0       3215   stm32f4xx_gpio.o
        86         50          0          0          0       3009   stm32f4xx_it.o
       264         42          0         16          0       6441   stm32f4xx_rcc.o
       250         24          0          0          0       5342   stm32f4xx_spi.o
       210         28          0          0          0       5820   stm32f4xx_tim.o
       520         42          0          0          0       7711   stm32f4xx_usart.o
        16          0          0          0          0        537   stmflash.o
       272         38          0         20          0       1897   system_stm32f4xx.o
      3400        292          0         68        300      33408   tasks.o
         0          0          0          0          0       1472   test.o
       924         84          0         20         40      22039   timers.o
       336         26        153          8        100       6187   uartcommandconsole.o

    ----------------------------------------------------------------------
     27078       6920       5003        344      25424     618728   Object Totals
         0          0         32          0          0          0   (incl. Generated)
        40          0         18          3          3          0   (incl. Padding)

    ----------------------------------------------------------------------

      Code (inc. data)   RO Data    RW Data    ZI Data      Debug   Library Member Name

        24          4          0          0          0         84   __2printf.o
        44          6          0          0          0         84   __2sprintf.o
        90          0          0          0          0          0   __dczerorl2.o
         8          0          0          0          0         68   __main.o
       392          4         17          0          0         92   __printf_flags_ss_wp.o
        14          0          0          0          0         68   __printf_wp.o
         0          0          0          0          0          0   __rtentry.o
        12          0          0          0          0          0   __rtentry2.o
         6          0          0          0          0          0   __rtentry4.o
        52          8          0          0          0          0   __scatter.o
        28          0          0          0          0          0   __scatter_zi.o
         6          0          0          0          0          0   _printf_a.o
         6          0          0          0          0          0   _printf_c.o
        44          0          0          0          0        108   _printf_char.o
        48          6          0          0          0         96   _printf_char_common.o
        36          4          0          0          0         80   _printf_char_file.o
        40          0          0          0          0         68   _printf_charcount.o
         6          0          0          0          0          0   _printf_d.o
       120         16          0          0          0         92   _printf_dec.o
         6          0          0          0          0          0   _printf_e.o
         6          0          0          0          0          0   _printf_f.o
      1054          0          0          0          0        216   _printf_fp_dec.o
       764          8         38          0          0        100   _printf_fp_hex.o
       128         16          0          0          0         84   _printf_fp_infnan.o
         6          0          0          0          0          0   _printf_g.o
       148          4         40          0          0        160   _printf_hex_int_ll_ptr.o
         6          0          0          0          0          0   _printf_i.o
       178          0          0          0          0         88   _printf_intcommon.o
        10          0          0          0          0          0   _printf_l.o
         6          0          0          0          0          0   _printf_lc.o
        10          0          0          0          0          0   _printf_ll.o
         6          0          0          0          0          0   _printf_lld.o
         6          0          0          0          0          0   _printf_lli.o
         6          0          0          0          0          0   _printf_llo.o
         6          0          0          0          0          0   _printf_llu.o
         6          0          0          0          0          0   _printf_llx.o
       124         16          0          0          0         92   _printf_longlong_dec.o
         6          0          0          0          0          0   _printf_ls.o
         6          0          0          0          0          0   _printf_n.o
         6          0          0          0          0          0   _printf_o.o
       112         10          0          0          0        124   _printf_oct_int_ll.o
         6          0          0          0          0          0   _printf_p.o
        78          0          0          0          0        108   _printf_pad.o
         0          0          0          0          0          0   _printf_percent.o
         4          0          0          0          0          0   _printf_percent_end.o
         6          0          0          0          0          0   _printf_s.o
        82          0          0          0          0         80   _printf_str.o
        36          0          0          0          0         84   _printf_truncate.o
         6          0          0          0          0          0   _printf_u.o
        44          0          0          0          0        108   _printf_wchar.o
       188          6          8          0          0         92   _printf_wctomb.o
         6          0          0          0          0          0   _printf_x.o
        16          0          0          0          0         68   _snputc.o
        10          0          0          0          0         68   _sputc.o
        64          0          0          0          0         92   _wcrtomb.o
        16          0          0          0          0         68   aeabi_memset.o
       228          4        148          0          0         96   bigflt0.o
      1936        128          0          0          0        672   btod.o
        18          0          0          0          0         80   exit.o
         8          0          0          0          0         68   ferror.o
         6          0          0          0          0        152   heapauxi.o
        44         10        272          0          0         76   lc_ctype_c.o
        44         10         28          0          0         76   lc_numeric_c.o
         2          0          0          0          0          0   libinit.o
        34          0          0          0          0          0   libinit2.o
         2          0          0          0          0          0   libshutdown.o
         2          0          0          0          0          0   libshutdown2.o
         8          4          0          0         96         68   libspace.o
       138          0          0          0          0         80   lludiv10.o
        16          4          0          0          0         76   rt_ctype_table.o
         8          4          0          0          0         68   rt_locale_intlibspace.o
        68          0          0          0          0         68   rt_memclr.o
        78          0          0          0          0         80   rt_memclr_w.o
       138          0          0          0          0         68   rt_memcpy_v6.o
       100          0          0          0          0         80   rt_memcpy_w.o
         2          0          0          0          0          0   rtexit.o
        10          0          0          0          0          0   rtexit2.o
        24          0          0          0          0         68   strcat.o
       128          0          0          0          0         68   strcmpv7m.o
        72          0          0          0          0         80   strcpy.o
        62          0          0          0          0         76   strlen.o
        36          0          0          0          0         76   strncat.o
       150          0          0          0          0         80   strncmp.o
        86          0          0          0          0         76   strncpy.o
        74          0          0          0          0         80   sys_stackheap_outer.o
         2          0          0          0          0         68   use_no_semi.o
         2          0          0          0          0         68   use_no_semi_2.o
        52          4          0          0          0         80   vsnprintf.o
        36          4          0          0          0         76   vsprintf.o
        10          0          0          0          0        116   fpinit.o
         4          0          0          0          0        116   printf1.o
         4          0          0          0          0        116   printf2.o
         0          0          0          0          0          0   usenofp.o
        48          0          0          0          0        124   fpclassify.o

    ----------------------------------------------------------------------
      7838        280        553          0         96       5648   Library Totals
        14          0          2          0          0          0   (incl. Padding)

    ----------------------------------------------------------------------

      Code (inc. data)   RO Data    RW Data    ZI Data      Debug   Library Name

      7758        280        551          0         96       5176   c_w.l
        18          0          0          0          0        348   fz_wm.l
        48          0          0          0          0        124   m_wm.l

    ----------------------------------------------------------------------
      7838        280        553          0         96       5648   Library Totals

    ----------------------------------------------------------------------

==============================================================================


      Code (inc. data)   RO Data    RW Data    ZI Data      Debug   

     34916       7200       5556        344      25520     597212   Grand Totals
     34916       7200       5556         64      25520     597212   ELF Image Totals (compressed)
     34916       7200       5556         64          0          0   ROM Totals

==============================================================================

    Total RO  Size (Code + RO Data)                40472 (  39.52kB)
    Total RW  Size (RW Data + ZI Data)             25864 (  25.26kB)
    Total ROM Size (Code + RO Data + RW Data)      40536 (  39.59kB)

==============================================================================

