Component: ARM Compiler 5.06 update 6 (build 750) Tool: armlink [4d35ed]

==============================================================================

Section Cross References

    main.o(i.CheckUP_task) refers to _printf_percent.o(.ARM.Collect$$_printf_percent$$00000000) for _printf_percent
    main.o(i.CheckUP_task) refers to _printf_d.o(.ARM.Collect$$_printf_percent$$00000009) for _printf_d
    main.o(i.CheckUP_task) refers to _printf_dec.o(.text) for _printf_int_dec
    main.o(i.CheckUP_task) refers to ef_env.o(i.ef_get_env) for ef_get_env
    main.o(i.CheckUP_task) refers to atol.o(.text) for atol
    main.o(i.CheckUP_task) refers to __2printf.o(.text) for __2printf
    main.o(i.CheckUP_task) refers to iap.o(i.IAP_DownLoadToFlash) for IAP_DownLoadToFlash
    main.o(i.CheckUP_task) refers to iap.o(i.IAP_DownLoadToSTMFlash) for IAP_DownLoadToSTMFlash
    main.o(i.CheckUP_task) refers to tasks.o(i.vTaskDelay) for vTaskDelay
    main.o(i.CheckUP_task) refers to iap.o(i.IAP_JumpToApplication) for IAP_JumpToApplication
    main.o(i.Key_task) refers to _printf_percent.o(.ARM.Collect$$_printf_percent$$00000000) for _printf_percent
    main.o(i.Key_task) refers to _printf_s.o(.ARM.Collect$$_printf_percent$$00000014) for _printf_s
    main.o(i.Key_task) refers to _printf_str.o(.text) for _printf_str
    main.o(i.Key_task) refers to drv_key.o(i.drv_key_Scan) for drv_key_Scan
    main.o(i.Key_task) refers to __2printf.o(.text) for __2printf
    main.o(i.Key_task) refers to tasks.o(i.vTaskDelay) for vTaskDelay
    main.o(i.Key_task) refers to tasks.o(i.vTaskList) for vTaskList
    main.o(i.Key_task) refers to tasks.o(i.vTaskGetRunTimeStats) for vTaskGetRunTimeStats
    main.o(i.Key_task) refers to ini.o(i.ReadIAP) for ReadIAP
    main.o(i.Key_task) refers to ef_env.o(i.ef_print_env) for ef_print_env
    main.o(i.Key_task) refers to iap.o(i.IAP_DownLoadToFlash) for IAP_DownLoadToFlash
    main.o(i.led0_task) refers to tasks.o(i.vTaskDelay) for vTaskDelay
    main.o(i.led1_task) refers to tasks.o(i.vTaskDelay) for vTaskDelay
    main.o(i.main) refers to misc.o(i.NVIC_PriorityGroupConfig) for NVIC_PriorityGroupConfig
    main.o(i.main) refers to delay.o(i.delay_init) for delay_init
    main.o(i.main) refers to drv_time.o(i.drv_TIM6_Init) for drv_TIM6_Init
    main.o(i.main) refers to stmflash.o(i.STM_FLASH_Init) for STM_FLASH_Init
    main.o(i.main) refers to drv_usart1.o(i.drv_Usart1_Init) for drv_Usart1_Init
    main.o(i.main) refers to cli_serial.o(i.xUsart2Init) for xUsart2Init
    main.o(i.main) refers to drv_key.o(i.drv_key_Init) for drv_key_Init
    main.o(i.main) refers to easyflash.o(i.easyflash_init) for easyflash_init
    main.o(i.main) refers to cmd_fun.o(i.CMD_Init) for CMD_Init
    main.o(i.main) refers to drv_led.o(i.drv_LED_Init) for drv_LED_Init
    main.o(i.main) refers to tasks.o(i.xTaskCreate) for xTaskCreate
    main.o(i.main) refers to tasks.o(i.vTaskStartScheduler) for vTaskStartScheduler
    main.o(i.main) refers to main.o(.data) for .data
    main.o(i.main) refers to main.o(i.CheckUP_task) for CheckUP_task
    main.o(i.start_task) refers to port.o(i.vPortEnterCritical) for vPortEnterCritical
    main.o(i.start_task) refers to tasks.o(i.xTaskCreate) for xTaskCreate
    main.o(i.start_task) refers to tasks.o(i.vTaskDelete) for vTaskDelete
    main.o(i.start_task) refers to port.o(i.vPortExitCritical) for vPortExitCritical
    main.o(i.start_task) refers to main.o(.data) for .data
    main.o(i.start_task) refers to main.o(i.led0_task) for led0_task
    system_stm32f4xx.o(i.SystemCoreClockUpdate) refers to system_stm32f4xx.o(.data) for .data
    system_stm32f4xx.o(i.SystemInit) refers to system_stm32f4xx.o(i.SetSysClock) for SetSysClock
    iap.o(i.IAP_DownLoadToFlash) refers to __2printf.o(.text) for __2printf
    iap.o(i.IAP_DownLoadToFlash) refers to ymodem.o(i.Ymodem_Receive) for Ymodem_Receive
    iap.o(i.IAP_DownLoadToFlash) refers to ef_env.o(i.ef_set_env) for ef_set_env
    iap.o(i.IAP_DownLoadToFlash) refers to iap.o(.bss) for .bss
    iap.o(i.IAP_DownLoadToFlash) refers to iap.o(.data) for .data
    iap.o(i.IAP_DownLoadToSTMFlash) refers to sfud.o(i.sfud_get_device_table) for sfud_get_device_table
    iap.o(i.IAP_DownLoadToSTMFlash) refers to stmflash.o(i.STM_FLASH_Erase) for STM_FLASH_Erase
    iap.o(i.IAP_DownLoadToSTMFlash) refers to rt_memclr_w.o(.text) for __aeabi_memclr4
    iap.o(i.IAP_DownLoadToSTMFlash) refers to sfud.o(i.sfud_read) for sfud_read
    iap.o(i.IAP_DownLoadToSTMFlash) refers to __2printf.o(.text) for __2printf
    iap.o(i.IAP_DownLoadToSTMFlash) refers to stmflash.o(i.STM_FLASH_Write) for STM_FLASH_Write
    iap.o(i.IAP_DownLoadToSTMFlash) refers to ef_env.o(i.ef_set_env) for ef_set_env
    iap.o(i.IAP_DownLoadToSTMFlash) refers to iap.o(.data) for .data
    iap.o(i.IAP_JumpToApplication) refers to iap.o(.data) for .data
    delay.o(i.SysTick_Handler) refers to tasks.o(i.xTaskGetSchedulerState) for xTaskGetSchedulerState
[...]
    I2C1_ER_IRQHandler                       0x080003ef   Thumb Code     0  startup_stm32f40_41xxx.o(.text)
    I2C1_EV_IRQHandler                       0x080003ef   Thumb Code     0  startup_stm32f40_41xxx.o(.text)
    I2C2_ER_IRQHandler                       0x080003ef   Thumb Code     0  startup_stm32f40_41xxx.o(.text)
    I2C2_EV_IRQHandler                       0x080003ef   Thumb Code     0  startup_stm32f40_41xxx.o(.text)
    I2C3_ER_IRQHandler                       0x080003ef   Thumb Code     0  startup_stm32f40_41xxx.o(.text)
    I2C3_EV_IRQHandler                       0x080003ef   Thumb Code     0  startup_stm32f40_41xxx.o(.text)
    OTG_FS_IRQHandler                        0x080003ef   Thumb Code     0  startup_stm32f40_41xxx.o(.text)
    OTG_FS_WKUP_IRQHandler                   0x080003ef   Thumb Code     0  startup_stm32f40_41xxx.o(.text)
    OTG_HS_EP1_IN_IRQHandler                 0x080003ef   Thumb Code     0  startup_stm32f40_41xxx.o(.text)
    OTG_HS_EP1_OUT_IRQHandler                0x080003ef   Thumb Code     0  startup_stm32f40_41xxx.o(.text)
    OTG_HS_IRQHandler                        0x080003ef   Thumb Code     0  startup_stm32f40_41xxx.o(.text)
    OTG_HS_WKUP_IRQHandler                   0x080003ef   Thumb Code     0  startup_stm32f40_41xxx.o(.text)
    PVD_IRQHandler                           0x080003ef   Thumb Code     0  startup_stm32f40_41xxx.o(.text)
    RCC_IRQHandler                           0x080003ef   Thumb Code     0  startup_stm32f40_41xxx.o(.text)
    RTC_Alarm_IRQHandler                     0x080003ef   Thumb Code     0  startup_stm32f40_41xxx.o(.text)
    RTC_WKUP_IRQHandler                      0x080003ef   Thumb Code     0  startup_stm32f40_41xxx.o(.text)
    SDIO_IRQHandler                          0x080003ef   Thumb Code     0  startup_stm32f40_41xxx.o(.text)
    SPI1_IRQHandler                          0x080003ef   Thumb Code     0  startup_stm32f40_41xxx.o(.text)
    SPI2_IRQHandler                          0x080003ef   Thumb Code     0  startup_stm32f40_41xxx.o(.text)
    SPI3_IRQHandler                          0x080003ef   Thumb Code     0  startup_stm32f40_41xxx.o(.text)
    TAMP_STAMP_IRQHandler                    0x080003ef   Thumb Code     0  startup_stm32f40_41xxx.o(.text)
    TIM1_BRK_TIM9_IRQHandler                 0x080003ef   Thumb Code     0  startup_stm32f40_41xxx.o(.text)
    TIM1_CC_IRQHandler                       0x080003ef   Thumb Code     0  startup_stm32f40_41xxx.o(.text)
    TIM1_TRG_COM_TIM11_IRQHandler            0x080003ef   Thumb Code     0  startup_stm32f40_41xxx.o(.text)
    TIM1_UP_TIM10_IRQHandler                 0x080003ef   Thumb Code     0  startup_stm32f40_41xxx.o(.text)
    TIM2_IRQHandler                          0x080003ef   Thumb Code     0  startup_stm32f40_41xxx.o(.text)
    TIM3_IRQHandler                          0x080003ef   Thumb Code     0  startup_stm32f40_41xxx.o(.text)
    TIM4_IRQHandler                          0x080003ef   Thumb Code     0  startup_stm32f40_41xxx.o(.text)
    TIM5_IRQHandler                          0x080003ef   Thumb Code     0  startup_stm32f40_41xxx.o(.text)
    TIM7_IRQHandler                          0x080003ef   Thumb Code     0  startup_stm32f40_41xxx.o(.text)
    TIM8_BRK_TIM12_IRQHandler                0x080003ef   Thumb Code     0  startup_stm32f40_41xxx.o(.text)
    TIM8_CC_IRQHandler                       0x080003ef   Thumb Code     0  startup_stm32f40_41xxx.o(.text)
    TIM8_TRG_COM_TIM14_IRQHandler            0x080003ef   Thumb Code     0  startup_stm32f40_41xxx.o(.text)
    TIM8_UP_TIM13_IRQHandler                 0x080003ef   Thumb Code     0  startup_stm32f40_41xxx.o(.text)
    UART4_IRQHandler                         0x080003ef   Thumb Code     0  startup_stm32f40_41xxx.o(.text)
    UART5_IRQHandler                         0x080003ef   Thumb Code     0  startup_stm32f40_41xxx.o(.text)
    USART1_IRQHandler                        0x080003ef   Thumb Code     0  startup_stm32f40_41xxx.o(.text)
    USART3_IRQHandler                        0x080003ef   Thumb Code     0  startup_stm32f40_41xxx.o(.text)
    USART6_IRQHandler                        0x080003ef   Thumb Code     0  startup_stm32f40_41xxx.o(.text)
    WWDG_IRQHandler                          0x080003ef   Thumb Code     0  startup_stm32f40_41xxx.o(.text)
    __user_initial_stackheap                 0x080003f1   Thumb Code     0  startup_stm32f40_41xxx.o(.text)
    __use_no_semihosting                     0x08000415   Thumb Code     2  use_no_semi_2.o(.text)
    vsprintf                                 0x08000419   Thumb Code    32  vsprintf.o(.text)
    vsnprintf                                0x0800043d   Thumb Code    48  vsnprintf.o(.text)
    __2printf                                0x08000471   Thumb Code    20  __2printf.o(.text)
    __2sprintf                               0x08000489   Thumb Code    38  __2sprintf.o(.text)
    _printf_pre_padding                      0x080004b5   Thumb Code    44  _printf_pad.o(.text)
    _printf_post_padding                     0x080004e1   Thumb Code    34  _printf_pad.o(.text)
    _printf_str                              0x08000503   Thumb Code    82  _printf_str.o(.text)
    _printf_int_dec                          0x08000555   Thumb Code   104  _printf_dec.o(.text)
    _printf_longlong_hex                     0x080005cd   Thumb Code    86  _printf_hex_int_ll_ptr.o(.text)
    _printf_int_hex                          0x08000623   Thumb Code    28  _printf_hex_int_ll_ptr.o(.text)
    _printf_ll_hex                           0x0800063f   Thumb Code    12  _printf_hex_int_ll_ptr.o(.text)
    _printf_hex_ptr                          0x0800064b   Thumb Code    18  _printf_hex_int_ll_ptr.o(.text)
    __printf                                 0x08000661   Thumb Code   388  __printf_flags_ss_wp.o(.text)
    atoi                                     0x080007e9   Thumb Code    26  atoi.o(.text)
    atol                                     0x08000803   Thumb Code    26  atol.o(.text)
    strncat                                  0x0800081d   Thumb Code    36  strncat.o(.text)
    strcpy                                   0x08000841   Thumb Code    72  strcpy.o(.text)
    strlen                                   0x08000889   Thumb Code    62  strlen.o(.text)
    strncmp                                  0x080008c7   Thumb Code   150  strncmp.o(.text)
    strcat                                   0x0800095d   Thumb Code    24  strcat.o(.text)
    __aeabi_memcpy                           0x08000975   Thumb Code     0  rt_memcpy_v6.o(.text)
    __rt_memcpy                              0x08000975   Thumb Code   138  rt_memcpy_v6.o(.text)
    _memcpy_lastbytes                        0x080009db   Thumb Code     0  rt_memcpy_v6.o(.text)
    __aeabi_memset                           0x080009ff   Thumb Code    16  aeabi_memset.o(.text)
    __aeabi_memclr                           0x08000a0f   Thumb Code     0  rt_memclr.o(.text)
    __rt_memclr                              0x08000a0f   Thumb Code    68  rt_memclr.o(.text)
    _memset                                  0x08000a13   Thumb Code     0  rt_memclr.o(.text)
    __aeabi_memclr4                          0x08000a53   Thumb Code     0  rt_memclr_w.o(.text)
    __aeabi_memclr8                          0x08000a53   Thumb Code     0  rt_memclr_w.o(.text)
    __rt_memclr_w                            0x08000a53   Thumb Code    78  rt_memclr_w.o(.text)
    _memset_w                                0x08000a57   Thumb Code     0  rt_memclr_w.o(.text)
    strncpy                                  0x08000aa1   Thumb Code    86  strncpy.o(.text)
    __use_two_region_memory                  0x08000af7   Thumb Code     2  heapauxi.o(.text)
    __rt_heap_escrow$2region                 0x08000af9   Thumb Code     2  heapauxi.o(.text)
    __rt_heap_expand$2region                 0x08000afb   Thumb Code     2  heapauxi.o(.text)
    __I$use$semihosting                      0x08000afd   Thumb Code     0  use_no_semi.o(.text)
    __use_no_semihosting_swi                 0x08000afd   Thumb Code     2  use_no_semi.o(.text)
    __aeabi_errno_addr                       0x08000b01   Thumb Code     8  rt_errno_addr_intlibspace.o(.text)
    __errno$intlibspace                      0x08000b01   Thumb Code     0  rt_errno_addr_intlibspace.o(.text)
    __rt_errno_addr$intlibspace              0x08000b01   Thumb Code     0  rt_errno_addr_intlibspace.o(.text)
    _printf_truncate_signed                  0x08000b09   Thumb Code    18  _printf_truncate.o(.text)
    _printf_truncate_unsigned                0x08000b1b   Thumb Code    18  _printf_truncate.o(.text)
    _printf_int_common                       0x08000b2d   Thumb Code   178  _printf_intcommon.o(.text)
    _printf_charcount                        0x08000bdf   Thumb Code    40  _printf_charcount.o(.text)
    _printf_char_common                      0x08000c13   Thumb Code    32  _printf_char_common.o(.text)
    _sputc                                   0x08000c39   Thumb Code    10  _sputc.o(.text)
    _snputc                                  0x08000c43   Thumb Code    16  _snputc.o(.text)
    _printf_cs_common                        0x08000c53   Thumb Code    20  _printf_char.o(.text)
    _printf_char                             0x08000c67   Thumb Code    16  _printf_char.o(.text)
    _printf_string                           0x08000c77   Thumb Code     8  _printf_char.o(.text)
    _printf_char_file                        0x08000c81   Thumb Code    32  _printf_char_file.o(.text)
    _printf_wctomb                           0x08000ca5   Thumb Code   182  _printf_wctomb.o(.text)
    _printf_longlong_dec                     0x08000d61   Thumb Code   108  _printf_longlong_dec.o(.text)
    _printf_longlong_oct                     0x08000ddd   Thumb Code    66  _printf_oct_int_ll.o(.text)
    _printf_int_oct                          0x08000e1f   Thumb Code    24  _printf_oct_int_ll.o(.text)
    _printf_ll_oct                           0x08000e37   Thumb Code    12  _printf_oct_int_ll.o(.text)
    strtol                                   0x08000e4d   Thumb Code   112  strtol.o(.text)
    __aeabi_memcpy4                          0x08000ebd   Thumb Code     0  rt_memcpy_w.o(.text)
    __aeabi_memcpy8                          0x08000ebd   Thumb Code     0  rt_memcpy_w.o(.text)
    __rt_memcpy_w                            0x08000ebd   Thumb Code   100  rt_memcpy_w.o(.text)
    _memcpy_lastbytes_aligned                0x08000f05   Thumb Code     0  rt_memcpy_w.o(.text)
    __user_libspace                          0x08000f21   Thumb Code     8  libspace.o(.text)
    __user_perproc_libspace                  0x08000f21   Thumb Code     0  libspace.o(.text)
    __user_perthread_libspace                0x08000f21   Thumb Code     0  libspace.o(.text)
    __rt_ctype_table                         0x08000f29   Thumb Code    16  rt_ctype_table.o(.text)
    _ll_udiv10                               0x08000f39   Thumb Code   138  lludiv10.o(.text)
    __lib_sel_fp_printf                      0x08000fc3   Thumb Code     2  _printf_fp_dec.o(.text)
    _printf_fp_dec_real                      0x08001175   Thumb Code   620  _printf_fp_dec.o(.text)
    _printf_fp_hex_real                      0x080013e1   Thumb Code   756  _printf_fp_hex.o(.text)
    _printf_lcs_common                       0x080016dd   Thumb Code    20  _printf_wchar.o(.text)
    _printf_wchar                            0x080016f1   Thumb Code    16  _printf_wchar.o(.text)
    _printf_wstring                          0x08001701   Thumb Code     8  _printf_wchar.o(.text)
    _strtoul                                 0x08001709   Thumb Code   158  _strtoul.o(.text)
    ferror                                   0x080017a7   Thumb Code     8  ferror.o(.text)
    _wcrtomb                                 0x080017af   Thumb Code    64  _wcrtomb.o(.text)
    __user_setup_stackheap                   0x080017ef   Thumb Code    74  sys_stackheap_outer.o(.text)
    __rt_locale                              0x08001839   Thumb Code     8  rt_locale_intlibspace.o(.text)
    _printf_fp_infnan                        0x08001841   Thumb Code   112  _printf_fp_infnan.o(.text)
    _chval                                   0x080018c1   Thumb Code    28  _chval.o(.text)
    _btod_etento                             0x080018dd   Thumb Code   224  bigflt0.o(.text)
    exit                                     0x080019c1   Thumb Code    18  exit.o(.text)
    strcmp                                   0x080019d5   Thumb Code   128  strcmpv7m.o(.text)
    _btod_d2e                                0x08001a55   Thumb Code    62  btod.o(CL$$btod_d2e)
    _d2e_denorm_low                          0x08001a93   Thumb Code    70  btod.o(CL$$btod_d2e_denorm_low)
    _d2e_norm_op1                            0x08001ad9   Thumb Code    96  btod.o(CL$$btod_d2e_norm_op1)
    __btod_div_common                        0x08001b39   Thumb Code   696  btod.o(CL$$btod_div_common)
    _e2e                                     0x08001e71   Thumb Code   220  btod.o(CL$$btod_e2e)
    _btod_ediv                               0x08001f4d   Thumb Code    42  btod.o(CL$$btod_ediv)
    _btod_emul                               0x08001f77   Thumb Code    42  btod.o(CL$$btod_emul)
    __btod_mult_common                       0x08001fa1   Thumb Code   580  btod.o(CL$$btod_mult_common)
    BusFault_Handler                         0x080021e5   Thumb Code     2  stm32f4xx_it.o(i.BusFault_Handler)
    CMD_Init                                 0x080021e9   Thumb Code    24  cmd_fun.o(i.CMD_Init)
    CheckUP_task                             0x08002205   Thumb Code    72  main.o(i.CheckUP_task)
    DMA_Cmd                                  0x080022a1   Thumb Code    20  stm32f4xx_dma.o(i.DMA_Cmd)
    DMA_DeInit                               0x080022b5   Thumb Code   272  stm32f4xx_dma.o(i.DMA_DeInit)
    DMA_Init                                 0x080023d9   Thumb Code    80  stm32f4xx_dma.o(i.DMA_Init)
    DebugMon_Handler                         0x0800242d   Thumb Code     2  stm32f4xx_it.o(i.DebugMon_Handler)
    FLASH_ClearFlag                          0x08002431   Thumb Code     6  stm32f4xx_flash.o(i.FLASH_ClearFlag)
    FLASH_EraseSector                        0x0800243d   Thumb Code   104  stm32f4xx_flash.o(i.FLASH_EraseSector)
    FLASH_GetStatus                          0x080024a9   Thumb Code    56  stm32f4xx_flash.o(i.FLASH_GetStatus)
    FLASH_ProgramWord                        0x080024e5   Thumb Code    56  stm32f4xx_flash.o(i.FLASH_ProgramWord)
    FLASH_Unlock                             0x08002521   Thumb Code    22  stm32f4xx_flash.o(i.FLASH_Unlock)
    FLASH_WaitForLastOperation               0x08002545   Thumb Code    30  stm32f4xx_flash.o(i.FLASH_WaitForLastOperation)
    FreeRTOS_CLIGetParameter                 0x08002563   Thumb Code    70  freertos_cli.o(i.FreeRTOS_CLIGetParameter)
    FreeRTOS_CLIRegisterCommand              0x080025a9   Thumb Code    74  freertos_cli.o(i.FreeRTOS_CLIRegisterCommand)
    GPIO_Init                                0x080025f9   Thumb Code   120  stm32f4xx_gpio.o(i.GPIO_Init)
    GPIO_PinAFConfig                         0x08002671   Thumb Code    32  stm32f4xx_gpio.o(i.GPIO_PinAFConfig)
    GPIO_ResetBits                           0x08002691   Thumb Code     4  stm32f4xx_gpio.o(i.GPIO_ResetBits)
    GPIO_SetBits                             0x08002695   Thumb Code     4  stm32f4xx_gpio.o(i.GPIO_SetBits)
    HardFault_Handler                        0x08002755   Thumb Code    26  stm32f4xx_it.o(i.HardFault_Handler)
    IAP_DownLoadToFlash                      0x080027a1   Thumb Code    40  iap.o(i.IAP_DownLoadToFlash)
    IAP_DownLoadToSTMFlash                   0x08002811   Thumb Code   142  iap.o(i.IAP_DownLoadToSTMFlash)
    IAP_JumpToApplication                    0x08002901   Thumb Code    34  iap.o(i.IAP_JumpToApplication)
    MemManage_Handler                        0x08002931   Thumb Code     2  stm32f4xx_it.o(i.MemManage_Handler)
    NMI_Handler                              0x08002933   Thumb Code     2  stm32f4xx_it.o(i.NMI_Handler)
    NVIC_Init                                0x08002935   Thumb Code    96  misc.o(i.NVIC_Init)
    NVIC_PriorityGroupConfig                 0x08002999   Thumb Code    10  misc.o(i.NVIC_PriorityGroupConfig)
    RCC_AHB1PeriphClockCmd                   0x080029ad   Thumb Code    18  stm32f4xx_rcc.o(i.RCC_AHB1PeriphClockCmd)
    RCC_APB1PeriphClockCmd                   0x080029c5   Thumb Code    18  stm32f4xx_rcc.o(i.RCC_APB1PeriphClockCmd)
    RCC_APB1PeriphResetCmd                   0x080029dd   Thumb Code    18  stm32f4xx_rcc.o(i.RCC_APB1PeriphResetCmd)
    RCC_APB2PeriphClockCmd                   0x080029f5   Thumb Code    18  stm32f4xx_rcc.o(i.RCC_APB2PeriphClockCmd)
    RCC_APB2PeriphResetCmd                   0x08002a0d   Thumb Code    18  stm32f4xx_rcc.o(i.RCC_APB2PeriphResetCmd)
    RCC_GetClocksFreq                        0x08002a25   Thumb Code   132  stm32f4xx_rcc.o(i.RCC_GetClocksFreq)
    SPI_CalculateCRC                         0x08002b6d   Thumb Code    20  stm32f4xx_spi.o(i.SPI_CalculateCRC)
    SPI_Cmd                                  0x08002b81   Thumb Code    20  stm32f4xx_spi.o(i.SPI_Cmd)
    SPI_I2S_DeInit                           0x08002b95   Thumb Code   108  stm32f4xx_spi.o(i.SPI_I2S_DeInit)
    SPI_I2S_GetFlagStatus                    0x08002c19   Thumb Code    14  stm32f4xx_spi.o(i.SPI_I2S_GetFlagStatus)
    SPI_I2S_ReceiveData                      0x08002c27   Thumb Code     4  stm32f4xx_spi.o(i.SPI_I2S_ReceiveData)
    SPI_I2S_SendData                         0x08002c2b   Thumb Code     4  stm32f4xx_spi.o(i.SPI_I2S_SendData)
    SPI_Init                                 0x08002c2f   Thumb Code    56  stm32f4xx_spi.o(i.SPI_Init)
    STM_FLASH_Erase                          0x08002c67   Thumb Code    36  stmflash.o(i.STM_FLASH_Erase)
    STM_FLASH_Init                           0x08002c8b   Thumb Code    16  stmflash.o(i.STM_FLASH_Init)
    STM_FLASH_Write                          0x08002c9d   Thumb Code    76  stmflash.o(i.STM_FLASH_Write)
    SysTick_CLKSourceConfig                  0x08002dc1   Thumb Code    24  misc.o(i.SysTick_CLKSourceConfig)
    SysTick_Handler                          0x08002dd9   Thumb Code    20  delay.o(i.SysTick_Handler)
    SystemInit                               0x08002ded   Thumb Code    74  system_stm32f4xx.o(i.SystemInit)
    TIM6_DAC_IRQHandler                      0x08002e49   Thumb Code    38  drv_time.o(i.TIM6_DAC_IRQHandler)
    TIM_ARRPreloadConfig                     0x08002e79   Thumb Code    20  stm32f4xx_tim.o(i.TIM_ARRPreloadConfig)
    TIM_ClearITPendingBit                    0x08002e8d   Thumb Code     6  stm32f4xx_tim.o(i.TIM_ClearITPendingBit)
    TIM_Cmd                                  0x08002e93   Thumb Code    20  stm32f4xx_tim.o(i.TIM_Cmd)
    TIM_GetITStatus                          0x08002ea7   Thumb Code    24  stm32f4xx_tim.o(i.TIM_GetITStatus)
    TIM_ITConfig                             0x08002ebf   Thumb Code    16  stm32f4xx_tim.o(i.TIM_ITConfig)
    TIM_TimeBaseInit                         0x08002ed1   Thumb Code    96  stm32f4xx_tim.o(i.TIM_TimeBaseInit)
    USART2_IRQHandler                        0x08002f4d   Thumb Code   124  cli_serial.o(i.USART2_IRQHandler)
    USART_Cmd                                0x08002fd5   Thumb Code    20  stm32f4xx_usart.o(i.USART_Cmd)
    USART_DMACmd                             0x08002fe9   Thumb Code    16  stm32f4xx_usart.o(i.USART_DMACmd)
    USART_GetFlagStatus                      0x08002ff9   Thumb Code    14  stm32f4xx_usart.o(i.USART_GetFlagStatus)
    USART_GetITStatus                        0x08003007   Thumb Code    62  stm32f4xx_usart.o(i.USART_GetITStatus)
    USART_ITConfig                           0x08003045   Thumb Code    48  stm32f4xx_usart.o(i.USART_ITConfig)
    USART_Init                               0x08003075   Thumb Code   164  stm32f4xx_usart.o(i.USART_Init)
    USART_ReceiveData                        0x08003121   Thumb Code     8  stm32f4xx_usart.o(i.USART_ReceiveData)
    USART_SendData                           0x08003129   Thumb Code     8  stm32f4xx_usart.o(i.USART_SendData)
    UsageFault_Handler                       0x08003131   Thumb Code     2  stm32f4xx_it.o(i.UsageFault_Handler)
    Ymodem_Receive                           0x080031a9   Thumb Code   398  ymodem.o(i.Ymodem_Receive)
    __ARM_fpclassify                         0x08003359   Thumb Code    48  fpclassify.o(i.__ARM_fpclassify)
    _is_digit                                0x08003389   Thumb Code    14  __printf_wp.o(i._is_digit)
    _sys_exit                                0x08003397   Thumb Code     2  cli_serial.o(i._sys_exit)
    delay_init                               0x08003a6d   Thumb Code    50  delay.o(i.delay_init)
    delay_us                                 0x08003aa5   Thumb Code    48  delay.o(i.delay_us)
    drv_LED_Init                             0x08003bd9   Thumb Code    58  drv_led.o(i.drv_LED_Init)
    drv_TIM6_Init                            0x08003c19   Thumb Code   108  drv_time.o(i.drv_TIM6_Init)
    drv_Usart1_Init                          0x08003c91   Thumb Code   130  drv_usart1.o(i.drv_Usart1_Init)
    drv_key_Init                             0x08003d1d   Thumb Code    58  drv_key.o(i.drv_key_Init)
    eTaskGetState                            0x08003d61   Thumb Code   106  tasks.o(i.eTaskGetState)
    easyflash_init                           0x08003dd5   Thumb Code    62  easyflash.o(i.easyflash_init)
    ef_calc_crc32                            0x08003e6d   Thumb Code    32  ef_utils.o(i.ef_calc_crc32)
    ef_del_env                               0x08003e91   Thumb Code    44  ef_env.o(i.ef_del_env)
    ef_env_init                              0x08003ee5   Thumb Code    76  ef_env.o(i.ef_env_init)
    ef_env_set_default                       0x08003fc1   Thumb Code   164  ef_env.o(i.ef_env_set_default)
    ef_erase_bak_app                         0x080040dd   Thumb Code    36  ef_iap.o(i.ef_erase_bak_app)
    ef_get_env                               0x0800415d   Thumb Code    46  ef_env.o(i.ef_get_env)
    ef_get_env_blob                          0x080041d1   Thumb Code    82  ef_env.o(i.ef_get_env_blob)
    ef_iap_init                              0x08004245   Thumb Code    12  ef_iap.o(i.ef_iap_init)
    ef_load_env                              0x08004271   Thumb Code    62  ef_env.o(i.ef_load_env)
    ef_log_debug                             0x080042bd   Thumb Code    46  ef_port.o(i.ef_log_debug)
    ef_log_info                              0x0800430d   Thumb Code    42  ef_port.o(i.ef_log_info)
    ef_port_env_lock                         0x0800434d   Thumb Code     4  ef_port.o(i.ef_port_env_lock)
    ef_port_env_unlock                       0x08004351   Thumb Code     4  ef_port.o(i.ef_port_env_unlock)
    ef_port_erase                            0x08004355   Thumb Code    50  ef_port.o(i.ef_port_erase)
    ef_port_init                             0x080043f9   Thumb Code    20  ef_port.o(i.ef_port_init)
    ef_port_read                             0x08004411   Thumb Code    32  ef_port.o(i.ef_port_read)
    ef_port_write                            0x08004431   Thumb Code    36  ef_port.o(i.ef_port_write)
    ef_print                                 0x08004455   Thumb Code    28  ef_port.o(i.ef_print)
    ef_print_env                             0x08004479   Thumb Code    66  ef_env.o(i.ef_print_env)
    ef_set_env                               0x08004515   Thumb Code    26  ef_env.o(i.ef_set_env)
    ef_set_env_blob                          0x08004531   Thumb Code    48  ef_env.o(i.ef_set_env_blob)
    ef_write_data_to_bak                     0x08004581   Thumb Code    68  ef_iap.o(i.ef_write_data_to_bak)
    fputc                                    0x080047c9   Thumb Code    18  cli_serial.o(i.fputc)
    main                                     0x08004c15   Thumb Code    84  main.o(i.main)
    pvPortMalloc                             0x08005f69   Thumb Code   210  heap_4.o(i.pvPortMalloc)
    pxPortInitialiseStack                    0x08006041   Thumb Code    40  port.o(i.pxPortInitialiseStack)
    retry_delay_100us                        0x080065b9   Thumb Code     6  delay.o(i.retry_delay_100us)
    sfud_chip_erase                          0x080068e1   Thumb Code   174  sfud.o(i.sfud_chip_erase)
    sfud_device_init                         0x08006a21   Thumb Code    64  sfud.o(i.sfud_device_init)
    sfud_erase                               0x08006b09   Thumb Code   288  sfud.o(i.sfud_erase)
    sfud_get_device_table                    0x08006cd9   Thumb Code     4  sfud.o(i.sfud_get_device_table)
    sfud_init                                0x08006ce1   Thumb Code    56  sfud.o(i.sfud_init)
    sfud_log_debug                           0x08006d85   Thumb Code    44  sfud_port.o(i.sfud_log_debug)
    sfud_log_info                            0x08006dc9   Thumb Code    40  sfud_port.o(i.sfud_log_info)
    sfud_read                                0x08006e01   Thumb Code   184  sfud.o(i.sfud_read)
    sfud_read_status                         0x08006f45   Thumb Code    66  sfud.o(i.sfud_read_status)
    sfud_spi_port_init                       0x08006fdd   Thumb Code   148  sfud_port.o(i.sfud_spi_port_init)
    sfud_write                               0x0800708d   Thumb Code    42  sfud.o(i.sfud_write)
    sfud_write_status                        0x080070b9   Thumb Code   108  sfud.o(i.sfud_write_status)
    uxListRemove                             0x08007319   Thumb Code    38  list.o(i.uxListRemove)
    uxTaskGetSystemState                     0x08007341   Thumb Code   160  tasks.o(i.uxTaskGetSystemState)
    vListInitialise                          0x080073f1   Thumb Code    22  list.o(i.vListInitialise)
    vListInitialiseItem                      0x08007407   Thumb Code     6  list.o(i.vListInitialiseItem)
    vListInsert                              0x0800740d   Thumb Code    48  list.o(i.vListInsert)
    vListInsertEnd                           0x0800743d   Thumb Code    24  list.o(i.vListInsertEnd)
    vPortEnterCritical                       0x08007455   Thumb Code    54  port.o(i.vPortEnterCritical)
    vPortExitCritical                        0x08007495   Thumb Code    34  port.o(i.vPortExitCritical)
    vPortFree                                0x080074bd   Thumb Code    88  heap_4.o(i.vPortFree)
    vPortSetupTimerInterrupt                 0x08007519   Thumb Code    32  port.o(i.vPortSetupTimerInterrupt)
    vPortValidateInterruptPriority           0x0800753d   Thumb Code    88  port.o(i.vPortValidateInterruptPriority)
    vQueueAddToRegistry                      0x0800759d   Thumb Code    32  queue.o(i.vQueueAddToRegistry)
    vQueueWaitForMessageRestricted           0x080075c1   Thumb Code    68  queue.o(i.vQueueWaitForMessageRestricted)
    vTaskDelay                               0x08007605   Thumb Code    66  tasks.o(i.vTaskDelay)
    vTaskGetInfo                             0x08007651   Thumb Code   124  tasks.o(i.vTaskGetInfo)
    vTaskGetRunTimeStats                     0x080076d1   Thumb Code   134  tasks.o(i.vTaskGetRunTimeStats)
    vTaskInternalSetTimeOutState             0x08007775   Thumb Code    12  tasks.o(i.vTaskInternalSetTimeOutState)
    vTaskList                                0x08007785   Thumb Code   148  tasks.o(i.vTaskList)
    vTaskMissedYield                         0x0800782d   Thumb Code     8  tasks.o(i.vTaskMissedYield)
    vTaskPlaceOnEventList                    0x08007839   Thumb Code    44  tasks.o(i.vTaskPlaceOnEventList)
    vTaskPlaceOnEventListRestricted          0x08007869   Thumb Code    52  tasks.o(i.vTaskPlaceOnEventListRestricted)
    vTaskStartScheduler                      0x080078a1   Thumb Code    98  tasks.o(i.vTaskStartScheduler)
    vTaskSuspendAll                          0x08007919   Thumb Code    10  tasks.o(i.vTaskSuspendAll)
    vTaskSwitchContext                       0x08007929   Thumb Code   108  tasks.o(i.vTaskSwitchContext)
    xPortStartScheduler                      0x08007b39   Thumb Code   224  port.o(i.xPortStartScheduler)
    xPortSysTickHandler                      0x08007c2d   Thumb Code    38  port.o(i.xPortSysTickHandler)
    xQueueGenericCreate                      0x08007c59   Thumb Code    82  queue.o(i.xQueueGenericCreate)
    xQueueGenericReset                       0x08007cad   Thumb Code   132  queue.o(i.xQueueGenericReset)
    xQueueGenericSend                        0x08007d35   Thumb Code   350  queue.o(i.xQueueGenericSend)
    xQueueGenericSendFromISR                 0x08007e99   Thumb Code   188  queue.o(i.xQueueGenericSendFromISR)
    xQueueReceive                            0x08007f55   Thumb Code   308  queue.o(i.xQueueReceive)
    xQueueReceiveFromISR                     0x0800808d   Thumb Code   154  queue.o(i.xQueueReceiveFromISR)
    xTaskCheckForTimeOut                     0x08008129   Thumb Code   112  tasks.o(i.xTaskCheckForTimeOut)
    xTaskCreate                              0x0800819d   Thumb Code    86  tasks.o(i.xTaskCreate)
    xTaskGetSchedulerState                   0x080081f5   Thumb Code    22  tasks.o(i.xTaskGetSchedulerState)
    xTaskGetTickCount                        0x08008211   Thumb Code     6  tasks.o(i.xTaskGetTickCount)
    xTaskIncrementTick                       0x0800821d   Thumb Code   192  tasks.o(i.xTaskIncrementTick)
    xTaskPriorityDisinherit                  0x080082e5   Thumb Code   144  tasks.o(i.xTaskPriorityDisinherit)
    xTaskRemoveFromEventList                 0x0800837d   Thumb Code   108  tasks.o(i.xTaskRemoveFromEventList)
    xTaskResumeAll                           0x080083f1   Thumb Code   182  tasks.o(i.xTaskResumeAll)
    xTimerCreateTimerTask                    0x080084b5   Thumb Code    58  timers.o(i.xTimerCreateTimerTask)
    xTimerGenericCommand                     0x08008501   Thumb Code    88  timers.o(i.xTimerGenericCommand)
    xUsart2Init                              0x0800855d   Thumb Code   168  cli_serial.o(i.xUsart2Init)
    _get_lc_ctype                            0x0800860d   Thumb Code    44  lc_ctype_c.o(locale$$code)
    _get_lc_numeric                          0x08008639   Thumb Code    44  lc_numeric_c.o(locale$$code)
    _fp_init                                 0x08008665   Thumb Code    10  fpinit.o(x$fpl$fpinit)
    __fplib_config_fpu_vfp                   0x0800866d   Thumb Code     0  fpinit.o(x$fpl$fpinit)
    __fplib_config_pureend_doubles           0x0800866d   Thumb Code     0  fpinit.o(x$fpl$fpinit)
    _printf_fp_dec                           0x0800866f   Thumb Code     4  printf1.o(x$fpl$printf1)
    _printf_fp_hex                           0x08008673   Thumb Code     4  printf2.o(x$fpl$printf2)
    __I$use$fp                               0x08008676   Number         0  usenofp.o(x$fpl$usenofp)
    Region$$Table$$Base                      0x0800981c   Number         0  anon$$obj.o(Region$$Table)
    Region$$Table$$Limit                     0x0800983c   Number         0  anon$$obj.o(Region$$Table)
    __ctype                                  0x08009849   Data           0  lc_ctype_c.o(locale$$data)
    StartTask_Handler                        0x20000000   Data           4  main.o(.data)
    CheckUP_Handler                          0x20000004   Data           4  main.o(.data)
    SystemCoreClock                          0x20000008   Data           4  system_stm32f4xx.o(.data)
    AHBPrescTable                            0x2000000c   Data          16  system_stm32f4xx.o(.data)
    Jump_To_Application                      0x20000020   Data           4  iap.o(.data)
    ulHighFrequencyTimerTicks                0x2000002c   Data           4  drv_time.o(.data)
    g1msTimerUART1                           0x20000030   Data           4  drv_time.o(.data)
    pxCurrentTCB                             0x20000044   Data           4  tasks.o(.data)
    __stdout                                 0x200000dc   Data           4  cli_serial.o(.data)
    buf_1k                                   0x2000014c   Data        1024  iap.o(.bss)
    FileName                                 0x2000054c   Data         256  ymodem.o(.bss)
    xQueueRegistry                           0x2000064c   Data          64  queue.o(.bss)
    __libspace_start                         0x20005b38   Data          96  libspace.o(.bss)
    __temporary_stack_top$libspace           0x20005b98   Data           0  libspace.o(.bss)



==============================================================================

Memory Map of the image

  Image Entry point : 0x08000189

  Load Region LR_IROM1 (Base: 0x08000000, Size: 0x00009ab4, Max: 0x0000ffff, ABSOLUTE, COMPRESSED[0x000099a8])

    Execution Region ER_IROM1 (Exec base: 0x08000000, Load base: 0x08000000, Size: 0x00009968, Max: 0x0000ffff, ABSOLUTE)

    Exec Addr    Load Addr    Size         Type   Attr      Idx    E Section Name        Object

    0x08000000   0x08000000   0x00000188   Data   RO         2839    RESET               startup_stm32f40_41xxx.o
    0x08000188   0x08000188   0x00000008   Code   RO         4970  * !!!main             c_w.l(__main.o)
    0x08000190   0x08000190   0x00000034   Code   RO         5257    !!!scatter          c_w.l(__scatter.o)
    0x080001c4   0x080001c4   0x0000005a   Code   RO         5255    !!dczerorl2         c_w.l(__dczerorl2.o)
    0x0800021e   0x0800021e   0x00000002   PAD
    0x08000220   0x08000220   0x0000001c   Code   RO         5259    !!handler_zi        c_w.l(__scatter_zi.o)
    0x0800023c   0x0800023c   0x00000000   Code   RO         4941    .ARM.Collect$$_printf_percent$$00000000  c_w.l(_printf_percent.o)
    0x0800023c   0x0800023c   0x00000006   Code   RO         5007    .ARM.Collect$$_printf_percent$$00000001  c_w.l(_printf_n.o)
    0x08000242   0x08000242   0x00000006   Code   RO         5008    .ARM.Collect$$_printf_percent$$00000002  c_w.l(_printf_p.o)
    0x08000248   0x08000248   0x00000006   Code   RO         5011    .ARM.Collect$$_printf_percent$$00000003  c_w.l(_printf_f.o)
    0x0800024e   0x0800024e   0x00000006   Code   RO         5012    .ARM.Collect$$_printf_percent$$00000004  c_w.l(_printf_e.o)
    0x08000254   0x08000254   0x00000006   Code   RO         5013    .ARM.Collect$$_printf_percent$$00000005  c_w.l(_printf_g.o)
    0x0800025a   0x0800025a   0x00000006   Code   RO         5014    .ARM.Collect$$_printf_percent$$00000006  c_w.l(_printf_a.o)
    0x08000260   0x08000260   0x0000000a   Code   RO         5019    .ARM.Collect$$_printf_percent$$00000007  c_w.l(_printf_ll.o)
    0x0800026a   0x0800026a   0x00000006   Code   RO         5010    .ARM.Collect$$_printf_percent$$00000008  c_w.l(_printf_i.o)
    0x08000270   0x08000270   0x00000006   Code   RO         4939    .ARM.Collect$$_printf_percent$$00000009  c_w.l(_printf_d.o)
    0x08000276   0x08000276   0x00000006   Code   RO         4940    .ARM.Collect$$_printf_percent$$0000000A  c_w.l(_printf_u.o)
    0x0800027c   0x0800027c   0x00000006   Code   RO         5009    .ARM.Collect$$_printf_percent$$0000000B  c_w.l(_printf_o.o)
    0x08000282   0x08000282   0x00000006   Code   RO         4938    .ARM.Collect$$_printf_percent$$0000000C  c_w.l(_printf_x.o)
    0x08000288   0x08000288   0x00000006   Code   RO         5016    .ARM.Collect$$_printf_percent$$0000000D  c_w.l(_printf_lli.o)
    0x0800028e   0x0800028e   0x00000006   Code   RO         5017    .ARM.Collect$$_printf_percent$$0000000E  c_w.l(_printf_lld.o)
    0x08000294   0x08000294   0x00000006   Code   RO         5018    .ARM.Collect$$_printf_percent$$0000000F  c_w.l(_printf_llu.o)
    0x0800029a   0x0800029a   0x00000006   Code   RO         5023    .ARM.Collect$$_printf_percent$$00000010  c_w.l(_printf_llo.o)
    0x080002a0   0x080002a0   0x00000006   Code   RO         5024    .ARM.Collect$$_printf_percent$$00000011  c_w.l(_printf_llx.o)
    0x080002a6   0x080002a6   0x0000000a   Code   RO         5020    .ARM.Collect$$_printf_percent$$00000012  c_w.l(_printf_l.o)
    0x080002b0   0x080002b0   0x00000006   Code   RO         4936    .ARM.Collect$$_printf_percent$$00000013  c_w.l(_printf_c.o)
    0x080002b6   0x080002b6   0x00000006   Code   RO         4937    .ARM.Collect$$_printf_percent$$00000014  c_w.l(_printf_s.o)
    0x080002bc   0x080002bc   0x00000006   Code   RO         5021    .ARM.Collect$$_printf_percent$$00000015  c_w.l(_printf_lc.o)
    0x080002c2   0x080002c2   0x00000006   Code   RO         5022    .ARM.Collect$$_printf_percent$$00000016  c_w.l(_printf_ls.o)
    0x080002c8   0x080002c8   0x00000004   Code   RO         5015    .ARM.Collect$$_printf_percent$$00000017  c_w.l(_printf_percent_end.o)
    0x080002cc   0x080002cc   0x00000002   Code   RO         5125    .ARM.Collect$$libinit$$00000000  c_w.l(libinit.o)
    0x080002ce   0x080002ce   0x00000004   Code   RO         5135    .ARM.Collect$$libinit$$00000001  c_w.l(libinit2.o)
    0x080002d2   0x080002d2   0x00000000   Code   RO         5138    .ARM.Collect$$libinit$$00000004  c_w.l(libinit2.o)
    0x080002d2   0x080002d2   0x00000000   Code   RO         5141    .ARM.Collect$$libinit$$0000000A  c_w.l(libinit2.o)
    0x080002d2   0x080002d2   0x00000000   Code   RO         5143    .ARM.Collect$$libinit$$0000000C  c_w.l(libinit2.o)
    0x080002d2   0x080002d2   0x00000000   Code   RO         5145    .ARM.Collect$$libinit$$0000000E  c_w.l(libinit2.o)
    0x080002d2   0x080002d2   0x00000006   Code   RO         5146    .ARM.Collect$$libinit$$0000000F  c_w.l(libinit2.o)
    0x080002d8   0x080002d8   0x00000000   Code   RO         5148    .ARM.Collect$$libinit$$00000011  c_w.l(libinit2.o)
    0x080002d8   0x080002d8   0x0000000c   Code   RO         5149    .ARM.Collect$$libinit$$00000012  c_w.l(libinit2.o)
    0x080002e4   0x080002e4   0x00000000   Code   RO         5150    .ARM.Collect$$libinit$$00000013  c_w.l(libinit2.o)
    0x080002e4   0x080002e4   0x00000000   Code   RO         5152    .ARM.Collect$$libinit$$00000015  c_w.l(libinit2.o)
    0x080002e4   0x080002e4   0x0000000a   Code   RO         5153    .ARM.Collect$$libinit$$00000016  c_w.l(libinit2.o)
    0x080002ee   0x080002ee   0x00000000   Code   RO         5154    .ARM.Collect$$libinit$$00000017  c_w.l(libinit2.o)
    0x080002ee   0x080002ee   0x00000000   Code   RO         5156    .ARM.Collect$$libinit$$00000019  c_w.l(libinit2.o)
    0x080002ee   0x080002ee   0x00000000   Code   RO         5158    .ARM.Collect$$libinit$$0000001B  c_w.l(libinit2.o)
    0x080002ee   0x080002ee   0x00000000   Code   RO         5160    .ARM.Collect$$libinit$$0000001D  c_w.l(libinit2.o)
    0x080002ee   0x080002ee   0x00000000   Code   RO         5162    .ARM.Collect$$libinit$$0000001F  c_w.l(libinit2.o)
    0x080002ee   0x080002ee   0x00000000   Code   RO         5164    .ARM.Collect$$libinit$$00000021  c_w.l(libinit2.o)
    0x080002ee   0x080002ee   0x00000000   Code   RO         5166    .ARM.Collect$$libinit$$00000023  c_w.l(libinit2.o)
    0x080002ee   0x080002ee   0x00000000   Code   RO         5168    .ARM.Collect$$libinit$$00000025  c_w.l(libinit2.o)
    0x080002ee   0x080002ee   0x00000000   Code   RO         5172    .ARM.Collect$$libinit$$0000002C  c_w.l(libinit2.o)
    0x080002ee   0x080002ee   0x00000000   Code   RO         5174    .ARM.Collect$$libinit$$0000002E  c_w.l(libinit2.o)
    0x080002ee   0x080002ee   0x00000000   Code   RO         5176    .ARM.Collect$$libinit$$00000030  c_w.l(libinit2.o)
    0x080002ee   0x080002ee   0x00000000   Code   RO         5178    .ARM.Collect$$libinit$$00000032  c_w.l(libinit2.o)
    0x080002ee   0x080002ee   0x00000002   Code   RO         5179    .ARM.Collect$$libinit$$00000033  c_w.l(libinit2.o)
    0x080002f0   0x080002f0   0x00000002   Code   RO         5197    .ARM.Collect$$libshutdown$$00000000  c_w.l(libshutdown.o)
    0x080002f2   0x080002f2   0x00000000   Code   RO         5207    .ARM.Collect$$libshutdown$$00000002  c_w.l(libshutdown2.o)
    0x080002f2   0x080002f2   0x00000000   Code   RO         5209    .ARM.Collect$$libshutdown$$00000004  c_w.l(libshutdown2.o)
    0x080002f2   0x080002f2   0x00000000   Code   RO         5212    .ARM.Collect$$libshutdown$$00000007  c_w.l(libshutdown2.o)
    0x080002f2   0x080002f2   0x00000000   Code   RO         5215    .ARM.Collect$$libshutdown$$0000000A  c_w.l(libshutdown2.o)
    0x080002f2   0x080002f2   0x00000000   Code   RO         5217    .ARM.Collect$$libshutdown$$0000000C  c_w.l(libshutdown2.o)
    0x080002f2   0x080002f2   0x00000000   Code   RO         5220    .ARM.Collect$$libshutdown$$0000000F  c_w.l(libshutdown2.o)
    0x080002f2   0x080002f2   0x00000002   Code   RO         5221    .ARM.Collect$$libshutdown$$00000010  c_w.l(libshutdown2.o)
    0x080002f4   0x080002f4   0x00000000   Code   RO         4974    .ARM.Collect$$rtentry$$00000000  c_w.l(__rtentry.o)
    0x080002f4   0x080002f4   0x00000000   Code   RO         5041    .ARM.Collect$$rtentry$$00000002  c_w.l(__rtentry2.o)
    0x080002f4   0x080002f4   0x00000006   Code   RO         5053    .ARM.Collect$$rtentry$$00000004  c_w.l(__rtentry4.o)
    0x080002fa   0x080002fa   0x00000000   Code   RO         5043    .ARM.Collect$$rtentry$$00000009  c_w.l(__rtentry2.o)
    0x080002fa   0x080002fa   0x00000004   Code   RO         5044    .ARM.Collect$$rtentry$$0000000A  c_w.l(__rtentry2.o)
    0x080002fe   0x080002fe   0x00000000   Code   RO         5046    .ARM.Collect$$rtentry$$0000000C  c_w.l(__rtentry2.o)
    0x080002fe   0x080002fe   0x00000008   Code   RO         5047    .ARM.Collect$$rtentry$$0000000D  c_w.l(__rtentry2.o)
    0x08000306   0x08000306   0x00000002   Code   RO         5131    .ARM.Collect$$rtexit$$00000000  c_w.l(rtexit.o)
    0x08000308   0x08000308   0x00000000   Code   RO         5181    .ARM.Collect$$rtexit$$00000002  c_w.l(rtexit2.o)
    0x08000308   0x08000308   0x00000004   Code   RO         5182    .ARM.Collect$$rtexit$$00000003  c_w.l(rtexit2.o)
    0x0800030c   0x0800030c   0x00000006   Code   RO         5183    .ARM.Collect$$rtexit$$00000004  c_w.l(rtexit2.o)
    0x08000312   0x08000312   0x00000002   PAD
    0x08000314   0x08000314   0x000000be   Code   RO         3844    .emb_text           port.o
    0x080003d2   0x080003d2   0x00000002   PAD
    0x080003d4   0x080003d4   0x00000040   Code   RO         2840    .text               startup_stm32f40_41xxx.o
    0x08000414   0x08000414   0x00000002   Code   RO         4873    .text               c_w.l(use_no_semi_2.o)
    0x08000416   0x08000416   0x00000002   PAD
    0x08000418   0x08000418   0x00000024   Code   RO         4875    .text               c_w.l(vsprintf.o)
    0x0800043c   0x0800043c   0x00000034   Code   RO         4877    .text               c_w.l(vsnprintf.o)
    0x08000470   0x08000470   0x00000018   Code   RO         4879    .text               c_w.l(__2printf.o)
    0x08000488   0x08000488   0x0000002c   Code   RO         4881    .text               c_w.l(__2sprintf.o)
    0x080004b4   0x080004b4   0x0000004e   Code   RO         4889    .text               c_w.l(_printf_pad.o)
    0x08000502   0x08000502   0x00000052   Code   RO         4891    .text               c_w.l(_printf_str.o)
    0x08000554   0x08000554   0x00000078   Code   RO         4893    .text               c_w.l(_printf_dec.o)
    0x080005cc   0x080005cc   0x00000094   Code   RO         4913    .text               c_w.l(_printf_hex_int_ll_ptr.o)
    0x08000660   0x08000660   0x00000188   Code   RO         4933    .text               c_w.l(__printf_flags_ss_wp.o)
    0x080007e8   0x080007e8   0x0000001a   Code   RO         4942    .text               c_w.l(atoi.o)
    0x08000802   0x08000802   0x0000001a   Code   RO         4944    .text               c_w.l(atol.o)
    0x0800081c   0x0800081c   0x00000024   Code   RO         4946    .text               c_w.l(strncat.o)
    0x08000840   0x08000840   0x00000048   Code   RO         4948    .text               c_w.l(strcpy.o)
    0x08000888   0x08000888   0x0000003e   Code   RO         4950    .text               c_w.l(strlen.o)
    0x080008c6   0x080008c6   0x00000096   Code   RO         4952    .text               c_w.l(strncmp.o)
    0x0800095c   0x0800095c   0x00000018   Code   RO         4954    .text               c_w.l(strcat.o)
    0x08000974   0x08000974   0x0000008a   Code   RO         4956    .text               c_w.l(rt_memcpy_v6.o)
    0x080009fe   0x080009fe   0x00000010   Code   RO         4960    .text               c_w.l(aeabi_memset.o)
    0x08000a0e   0x08000a0e   0x00000044   Code   RO         4962    .text               c_w.l(rt_memclr.o)
    0x08000a52   0x08000a52   0x0000004e   Code   RO         4964    .text               c_w.l(rt_memclr_w.o)
    0x08000aa0   0x08000aa0   0x00000056   Code   RO         4966    .text               c_w.l(strncpy.o)
    0x08000af6   0x08000af6   0x00000006   Code   RO         4968    .text               c_w.l(heapauxi.o)
    0x08000afc   0x08000afc   0x00000002   Code   RO         4972    .text               c_w.l(use_no_semi.o)
    0x08000afe   0x08000afe   0x00000002   PAD
    0x08000b00   0x08000b00   0x00000008   Code   RO         4978    .text               c_w.l(rt_errno_addr_intlibspace.o)
    0x08000b08   0x08000b08   0x00000024   Code   RO         4980    .text               c_w.l(_printf_truncate.o)
    0x08000b2c   0x08000b2c   0x000000b2   Code   RO         4982    .text               c_w.l(_printf_intcommon.o)
    0x08000bde   0x08000bde   0x00000028   Code   RO         4984    .text               c_w.l(_printf_charcount.o)
    0x08000c06   0x08000c06   0x00000002   PAD
    0x08000c08   0x08000c08   0x00000030   Code   RO         4986    .text               c_w.l(_printf_char_common.o)
    0x08000c38   0x08000c38   0x0000000a   Code   RO         4988    .text               c_w.l(_sputc.o)
    0x08000c42   0x08000c42   0x00000010   Code   RO         4990    .text               c_w.l(_snputc.o)
    0x08000c52   0x08000c52   0x0000002c   Code   RO         4992    .text               c_w.l(_printf_char.o)
    0x08000c7e   0x08000c7e   0x00000002   PAD
    0x08000c80   0x08000c80   0x00000024   Code   RO         4994    .text               c_w.l(_printf_char_file.o)
    0x08000ca4   0x08000ca4   0x000000bc   Code   RO         4996    .text               c_w.l(_printf_wctomb.o)
    0x08000d60   0x08000d60   0x0000007c   Code   RO         4999    .text               c_w.l(_printf_longlong_dec.o)
    0x08000ddc   0x08000ddc   0x00000070   Code   RO         5005    .text               c_w.l(_printf_oct_int_ll.o)
    0x08000e4c   0x08000e4c   0x00000070   Code   RO         5025    .text               c_w.l(strtol.o)
    0x08000ebc   0x08000ebc   0x00000064   Code   RO         5027    .text               c_w.l(rt_memcpy_w.o)
    0x08000f20   0x08000f20   0x00000008   Code   RO         5037    .text               c_w.l(libspace.o)
    0x08000f28   0x08000f28   0x00000010   Code   RO         5055    .text               c_w.l(rt_ctype_table.o)
    0x08000f38   0x08000f38   0x0000008a   Code   RO         5057    .text               c_w.l(lludiv10.o)
    0x08000fc2   0x08000fc2   0x0000041e   Code   RO         5059    .text               c_w.l(_printf_fp_dec.o)
    0x080013e0   0x080013e0   0x000002fc   Code   RO         5061    .text               c_w.l(_printf_fp_hex.o)
    0x080016dc   0x080016dc   0x0000002c   Code   RO         5066    .text               c_w.l(_printf_wchar.o)
    0x08001708   0x08001708   0x0000009e   Code   RO         5068    .text               c_w.l(_strtoul.o)
    0x080017a6   0x080017a6   0x00000008   Code   RO         5070    .text               c_w.l(ferror.o)
    0x080017ae   0x080017ae   0x00000040   Code   RO         5074    .text               c_w.l(_wcrtomb.o)
    0x080017ee   0x080017ee   0x0000004a   Code   RO         5076    .text               c_w.l(sys_stackheap_outer.o)
    0x08001838   0x08001838   0x00000008   Code   RO         5081    .text               c_w.l(rt_locale_intlibspace.o)
    0x08001840   0x08001840   0x00000080   Code   RO         5083    .text               c_w.l(_printf_fp_infnan.o)
    0x080018c0   0x080018c0   0x0000001c   Code   RO         5085    .text               c_w.l(_chval.o)
    0x080018dc   0x080018dc   0x000000e4   Code   RO         5087    .text               c_w.l(bigflt0.o)
    0x080019c0   0x080019c0   0x00000012   Code   RO         5118    .text               c_w.l(exit.o)
    0x080019d2   0x080019d2   0x00000002   PAD
    0x080019d4   0x080019d4   0x00000080   Code   RO         5133    .text               c_w.l(strcmpv7m.o)
    0x08001a54   0x08001a54   0x0000003e   Code   RO         5090    CL$$btod_d2e        c_w.l(btod.o)
    0x08001a92   0x08001a92   0x00000046   Code   RO         5092    CL$$btod_d2e_denorm_low  c_w.l(btod.o)
    0x08001ad8   0x08001ad8   0x00000060   Code   RO         5091    CL$$btod_d2e_norm_op1  c_w.l(btod.o)
    0x08001b38   0x08001b38   0x00000338   Code   RO         5100    CL$$btod_div_common  c_w.l(btod.o)
    0x08001e70   0x08001e70   0x000000dc   Code   RO         5097    CL$$btod_e2e        c_w.l(btod.o)
    0x08001f4c   0x08001f4c   0x0000002a   Code   RO         5094    CL$$btod_ediv       c_w.l(btod.o)
    0x08001f76   0x08001f76   0x0000002a   Code   RO         5093    CL$$btod_emul       c_w.l(btod.o)
    0x08001fa0   0x08001fa0   0x00000244   Code   RO         5099    CL$$btod_mult_common  c_w.l(btod.o)
    0x080021e4   0x080021e4   0x00000002   Code   RO          265    i.BusFault_Handler  stm32f4xx_it.o
    0x080021e6   0x080021e6   0x00000002   PAD
    0x080021e8   0x080021e8   0x0000001c   Code   RO         4147    i.CMD_Init          cmd_fun.o
    0x08002204   0x08002204   0x0000009c   Code   RO            3    i.CheckUP_task      main.o
    0x080022a0   0x080022a0   0x00000014   Code   RO         2459    i.DMA_Cmd           stm32f4xx_dma.o
    0x080022b4   0x080022b4   0x00000124   Code   RO         2460    i.DMA_DeInit        stm32f4xx_dma.o
    0x080023d8   0x080023d8   0x00000054   Code   RO         2471    i.DMA_Init          stm32f4xx_dma.o
    0x0800242c   0x0800242c   0x00000002   Code   RO          266    i.DebugMon_Handler  stm32f4xx_it.o
    0x0800242e   0x0800242e   0x00000002   PAD
    0x08002430   0x08002430   0x0000000c   Code   RO         2585    i.FLASH_ClearFlag   stm32f4xx_flash.o
    0x0800243c   0x0800243c   0x0000006c   Code   RO         2591    i.FLASH_EraseSector  stm32f4xx_flash.o
    0x080024a8   0x080024a8   0x0000003c   Code   RO         2593    i.FLASH_GetStatus   stm32f4xx_flash.o
    0x080024e4   0x080024e4   0x0000003c   Code   RO         2621    i.FLASH_ProgramWord  stm32f4xx_flash.o
    0x08002520   0x08002520   0x00000024   Code   RO         2623    i.FLASH_Unlock      stm32f4xx_flash.o
    0x08002544   0x08002544   0x0000001e   Code   RO         2624    i.FLASH_WaitForLastOperation  stm32f4xx_flash.o
    0x08002562   0x08002562   0x00000046   Code   RO         3971    i.FreeRTOS_CLIGetParameter  freertos_cli.o
    0x080025a8   0x080025a8   0x00000050   Code   RO         3973    i.FreeRTOS_CLIRegisterCommand  freertos_cli.o
    0x080025f8   0x080025f8   0x00000078   Code   RO          785    i.GPIO_Init         stm32f4xx_gpio.o
    0x08002670   0x08002670   0x00000020   Code   RO          786    i.GPIO_PinAFConfig  stm32f4xx_gpio.o
    0x08002690   0x08002690   0x00000004   Code   RO          792    i.GPIO_ResetBits    stm32f4xx_gpio.o
    0x08002694   0x08002694   0x00000004   Code   RO          793    i.GPIO_SetBits      stm32f4xx_gpio.o
    0x08002698   0x08002698   0x000000bc   Code   RO          527    i.GetSector         stmflash.o
    0x08002754   0x08002754   0x0000004c   Code   RO          267    i.HardFault_Handler  stm32f4xx_it.o
    0x080027a0   0x080027a0   0x00000070   Code   RO          356    i.IAP_DownLoadToFlash  iap.o
    0x08002810   0x08002810   0x000000f0   Code   RO          357    i.IAP_DownLoadToSTMFlash  iap.o
    0x08002900   0x08002900   0x00000030   Code   RO          358    i.IAP_JumpToApplication  iap.o
    0x08002930   0x08002930   0x00000002   Code   RO          268    i.MemManage_Handler  stm32f4xx_it.o
    0x08002932   0x08002932   0x00000002   Code   RO          269    i.NMI_Handler       stm32f4xx_it.o
    0x08002934   0x08002934   0x00000064   Code   RO          740    i.NVIC_Init         misc.o
    0x08002998   0x08002998   0x00000014   Code   RO          741    i.NVIC_PriorityGroupConfig  misc.o
    0x080029ac   0x080029ac   0x00000018   Code   RO         1106    i.RCC_AHB1PeriphClockCmd  stm32f4xx_rcc.o
    0x080029c4   0x080029c4   0x00000018   Code   RO         1115    i.RCC_APB1PeriphClockCmd  stm32f4xx_rcc.o
    0x080029dc   0x080029dc   0x00000018   Code   RO         1117    i.RCC_APB1PeriphResetCmd  stm32f4xx_rcc.o
    0x080029f4   0x080029f4   0x00000018   Code   RO         1118    i.RCC_APB2PeriphClockCmd  stm32f4xx_rcc.o
    0x08002a0c   0x08002a0c   0x00000018   Code   RO         1120    i.RCC_APB2PeriphResetCmd  stm32f4xx_rcc.o
    0x08002a24   0x08002a24   0x00000090   Code   RO         1127    i.RCC_GetClocksFreq  stm32f4xx_rcc.o
    0x08002ab4   0x08002ab4   0x0000002c   Code   RO          576    i.Receive_Byte      ymodem.o
    0x08002ae0   0x08002ae0   0x0000008c   Code   RO          577    i.Receive_Packet    ymodem.o
    0x08002b6c   0x08002b6c   0x00000014   Code   RO         1751    i.SPI_CalculateCRC  stm32f4xx_spi.o
    0x08002b80   0x08002b80   0x00000014   Code   RO         1752    i.SPI_Cmd           stm32f4xx_spi.o
    0x08002b94   0x08002b94   0x00000084   Code   RO         1759    i.SPI_I2S_DeInit    stm32f4xx_spi.o
    0x08002c18   0x08002c18   0x0000000e   Code   RO         1760    i.SPI_I2S_GetFlagStatus  stm32f4xx_spi.o
    0x08002c26   0x08002c26   0x00000004   Code   RO         1763    i.SPI_I2S_ReceiveData  stm32f4xx_spi.o
    0x08002c2a   0x08002c2a   0x00000004   Code   RO         1764    i.SPI_I2S_SendData  stm32f4xx_spi.o
    0x08002c2e   0x08002c2e   0x00000038   Code   RO         1765    i.SPI_Init          stm32f4xx_spi.o
    0x08002c66   0x08002c66   0x00000024   Code   RO          529    i.STM_FLASH_Erase   stmflash.o
    0x08002c8a   0x08002c8a   0x00000010   Code   RO          531    i.STM_FLASH_Init    stmflash.o
    0x08002c9a   0x08002c9a   0x00000002   PAD
    0x08002c9c   0x08002c9c   0x00000050   Code   RO          532    i.STM_FLASH_Write   stmflash.o
    0x08002cec   0x08002cec   0x00000020   Code   RO          578    i.Send_Byte         ymodem.o
    0x08002d0c   0x08002d0c   0x000000b4   Code   RO          322    i.SetSysClock       system_stm32f4xx.o
    0x08002dc0   0x08002dc0   0x00000018   Code   RO          744    i.SysTick_CLKSourceConfig  misc.o
    0x08002dd8   0x08002dd8   0x00000014   Code   RO          402    i.SysTick_Handler   delay.o
    0x08002dec   0x08002dec   0x0000005c   Code   RO          324    i.SystemInit        system_stm32f4xx.o
    0x08002e48   0x08002e48   0x00000030   Code   RO          675    i.TIM6_DAC_IRQHandler  drv_time.o
    0x08002e78   0x08002e78   0x00000014   Code   RO         1912    i.TIM_ARRPreloadConfig  stm32f4xx_tim.o
    0x08002e8c   0x08002e8c   0x00000006   Code   RO         1919    i.TIM_ClearITPendingBit  stm32f4xx_tim.o
    0x08002e92   0x08002e92   0x00000014   Code   RO         1924    i.TIM_Cmd           stm32f4xx_tim.o
    0x08002ea6   0x08002ea6   0x00000018   Code   RO         1945    i.TIM_GetITStatus   stm32f4xx_tim.o
    0x08002ebe   0x08002ebe   0x00000010   Code   RO         1949    i.TIM_ITConfig      stm32f4xx_tim.o
    0x08002ece   0x08002ece   0x00000002   PAD
    0x08002ed0   0x08002ed0   0x0000007c   Code   RO         1996    i.TIM_TimeBaseInit  stm32f4xx_tim.o
    0x08002f4c   0x08002f4c   0x00000088   Code   RO         4068    i.USART2_IRQHandler  cli_serial.o
    0x08002fd4   0x08002fd4   0x00000014   Code   RO         1500    i.USART_Cmd         stm32f4xx_usart.o
    0x08002fe8   0x08002fe8   0x00000010   Code   RO         1501    i.USART_DMACmd      stm32f4xx_usart.o
    0x08002ff8   0x08002ff8   0x0000000e   Code   RO         1503    i.USART_GetFlagStatus  stm32f4xx_usart.o
    0x08003006   0x08003006   0x0000003e   Code   RO         1504    i.USART_GetITStatus  stm32f4xx_usart.o
    0x08003044   0x08003044   0x00000030   Code   RO         1506    i.USART_ITConfig    stm32f4xx_usart.o
    0x08003074   0x08003074   0x000000ac   Code   RO         1507    i.USART_Init        stm32f4xx_usart.o
    0x08003120   0x08003120   0x00000008   Code   RO         1514    i.USART_ReceiveData  stm32f4xx_usart.o
    0x08003128   0x08003128   0x00000008   Code   RO         1517    i.USART_SendData    stm32f4xx_usart.o
    0x08003130   0x08003130   0x00000002   Code   RO          270    i.UsageFault_Handler  stm32f4xx_it.o
    0x08003132   0x08003132   0x00000002   PAD
    0x08003134   0x08003134   0x00000074   Code   RO          618    i.Usart1_DMA2_Config  drv_usart1.o
    0x080031a8   0x080031a8   0x000001b0   Code   RO          579    i.Ymodem_Receive    ymodem.o
    0x08003358   0x08003358   0x00000030   Code   RO         5129    i.__ARM_fpclassify  m_wm.l(fpclassify.o)
    0x08003388   0x08003388   0x0000000e   Code   RO         4926    i._is_digit         c_w.l(__printf_wp.o)
    0x08003396   0x08003396   0x00000002   Code   RO         4069    i._sys_exit         cli_serial.o
    0x08003398   0x08003398   0x000001f4   Code   RO         4246    i.aai_write         sfud.o
    0x0800358c   0x0800358c   0x0000001e   Code   RO         4570    i.align_write       ef_env.o
    0x080035aa   0x080035aa   0x00000002   PAD
    0x080035ac   0x080035ac   0x000000d8   Code   RO         4571    i.alloc_env         ef_env.o
    0x08003684   0x08003684   0x0000002c   Code   RO         4572    i.alloc_env_cb      ef_env.o
    0x080036b0   0x080036b0   0x000000a8   Code   RO         4573    i.check_and_recovery_env_cb  ef_env.o
    0x08003758   0x08003758   0x00000074   Code   RO         4574    i.check_sec_hdr_cb  ef_env.o
    0x080037cc   0x080037cc   0x000001ec   Code   RO         4575    i.create_env_blob   ef_env.o
    0x080039b8   0x080039b8   0x000000b4   Code   RO         4576    i.del_env           ef_env.o
    0x08003a6c   0x08003a6c   0x00000038   Code   RO          403    i.delay_init        delay.o
    0x08003aa4   0x08003aa4   0x00000034   Code   RO          405    i.delay_us          delay.o
    0x08003ad8   0x08003ad8   0x00000100   Code   RO         4577    i.do_gc             ef_env.o
    0x08003bd8   0x08003bd8   0x00000040   Code   RO          655    i.drv_LED_Init      drv_led.o
    0x08003c18   0x08003c18   0x00000078   Code   RO          676    i.drv_TIM6_Init     drv_time.o
    0x08003c90   0x08003c90   0x0000008c   Code   RO          621    i.drv_Usart1_Init   drv_usart1.o
    0x08003d1c   0x08003d1c   0x00000044   Code   RO          713    i.drv_key_Init      drv_key.o
    0x08003d60   0x08003d60   0x00000074   Code   RO         3346    i.eTaskGetState     tasks.o
    0x08003dd4   0x08003dd4   0x00000098   Code   RO         4463    i.easyflash_init    easyflash.o
    0x08003e6c   0x08003e6c   0x00000024   Code   RO         4476    i.ef_calc_crc32     ef_utils.o
    0x08003e90   0x08003e90   0x00000054   Code   RO         4579    i.ef_del_env        ef_env.o
    0x08003ee4   0x08003ee4   0x000000dc   Code   RO         4580    i.ef_env_init       ef_env.o
    0x08003fc0   0x08003fc0   0x0000011c   Code   RO         4581    i.ef_env_set_default  ef_env.o
    0x080040dc   0x080040dc   0x00000080   Code   RO         4806    i.ef_erase_bak_app  ef_iap.o
    0x0800415c   0x0800415c   0x00000074   Code   RO         4582    i.ef_get_env        ef_env.o
    0x080041d0   0x080041d0   0x00000074   Code   RO         4583    i.ef_get_env_blob   ef_env.o
    0x08004244   0x08004244   0x00000010   Code   RO         4811    i.ef_iap_init       ef_iap.o
    0x08004254   0x08004254   0x0000001a   Code   RO         4584    i.ef_is_str         ef_env.o
    0x0800426e   0x0800426e   0x00000002   PAD
    0x08004270   0x08004270   0x0000004c   Code   RO         4585    i.ef_load_env       ef_env.o
    0x080042bc   0x080042bc   0x00000050   Code   RO         4492    i.ef_log_debug      ef_port.o
    0x0800430c   0x0800430c   0x00000040   Code   RO         4493    i.ef_log_info       ef_port.o
    0x0800434c   0x0800434c   0x00000004   Code   RO         4494    i.ef_port_env_lock  ef_port.o
    0x08004350   0x08004350   0x00000004   Code   RO         4495    i.ef_port_env_unlock  ef_port.o
    0x08004354   0x08004354   0x000000a4   Code   RO         4496    i.ef_port_erase     ef_port.o
    0x080043f8   0x080043f8   0x00000018   Code   RO         4497    i.ef_port_init      ef_port.o
    0x08004410   0x08004410   0x00000020   Code   RO         4498    i.ef_port_read      ef_port.o
    0x08004430   0x08004430   0x00000024   Code   RO         4499    i.ef_port_write     ef_port.o
    0x08004454   0x08004454   0x00000024   Code   RO         4500    i.ef_print          ef_port.o
    0x08004478   0x08004478   0x0000009c   Code   RO         4586    i.ef_print_env      ef_env.o
    0x08004514   0x08004514   0x0000001a   Code   RO         4589    i.ef_set_env        ef_env.o
    0x0800452e   0x0800452e   0x00000002   PAD
    0x08004530   0x08004530   0x00000050   Code   RO         4590    i.ef_set_env_blob   ef_env.o
    0x08004580   0x08004580   0x000000bc   Code   RO         4812    i.ef_write_data_to_bak  ef_iap.o
    0x0800463c   0x0800463c   0x00000062   Code   RO         4591    i.env_iterator      ef_env.o
    0x0800469e   0x0800469e   0x00000002   PAD
    0x080046a0   0x080046a0   0x00000020   Code   RO         4592    i.find_env          ef_env.o
    0x080046c0   0x080046c0   0x00000038   Code   RO         4593    i.find_env_cb       ef_env.o
    0x080046f8   0x080046f8   0x000000d0   Code   RO         4594    i.format_sector     ef_env.o
    0x080047c8   0x080047c8   0x00000018   Code   RO         4070    i.fputc             cli_serial.o
    0x080047e0   0x080047e0   0x0000000e   Code   RO         4595    i.gc_check_cb       ef_env.o
    0x080047ee   0x080047ee   0x00000002   PAD
    0x080047f0   0x080047f0   0x000000b8   Code   RO         4596    i.gc_collect        ef_env.o
    0x080048a8   0x080048a8   0x00000040   Code   RO         4597    i.get_next_env_addr  ef_env.o
    0x080048e8   0x080048e8   0x00000034   Code   RO         4598    i.get_next_sector_addr  ef_env.o
    0x0800491c   0x0800491c   0x00000028   Code   RO         4599    i.get_status        ef_env.o
    0x08004944   0x08004944   0x00000078   Code   RO         4399    i.gpio_configuration  sfud_port.o
    0x080049bc   0x080049bc   0x00000258   Code   RO         4247    i.hardware_init     sfud.o
    0x08004c14   0x08004c14   0x0000006c   Code   RO            7    i.main              main.o
    0x08004c80   0x08004c80   0x000000ac   Code   RO         4248    i.make_adress_byte_array  sfud.o
    0x08004d2c   0x08004d2c   0x00000130   Code   RO         4600    i.move_env          ef_env.o
    0x08004e5c   0x08004e5c   0x00000070   Code   RO         4601    i.new_env           ef_env.o
    0x08004ecc   0x08004ecc   0x00000218   Code   RO         4249    i.page256_or_1_byte_write  sfud.o
    0x080050e4   0x080050e4   0x000000cc   Code   RO         4602    i.print_env_cb      ef_env.o
    0x080051b0   0x080051b0   0x00000070   Code   RO         3348    i.prvAddCurrentTaskToDelayedList  tasks.o
    0x08005220   0x08005220   0x000000d4   Code   RO         3349    i.prvAddNewTaskToReadyList  tasks.o
    0x080052f4   0x080052f4   0x00000050   Code   RO         3705    i.prvCheckForValidListAndQueue  timers.o
    0x08005344   0x08005344   0x00000026   Code   RO         2997    i.prvCopyDataFromQueue  queue.o
    0x0800536a   0x0800536a   0x0000006c   Code   RO         2998    i.prvCopyDataToQueue  queue.o
    0x080053d6   0x080053d6   0x00000002   PAD
    0x080053d8   0x080053d8   0x000000c4   Code   RO         4148    i.prvDelEnv         cmd_fun.o
    0x0800549c   0x0800549c   0x00000014   Code   RO         3350    i.prvDeleteTCB      tasks.o
    0x080054b0   0x080054b0   0x000000cc   Code   RO         4149    i.prvGetEnv         cmd_fun.o
    0x0800557c   0x0800557c   0x0000004c   Code   RO         3921    i.prvHeapInit       heap_4.o
    0x080055c8   0x080055c8   0x0000002c   Code   RO         3974    i.prvHelpCommand    freertos_cli.o
    0x080055f4   0x080055f4   0x0000005c   Code   RO         3351    i.prvIdleTask       tasks.o
    0x08005650   0x08005650   0x000000ae   Code   RO         3352    i.prvInitialiseNewTask  tasks.o
    0x080056fe   0x080056fe   0x00000002   PAD
    0x08005700   0x08005700   0x0000004c   Code   RO         3922    i.prvInsertBlockIntoFreeList  heap_4.o
    0x0800574c   0x0800574c   0x00000038   Code   RO         3706    i.prvInsertTimerInActiveList  timers.o
    0x08005784   0x08005784   0x0000001a   Code   RO         2999    i.prvIsQueueEmpty   queue.o
    0x0800579e   0x0800579e   0x00000056   Code   RO         3353    i.prvListTasksWithinSingleList  tasks.o
    0x080057f4   0x080057f4   0x00000098   Code   RO         4150    i.prvParameterEchoCommand  cmd_fun.o
    0x0800588c   0x0800588c   0x00000044   Code   RO         4151    i.prvPrintEnv       cmd_fun.o
    0x080058d0   0x080058d0   0x000000f0   Code   RO         3707    i.prvProcessReceivedCommands  timers.o
    0x080059c0   0x080059c0   0x000000c0   Code   RO         3708    i.prvProcessTimerOrBlockTask  timers.o
    0x08005a80   0x08005a80   0x0000006c   Code   RO         4152    i.prvResetEnv       cmd_fun.o
    0x08005aec   0x08005aec   0x00000020   Code   RO         3354    i.prvResetNextTaskUnblockTime  tasks.o
    0x08005b0c   0x08005b0c   0x0000005c   Code   RO         4153    i.prvRunTimeStatsCommand  cmd_fun.o
    0x08005b68   0x08005b68   0x00000028   Code   RO         3709    i.prvSampleTimeNow  timers.o
    0x08005b90   0x08005b90   0x0000010c   Code   RO         4154    i.prvSetEnv         cmd_fun.o
    0x08005c9c   0x08005c9c   0x0000006c   Code   RO         3710    i.prvSwitchTimerLists  timers.o
    0x08005d08   0x08005d08   0x00000028   Code   RO         3845    i.prvTaskExitError  port.o
    0x08005d30   0x08005d30   0x0000005c   Code   RO         4155    i.prvTaskStatsCommand  cmd_fun.o
    0x08005d8c   0x08005d8c   0x000000b4   Code   RO         4156    i.prvThreeParameterEchoCommand  cmd_fun.o
    0x08005e40   0x08005e40   0x00000028   Code   RO         3711    i.prvTimerTask      timers.o
    0x08005e68   0x08005e68   0x0000006a   Code   RO         3000    i.prvUnlockQueue    queue.o
    0x08005ed2   0x08005ed2   0x00000002   PAD
    0x08005ed4   0x08005ed4   0x00000070   Code   RO         4157    i.prvUpDate         cmd_fun.o
    0x08005f44   0x08005f44   0x00000022   Code   RO         3356    i.prvWriteNameToBuffer  tasks.o
    0x08005f66   0x08005f66   0x00000002   PAD
    0x08005f68   0x08005f68   0x000000d8   Code   RO         3923    i.pvPortMalloc      heap_4.o
    0x08006040   0x08006040   0x0000002c   Code   RO         3846    i.pxPortInitialiseStack  port.o
    0x0800606c   0x0800606c   0x00000178   Code   RO         4603    i.read_env          ef_env.o
    0x080061e4   0x080061e4   0x000000a4   Code   RO         4250    i.read_jedec_id     sfud.o
    0x08006288   0x08006288   0x00000188   Code   RO         4604    i.read_sector_meta_data  ef_env.o
    0x08006410   0x08006410   0x00000090   Code   RO         4605    i.read_status       ef_env.o
    0x080064a0   0x080064a0   0x00000118   Code   RO         4251    i.reset             sfud.o
    0x080065b8   0x080065b8   0x00000006   Code   RO          407    i.retry_delay_100us  delay.o
    0x080065be   0x080065be   0x00000056   Code   RO         4606    i.sector_iterator   ef_env.o
    0x08006614   0x08006614   0x00000022   Code   RO         4607    i.sector_statistics_cb  ef_env.o
    0x08006636   0x08006636   0x00000002   PAD
    0x08006638   0x08006638   0x00000124   Code   RO         4252    i.set_4_byte_address_mode  sfud.o
    0x0800675c   0x0800675c   0x00000088   Code   RO         4608    i.set_env           ef_env.o
    0x080067e4   0x080067e4   0x0000002c   Code   RO         4609    i.set_status        ef_env.o
    0x08006810   0x08006810   0x000000d0   Code   RO         4253    i.set_write_enabled  sfud.o
    0x080068e0   0x080068e0   0x00000140   Code   RO         4254    i.sfud_chip_erase   sfud.o
    0x08006a20   0x08006a20   0x000000e8   Code   RO         4255    i.sfud_device_init  sfud.o
    0x08006b08   0x08006b08   0x000001d0   Code   RO         4256    i.sfud_erase        sfud.o
    0x08006cd8   0x08006cd8   0x00000008   Code   RO         4260    i.sfud_get_device_table  sfud.o
    0x08006ce0   0x08006ce0   0x000000a4   Code   RO         4261    i.sfud_init         sfud.o
    0x08006d84   0x08006d84   0x00000044   Code   RO         4400    i.sfud_log_debug    sfud_port.o
    0x08006dc8   0x08006dc8   0x00000038   Code   RO         4401    i.sfud_log_info     sfud_port.o
    0x08006e00   0x08006e00   0x00000144   Code   RO         4262    i.sfud_read         sfud.o
    0x08006f44   0x08006f44   0x00000098   Code   RO         4263    i.sfud_read_status  sfud.o
    0x08006fdc   0x08006fdc   0x000000b0   Code   RO         4402    i.sfud_spi_port_init  sfud_port.o
    0x0800708c   0x0800708c   0x0000002a   Code   RO         4264    i.sfud_write        sfud.o
    0x080070b6   0x080070b6   0x00000002   PAD
    0x080070b8   0x080070b8   0x000000e0   Code   RO         4265    i.sfud_write_status  sfud.o
    0x08007198   0x08007198   0x00000004   Code   RO         4403    i.spi_lock          sfud_port.o
    0x0800719c   0x0800719c   0x00000004   Code   RO         4404    i.spi_unlock        sfud_port.o
    0x080071a0   0x080071a0   0x0000012c   Code   RO         4405    i.spi_write_read    sfud_port.o
    0x080072cc   0x080072cc   0x0000004c   Code   RO         4610    i.update_sec_status  ef_env.o
    0x08007318   0x08007318   0x00000026   Code   RO         2957    i.uxListRemove      list.o
    0x0800733e   0x0800733e   0x00000002   PAD
    0x08007340   0x08007340   0x000000b0   Code   RO         3360    i.uxTaskGetSystemState  tasks.o
    0x080073f0   0x080073f0   0x00000016   Code   RO         2958    i.vListInitialise   list.o
    0x08007406   0x08007406   0x00000006   Code   RO         2959    i.vListInitialiseItem  list.o
    0x0800740c   0x0800740c   0x00000030   Code   RO         2960    i.vListInsert       list.o
    0x0800743c   0x0800743c   0x00000018   Code   RO         2961    i.vListInsertEnd    list.o
    0x08007454   0x08007454   0x00000040   Code   RO         3848    i.vPortEnterCritical  port.o
    0x08007494   0x08007494   0x00000028   Code   RO         3849    i.vPortExitCritical  port.o
    0x080074bc   0x080074bc   0x0000005c   Code   RO         3924    i.vPortFree         heap_4.o
    0x08007518   0x08007518   0x00000024   Code   RO         3850    i.vPortSetupTimerInterrupt  port.o
    0x0800753c   0x0800753c   0x00000060   Code   RO         3851    i.vPortValidateInterruptPriority  port.o
    0x0800759c   0x0800759c   0x00000024   Code   RO         3006    i.vQueueAddToRegistry  queue.o
    0x080075c0   0x080075c0   0x00000044   Code   RO         3010    i.vQueueWaitForMessageRestricted  queue.o
    0x08007604   0x08007604   0x0000004c   Code   RO         3365    i.vTaskDelay        tasks.o
    0x08007650   0x08007650   0x00000080   Code   RO         3369    i.vTaskGetInfo      tasks.o
    0x080076d0   0x080076d0   0x000000a4   Code   RO         3370    i.vTaskGetRunTimeStats  tasks.o
    0x08007774   0x08007774   0x00000010   Code   RO         3371    i.vTaskInternalSetTimeOutState  tasks.o
    0x08007784   0x08007784   0x000000a8   Code   RO         3372    i.vTaskList         tasks.o
    0x0800782c   0x0800782c   0x0000000c   Code   RO         3373    i.vTaskMissedYield  tasks.o
    0x08007838   0x08007838   0x00000030   Code   RO         3375    i.vTaskPlaceOnEventList  tasks.o
    0x08007868   0x08007868   0x00000038   Code   RO         3376    i.vTaskPlaceOnEventListRestricted  tasks.o
    0x080078a0   0x080078a0   0x00000078   Code   RO         3384    i.vTaskStartScheduler  tasks.o
    0x08007918   0x08007918   0x00000010   Code   RO         3386    i.vTaskSuspendAll   tasks.o
    0x08007928   0x08007928   0x00000078   Code   RO         3387    i.vTaskSwitchContext  tasks.o
    0x080079a0   0x080079a0   0x000000cc   Code   RO         4266    i.wait_busy         sfud.o
    0x08007a6c   0x08007a6c   0x000000cc   Code   RO         4611    i.write_status      ef_env.o
    0x08007b38   0x08007b38   0x000000f4   Code   RO         3852    i.xPortStartScheduler  port.o
    0x08007c2c   0x08007c2c   0x0000002c   Code   RO         3853    i.xPortSysTickHandler  port.o
    0x08007c58   0x08007c58   0x00000052   Code   RO         3013    i.xQueueGenericCreate  queue.o
    0x08007caa   0x08007caa   0x00000002   PAD
    0x08007cac   0x08007cac   0x00000088   Code   RO         3014    i.xQueueGenericReset  queue.o
    0x08007d34   0x08007d34   0x00000164   Code   RO         3015    i.xQueueGenericSend  queue.o
    0x08007e98   0x08007e98   0x000000bc   Code   RO         3016    i.xQueueGenericSendFromISR  queue.o
    0x08007f54   0x08007f54   0x00000138   Code   RO         3023    i.xQueueReceive     queue.o
    0x0800808c   0x0800808c   0x0000009a   Code   RO         3024    i.xQueueReceiveFromISR  queue.o
    0x08008126   0x08008126   0x00000002   PAD
    0x08008128   0x08008128   0x00000074   Code   RO         3388    i.xTaskCheckForTimeOut  tasks.o
    0x0800819c   0x0800819c   0x00000056   Code   RO         3389    i.xTaskCreate       tasks.o
    0x080081f2   0x080081f2   0x00000002   PAD
    0x080081f4   0x080081f4   0x0000001c   Code   RO         3393    i.xTaskGetSchedulerState  tasks.o
    0x08008210   0x08008210   0x0000000c   Code   RO         3394    i.xTaskGetTickCount  tasks.o
    0x0800821c   0x0800821c   0x000000c8   Code   RO         3396    i.xTaskIncrementTick  tasks.o
    0x080082e4   0x080082e4   0x00000098   Code   RO         3399    i.xTaskPriorityDisinherit  tasks.o
    0x0800837c   0x0800837c   0x00000074   Code   RO         3401    i.xTaskRemoveFromEventList  tasks.o
    0x080083f0   0x080083f0   0x000000c4   Code   RO         3402    i.xTaskResumeAll    tasks.o
    0x080084b4   0x080084b4   0x0000004c   Code   RO         3718    i.xTimerCreateTimerTask  timers.o
    0x08008500   0x08008500   0x0000005c   Code   RO         3719    i.xTimerGenericCommand  timers.o
    0x0800855c   0x0800855c   0x000000b0   Code   RO         4076    i.xUsart2Init       cli_serial.o
    0x0800860c   0x0800860c   0x0000002c   Code   RO         5113    locale$$code        c_w.l(lc_ctype_c.o)
    0x08008638   0x08008638   0x0000002c   Code   RO         5116    locale$$code        c_w.l(lc_numeric_c.o)
    0x08008664   0x08008664   0x0000000a   Code   RO         5189    x$fpl$fpinit        fz_wm.l(fpinit.o)
    0x0800866e   0x0800866e   0x00000004   Code   RO         5029    x$fpl$printf1       fz_wm.l(printf1.o)
    0x08008672   0x08008672   0x00000004   Code   RO         5031    x$fpl$printf2       fz_wm.l(printf2.o)
    0x08008676   0x08008676   0x00000000   Code   RO         5128    x$fpl$usenofp       fz_wm.l(usenofp.o)
    0x08008676   0x08008676   0x00000002   PAD
    0x08008678   0x08008678   0x00000010   Data   RO         3976    .constdata          freertos_cli.o
    0x08008688   0x08008688   0x000000a0   Data   RO         4158    .constdata          cmd_fun.o
    0x08008728   0x08008728   0x000002ff   Data   RO         4268    .constdata          sfud.o
    0x08008a27   0x08008a27   0x0000000f   Data   RO         4407    .constdata          sfud_port.o
    0x08008a36   0x08008a36   0x00000002   PAD
    0x08008a38   0x08008a38   0x00000400   Data   RO         4477    .constdata          ef_utils.o
    0x08008e38   0x08008e38   0x000000b6   Data   RO         4502    .constdata          ef_port.o
    0x08008eee   0x08008eee   0x00000065   Data   RO         4613    .constdata          ef_env.o
    0x08008f53   0x08008f53   0x00000028   Data   RO         4914    .constdata          c_w.l(_printf_hex_int_ll_ptr.o)
    0x08008f7b   0x08008f7b   0x00000011   Data   RO         4934    .constdata          c_w.l(__printf_flags_ss_wp.o)
    0x08008f8c   0x08008f8c   0x00000008   Data   RO         4997    .constdata          c_w.l(_printf_wctomb.o)
    0x08008f94   0x08008f94   0x00000026   Data   RO         5062    .constdata          c_w.l(_printf_fp_hex.o)
    0x08008fba   0x08008fba   0x00000002   PAD
    0x08008fbc   0x08008fbc   0x00000094   Data   RO         5088    .constdata          c_w.l(bigflt0.o)
    0x08009050   0x08009050   0x00000035   Data   RO         3977    .conststring        freertos_cli.o
    0x08009085   0x08009085   0x00000003   PAD
    0x08009088   0x08009088   0x0000035d   Data   RO         4159    .conststring        cmd_fun.o
    0x080093e5   0x080093e5   0x00000003   PAD
    0x080093e8   0x080093e8   0x000001e5   Data   RO         4269    .conststring        sfud.o
    0x080095cd   0x080095cd   0x00000003   PAD
    0x080095d0   0x080095d0   0x0000004a   Data   RO         4464    .conststring        easyflash.o
    0x0800961a   0x0800961a   0x00000002   PAD
    0x0800961c   0x0800961c   0x00000113   Data   RO         4503    .conststring        ef_port.o
    0x0800972f   0x0800972f   0x00000001   PAD
    0x08009730   0x08009730   0x000000ec   Data   RO         4614    .conststring        ef_env.o
    0x0800981c   0x0800981c   0x00000020   Data   RO         5253    Region$$Table       anon$$obj.o
    0x0800983c   0x0800983c   0x00000110   Data   RO         5112    locale$$data        c_w.l(lc_ctype_c.o)
    0x0800994c   0x0800994c   0x0000001c   Data   RO         5115    locale$$data        c_w.l(lc_numeric_c.o)


    Execution Region RW_IRAM1 (Exec base: 0x20000000, Load base: 0x08009968, Size: 0x00006198, Max: 0x00020000, ABSOLUTE, COMPRESSED[0x00000040])

    Exec Addr    Load Addr    Size         Type   Attr      Idx    E Section Name        Object

    0x20000000   COMPRESSED   0x00000008   Data   RW            9    .data               main.o
    0x20000008   COMPRESSED   0x00000014   Data   RW          325    .data               system_stm32f4xx.o
    0x2000001c   COMPRESSED   0x00000008   Data   RW          360    .data               iap.o
    0x20000024   COMPRESSED   0x00000004   Data   RW          408    .data               delay.o
    0x20000028   COMPRESSED   0x00000004   Data   RW          581    .data               ymodem.o
    0x2000002c   COMPRESSED   0x00000008   Data   RW          678    .data               drv_time.o
    0x20000034   COMPRESSED   0x00000010   Data   RW         1159    .data               stm32f4xx_rcc.o
    0x20000044   COMPRESSED   0x00000044   Data   RW         3405    .data               tasks.o
    0x20000088   COMPRESSED   0x00000014   Data   RW         3725    .data               timers.o
    0x2000009c   COMPRESSED   0x0000000c   Data   RW         3854    .data               port.o
    0x200000a8   COMPRESSED   0x00000018   Data   RW         3929    .data               heap_4.o
    0x200000c0   COMPRESSED   0x00000014   Data   RW         3979    .data               freertos_cli.o
    0x200000d4   COMPRESSED   0x00000008   Data   RW         4077    .data               cli_serial.o
    0x200000dc   COMPRESSED   0x00000004   Data   RW         4078    .data               cli_serial.o
    0x200000e0   COMPRESSED   0x00000008   Data   RW         4160    .data               cmd_fun.o
    0x200000e8   COMPRESSED   0x00000044   Data   RW         4270    .data               sfud.o
    0x2000012c   COMPRESSED   0x0000000c   Data   RW         4408    .data               sfud_port.o
    0x20000138   COMPRESSED   0x00000010   Data   RW         4615    .data               ef_env.o
    0x20000148   COMPRESSED   0x00000004   Data   RW         4813    .data               ef_iap.o
    0x2000014c        -       0x00000400   Zero   RW          359    .bss                iap.o
    0x2000054c        -       0x00000100   Zero   RW          580    .bss                ymodem.o
    0x2000064c        -       0x00000040   Zero   RW         3027    .bss                queue.o
    0x2000068c        -       0x0000012c   Zero   RW         3404    .bss                tasks.o
    0x200007b8        -       0x00000028   Zero   RW         3724    .bss                timers.o
    0x200007e0        -       0x00005000   Zero   RW         3928    .bss                heap_4.o
    0x200057e0        -       0x00000105   Zero   RW         4267    .bss                sfud.o
    0x200058e5        -       0x00000100   Zero   RW         4406    .bss                sfud_port.o
    0x200059e5        -       0x00000080   Zero   RW         4501    .bss                ef_port.o
    0x20005a65   COMPRESSED   0x00000003   PAD
    0x20005a68        -       0x000000d0   Zero   RW         4612    .bss                ef_env.o
    0x20005b38        -       0x00000060   Zero   RW         5038    .bss                c_w.l(libspace.o)
    0x20005b98        -       0x00000200   Zero   RW         2838    HEAP                startup_stm32f40_41xxx.o
    0x20005d98        -       0x00000400   Zero   RW         2837    STACK               startup_stm32f40_41xxx.o


==============================================================================

Image component sizes


      Code (inc. data)   RO Data    RW Data    ZI Data      Debug   Object Name

       338         26          0         12          0       4649   cli_serial.o
      1500        486       1021          8          0      13623   cmd_fun.o
       134         10          0          4          0       3066   delay.o
        68         10          0          0          0        547   drv_key.o
        64          6          0          0          0        563   drv_led.o
       168         22          0          8          0       1805   drv_time.o
       256         20          0          0          0       1830   drv_usart1.o
       152         90         74          0          0       1033   easyflash.o
      5546       2064        337         16        208      36271   ef_env.o
       332        216          0          4          0       2732   ef_iap.o
       444        182        457          0        128       6822   ef_port.o
        36          4       1024          0          0       1260   ef_utils.o
         0          0          0          0          0       9652   event_groups.o
       194         12         69         20          0       5542   freertos_cli.o
       460         24          0         24      20480       4503   heap_4.o
       400        184          0          8       1024       4576   iap.o
         0          0          0          0          0       3460   ini.o
       138          0          0          0          0       3222   list.o
       264        108          0          8          0     331004   main.o
       144         14          0          0          0       2397   misc.o
       798         78          0         12          0      11449   port.o
      1610         18          0          0         64      17097   queue.o
      4886       2322       1252         68        261      19240   sfud.o
       728        174         15         12        256      10114   sfud_port.o
        64         26        392          0       1536        868   startup_stm32f40_41xxx.o
       396         24          0          0          0       3594   stm32f4xx_dma.o
       306         32          0          0          0       4704   stm32f4xx_flash.o
       160          0          0          0          0       3215   stm32f4xx_gpio.o
        86         50          0          0          0       3009   stm32f4xx_it.o
       264         42          0         16          0       6441   stm32f4xx_rcc.o
       250         24          0          0          0       5342   stm32f4xx_spi.o
       210         28          0          0          0       5820   stm32f4xx_tim.o
       348          8          0          0          0       6900   stm32f4xx_usart.o
       320         46          0          0          0       3297   stmflash.o
       272         36          0         20          0       1893   system_stm32f4xx.o
      2884        252          0         68        300      30149   tasks.o
       924         84          0         20         40      22039   timers.o
         0          0          0          0          0       1900   uartcommandconsole.o
       648         44          0          4        256       4788   ymodem.o

    ----------------------------------------------------------------------
     25834       6766       4687        332      24556     600416   Object Totals
         0          0         32          0          0          0   (incl. Generated)
        42          0         14          0          3          0   (incl. Padding)

    ----------------------------------------------------------------------

      Code (inc. data)   RO Data    RW Data    ZI Data      Debug   Library Member Name

        24          4          0          0          0         84   __2printf.o
        44          6          0          0          0         84   __2sprintf.o
        90          0          0          0          0          0   __dczerorl2.o
         8          0          0          0          0         68   __main.o
       392          4         17          0          0         92   __printf_flags_ss_wp.o
        14          0          0          0          0         68   __printf_wp.o
         0          0          0          0          0          0   __rtentry.o
        12          0          0          0          0          0   __rtentry2.o
         6          0          0          0          0          0   __rtentry4.o
        52          8          0          0          0          0   __scatter.o
        28          0          0          0          0          0   __scatter_zi.o
        28          0          0          0          0         68   _chval.o
         6          0          0          0          0          0   _printf_a.o
         6          0          0          0          0          0   _printf_c.o
        44          0          0          0          0        108   _printf_char.o
        48          6          0          0          0         96   _printf_char_common.o
        36          4          0          0          0         80   _printf_char_file.o
        40          0          0          0          0         68   _printf_charcount.o
         6          0          0          0          0          0   _printf_d.o
       120         16          0          0          0         92   _printf_dec.o
         6          0          0          0          0          0   _printf_e.o
         6          0          0          0          0          0   _printf_f.o
      1054          0          0          0          0        216   _printf_fp_dec.o
       764          8         38          0          0        100   _printf_fp_hex.o
       128         16          0          0          0         84   _printf_fp_infnan.o
         6          0          0          0          0          0   _printf_g.o
       148          4         40          0          0        160   _printf_hex_int_ll_ptr.o
         6          0          0          0          0          0   _printf_i.o
       178          0          0          0          0         88   _printf_intcommon.o
        10          0          0          0          0          0   _printf_l.o
         6          0          0          0          0          0   _printf_lc.o
        10          0          0          0          0          0   _printf_ll.o
         6          0          0          0          0          0   _printf_lld.o
         6          0          0          0          0          0   _printf_lli.o
         6          0          0          0          0          0   _printf_llo.o
         6          0          0          0          0          0   _printf_llu.o
         6          0          0          0          0          0   _printf_llx.o
       124         16          0          0          0         92   _printf_longlong_dec.o
         6          0          0          0          0          0   _printf_ls.o
         6          0          0          0          0          0   _printf_n.o
         6          0          0          0          0          0   _printf_o.o
       112         10          0          0          0        124   _printf_oct_int_ll.o
         6          0          0          0          0          0   _printf_p.o
        78          0          0          0          0        108   _printf_pad.o
         0          0          0          0          0          0   _printf_percent.o
         4          0          0          0          0          0   _printf_percent_end.o
         6          0          0          0          0          0   _printf_s.o
        82          0          0          0          0         80   _printf_str.o
        36          0          0          0          0         84   _printf_truncate.o
         6          0          0          0          0          0   _printf_u.o
        44          0          0          0          0        108   _printf_wchar.o
       188          6          8          0          0         92   _printf_wctomb.o
         6          0          0          0          0          0   _printf_x.o
        16          0          0          0          0         68   _snputc.o
        10          0          0          0          0         68   _sputc.o
       158          0          0          0          0         92   _strtoul.o
        64          0          0          0          0         92   _wcrtomb.o
        16          0          0          0          0         68   aeabi_memset.o
        26          0          0          0          0         80   atoi.o
        26          0          0          0          0         80   atol.o
       228          4        148          0          0         96   bigflt0.o
      1936        128          0          0          0        672   btod.o
        18          0          0          0          0         80   exit.o
         8          0          0          0          0         68   ferror.o
         6          0          0          0          0        152   heapauxi.o
        44         10        272          0          0         76   lc_ctype_c.o
        44         10         28          0          0         76   lc_numeric_c.o
         2          0          0          0          0          0   libinit.o
        34          0          0          0          0          0   libinit2.o
         2          0          0          0          0          0   libshutdown.o
         2          0          0          0          0          0   libshutdown2.o
         8          4          0          0         96         68   libspace.o
       138          0          0          0          0         80   lludiv10.o
        16          4          0          0          0         76   rt_ctype_table.o
         8          4          0          0          0         68   rt_errno_addr_intlibspace.o
         8          4          0          0          0         68   rt_locale_intlibspace.o
        68          0          0          0          0         68   rt_memclr.o
        78          0          0          0          0         80   rt_memclr_w.o
       138          0          0          0          0         68   rt_memcpy_v6.o
       100          0          0          0          0         80   rt_memcpy_w.o
         2          0          0          0          0          0   rtexit.o
        10          0          0          0          0          0   rtexit2.o
        24          0          0          0          0         68   strcat.o
       128          0          0          0          0         68   strcmpv7m.o
        72          0          0          0          0         80   strcpy.o
        62          0          0          0          0         76   strlen.o
        36          0          0          0          0         76   strncat.o
       150          0          0          0          0         80   strncmp.o
        86          0          0          0          0         76   strncpy.o
       112          0          0          0          0         88   strtol.o
        74          0          0          0          0         80   sys_stackheap_outer.o
         2          0          0          0          0         68   use_no_semi.o
         2          0          0          0          0         68   use_no_semi_2.o
        52          4          0          0          0         80   vsnprintf.o
        36          4          0          0          0         76   vsprintf.o
        10          0          0          0          0        116   fpinit.o
         4          0          0          0          0        116   printf1.o
         4          0          0          0          0        116   printf2.o
         0          0          0          0          0          0   usenofp.o
        48          0          0          0          0        124   fpclassify.o

    ----------------------------------------------------------------------
      8198        284        553          0         96       6124   Library Totals
        16          0          2          0          0          0   (incl. Padding)

    ----------------------------------------------------------------------

      Code (inc. data)   RO Data    RW Data    ZI Data      Debug   Library Name

      8116        284        551          0         96       5652   c_w.l
        18          0          0          0          0        348   fz_wm.l
        48          0          0          0          0        124   m_wm.l

    ----------------------------------------------------------------------
      8198        284        553          0         96       6124   Library Totals

    ----------------------------------------------------------------------

==============================================================================


      Code (inc. data)   RO Data    RW Data    ZI Data      Debug   

     34032       7050       5240        332      24652     579864   Grand Totals
     34032       7050       5240         64      24652     579864   ELF Image Totals (compressed)
     34032       7050       5240         64          0          0   ROM Totals

==============================================================================

    Total RO  Size (Code + RO Data)                39272 (  38.35kB)
    Total RW  Size (RW Data + ZI Data)             24984 (  24.40kB)
    Total ROM Size (Code + RO Data + RW Data)      39336 (  38.41kB)

==============================================================================

